Archive member included to satisfy reference by file (symbol)

C:/devkitPro/libctru/lib\libctru.a(console.o)
                              main.o (consoleInit)
C:/devkitPro/libctru/lib\libctru.a(gfx.o)
                              C:/devkitPro/libctru/lib\libctru.a(console.o) (gfxSetScreenFormat)
C:/devkitPro/libctru/lib\libctru.a(gx.o)
                              C:/devkitPro/libctru/lib\libctru.a(gfx.o) (gxCmdBuf)
C:/devkitPro/libctru/lib\libctru.a(gspgpu.o)
                              C:/devkitPro/libctru/lib\libctru.a(gfx.o) (gspInit)
C:/devkitPro/libctru/lib\libctru.a(apt.o)
                              main.o (aptMainLoop)
C:/devkitPro/libctru/lib\libctru.a(hid.o)
                              main.o (hidScanInput)
C:/devkitPro/libctru/lib\libctru.a(initSystem.o)
                              C:/devkitPro/libctru/lib\libctru.a(apt.o) (__system_retAddr)
C:/devkitPro/libctru/lib\libctru.a(syscalls.o)
                              C:/devkitPro/libctru/lib\libctru.a(initSystem.o) (__system_initSyscalls)
C:/devkitPro/libctru/lib\libctru.a(allocateHeaps.o)
                              C:/devkitPro/libctru/lib\libctru.a(initSystem.o) (__system_allocateHeaps)
C:/devkitPro/libctru/lib\libctru.a(initArgv.o)
                              C:/devkitPro/libctru/lib\libctru.a(initSystem.o) (__system_initArgv)
C:/devkitPro/libctru/lib\libctru.a(svc.o)
                              C:/devkitPro/libctru/lib\libctru.a(allocateHeaps.o) (svcControlMemory)
C:/devkitPro/libctru/lib\libctru.a(stack_adjust.o)
                              c:/devkitpro/devkitarm/bin/../lib/gcc/arm-none-eabi/9.1.0/../../../../arm-none-eabi/lib/armv6k/fpu/3dsx_crt0.o (initSystem)
C:/devkitPro/libctru/lib\libctru.a(default_font.bin.o)
                              C:/devkitPro/libctru/lib\libctru.a(console.o) (default_font_bin)
C:/devkitPro/libctru/lib\libctru.a(vram.o)
                              C:/devkitPro/libctru/lib\libctru.a(gfx.o) (vramAlloc)
C:/devkitPro/libctru/lib\libctru.a(mappable.o)
                              C:/devkitPro/libctru/lib\libctru.a(gfx.o) (mappableAlloc)
C:/devkitPro/libctru/lib\libctru.a(linear.o)
                              C:/devkitPro/libctru/lib\libctru.a(gfx.o) (linearAlloc)
C:/devkitPro/libctru/lib\libctru.a(mem_pool.o)
                              C:/devkitPro/libctru/lib\libctru.a(vram.o) (MemPool::Allocate(MemChunk&, unsigned long, int))
C:/devkitPro/libctru/lib\libctru.a(synchronization.o)
                              C:/devkitPro/libctru/lib\libctru.a(initSystem.o) (__sync_init)
C:/devkitPro/libctru/lib\libctru.a(os.o)
                              C:/devkitPro/libctru/lib\libctru.a(allocateHeaps.o) (osGetMemRegionUsed)
C:/devkitPro/libctru/lib\libctru.a(srv.o)
                              C:/devkitPro/libctru/lib\libctru.a(apt.o) (srvInit)
C:/devkitPro/libctru/lib\libctru.a(thread.o)
                              C:/devkitPro/libctru/lib\libctru.a(gspgpu.o) (threadCreate)
C:/devkitPro/libctru/lib\libctru.a(irrst.o)
                              C:/devkitPro/libctru/lib\libctru.a(hid.o) (irrstScanInput)
C:/devkitPro/libctru/lib\libctru.a(srvpm.o)
                              C:/devkitPro/libctru/lib\libctru.a(srv.o) (srvPmGetSessionHandle)
C:/devkitPro/libctru/lib\libctru.a(ptmsysm.o)
                              C:/devkitPro/libctru/lib\libctru.a(os.o) (ptmSysmInit)
C:/devkitPro/libctru/lib\libctru.a(rbtree_init.o)
                              C:/devkitPro/libctru/lib\libctru.a(vram.o) (rbtree_init)
C:/devkitPro/libctru/lib\libctru.a(rbtree_insert.o)
                              C:/devkitPro/libctru/lib\libctru.a(vram.o) (rbtree_insert)
C:/devkitPro/libctru/lib\libctru.a(rbtree_rotate.o)
                              C:/devkitPro/libctru/lib\libctru.a(rbtree_insert.o) (rbtree_rotate)
C:/devkitPro/libctru/lib\libctru.a(rbtree_remove.o)
                              C:/devkitPro/libctru/lib\libctru.a(vram.o) (rbtree_remove)
C:/devkitPro/libctru/lib\libctru.a(rbtree_find.o)
                              C:/devkitPro/libctru/lib\libctru.a(vram.o) (rbtree_find)
C:/devkitPro/libctru/lib\libctru.a(appInit.o)
                              C:/devkitPro/libctru/lib\libctru.a(stack_adjust.o) (__appInit)
C:/devkitPro/libctru/lib\libctru.a(appExit.o)
                              C:/devkitPro/libctru/lib\libctru.a(stack_adjust.o) (__appExit)
C:/devkitPro/libctru/lib\libctru.a(ctru_exit.o)
                              C:/devkitPro/libctru/lib\libctru.a(stack_adjust.o) (__libctru_exit)
C:/devkitPro/libctru/lib\libctru.a(env.o)
                              C:/devkitPro/libctru/lib\libctru.a(srv.o) (envGetHandle)
C:/devkitPro/libctru/lib\libctru.a(sdmc_dev.o)
                              C:/devkitPro/libctru/lib\libctru.a(appInit.o) (sdmcInit)
C:/devkitPro/libctru/lib\libctru.a(fs.o)
                              C:/devkitPro/libctru/lib\libctru.a(appInit.o) (fsInit)
C:/devkitPro/libctru/lib\libctru.a(rbtree_iterator.o)
[...]
Memory Configuration

Name             Origin             Length             Attributes
*default*        0x0000000000000000 0xffffffffffffffff

Linker script and memory map

                0x0000000000100000                PROVIDE (__start__ = 0x100000)
                0x0000000000100000                . = __start__

.text           0x0000000000100000    0x1c8cc
 *(.crt0)
 .crt0          0x0000000000100000       0x94 c:/devkitpro/devkitarm/bin/../lib/gcc/arm-none-eabi/9.1.0/../../../../arm-none-eabi/lib/armv6k/fpu/3dsx_crt0.o
                0x0000000000100000                _start
                0x0000000000100008                __service_ptr
                0x000000000010000c                __apt_appid
                0x0000000000100010                __heap_size
                0x0000000000100014                __linear_heap_size
                0x0000000000100018                __system_arglist
                0x000000000010001c                __system_runflags
 *(.init)
 .init          0x0000000000100094        0xc c:/devkitpro/devkitarm/bin/../lib/gcc/arm-none-eabi/9.1.0/armv6k/fpu/crti.o
                0x0000000000100094                _init
 .init          0x00000000001000a0        0xc c:/devkitpro/devkitarm/bin/../lib/gcc/arm-none-eabi/9.1.0/armv6k/fpu/crtn.o
                0x00000000001000ac                . = ALIGN (0x4)
 *(.text)
 .text          0x00000000001000ac       0x64 C:/devkitPro/libctru/lib\libctru.a(stack_adjust.o)
                0x00000000001000ac                initSystem
                0x00000000001000f0                __ctru_exit
 .text          0x0000000000100110      0x240 c:/devkitpro/devkitarm/bin/../lib/gcc/arm-none-eabi/9.1.0/armv6k/fpu\libgcc.a(_divsi3.o)
                0x0000000000100110                __divsi3
                0x0000000000100110                __aeabi_idiv
                0x0000000000100330                __aeabi_idivmod
 .text          0x0000000000100350        0x4 c:/devkitpro/devkitarm/bin/../lib/gcc/arm-none-eabi/9.1.0/armv6k/fpu\libgcc.a(_dvmd_tls.o)
                0x0000000000100350                __aeabi_idiv0
                0x0000000000100350                __aeabi_ldiv0
 .text          0x0000000000100354       0x3c c:/devkitpro/devkitarm/bin/../lib/gcc/arm-none-eabi/9.1.0/armv6k/fpu\libgcc.a(_aeabi_uldivmod.o)
                0x0000000000100354                __aeabi_uldivmod
 *fill*         0x0000000000100390       0x10 
 .text          0x00000000001003a0      0x390 c:/devkitpro/devkitarm/bin/../lib/gcc/arm-none-eabi/9.1.0/../../../../arm-none-eabi/lib/armv6k/fpu\libg.a(lib_a-strcmp.o)
                0x00000000001003a8                strcmp
 .text          0x0000000000100730      0x20c c:/devkitpro/devkitarm/bin/../lib/gcc/arm-none-eabi/9.1.0/armv6k/fpu\libgcc.a(_udivsi3.o)
                0x0000000000100730                __aeabi_uidiv
                0x0000000000100730                __udivsi3
                0x000000000010091c                __aeabi_uidivmod
 .text          0x000000000010093c      0x3c0 c:/devkitpro/devkitarm/bin/../lib/gcc/arm-none-eabi/9.1.0/armv6k/fpu\libgcc.a(_arm_addsubdf3.o)
                0x000000000010093c                __aeabi_drsub
                0x0000000000100944                __aeabi_dsub
                0x0000000000100944                __subdf3
                0x0000000000100948                __aeabi_dadd
                0x0000000000100948                __adddf3
                0x0000000000100bf4                __floatunsidf
                0x0000000000100bf4                __aeabi_ui2d
                0x0000000000100c18                __floatsidf
                0x0000000000100c18                __aeabi_i2d
                0x0000000000100c40                __aeabi_f2d
                0x0000000000100c40                __extendsfdf2
                0x0000000000100c88                __floatundidf
                0x0000000000100c88                __aeabi_ul2d
                0x0000000000100c9c                __floatdidf
                0x0000000000100c9c                __aeabi_l2d
 *(.text.*)
 .text.deregister_tm_clones
                0x0000000000100cfc       0x2c c:/devkitpro/devkitarm/bin/../lib/gcc/arm-none-eabi/9.1.0/armv6k/fpu/crtbegin.o
 .text.register_tm_clones
                0x0000000000100d28       0x38 c:/devkitpro/devkitarm/bin/../lib/gcc/arm-none-eabi/9.1.0/armv6k/fpu/crtbegin.o
 .text.__do_global_dtors_aux
                0x0000000000100d60       0x44 c:/devkitpro/devkitarm/bin/../lib/gcc/arm-none-eabi/9.1.0/armv6k/fpu/crtbegin.o
 .text.frame_dummy
                0x0000000000100da4       0x34 c:/devkitpro/devkitarm/bin/../lib/gcc/arm-none-eabi/9.1.0/armv6k/fpu/crtbegin.o
 .text.startup.main
                0x0000000000100dd8       0x6c main.o
                0x0000000000100dd8                main
 .text.consoleDrawChar
                0x0000000000100e44      0x1b8 C:/devkitPro/libctru/lib\libctru.a(console.o)
                0x0000000000100e44                consoleDrawChar
 .text.consolePrintChar
                0x0000000000100ffc      0x124 C:/devkitPro/libctru/lib\libctru.a(console.o)
                0x0000000000100ffc                consolePrintChar
 .text.consoleCls
                0x0000000000101120      0x15c C:/devkitPro/libctru/lib\libctru.a(console.o)
 .text.consoleInit
                0x000000000010127c      0x104 C:/devkitPro/libctru/lib\libctru.a(console.o)
                0x000000000010127c                consoleInit
 .text.consoleClearLine
                0x0000000000101380      0x10c C:/devkitPro/libctru/lib\libctru.a(console.o)
 .text.newRow   0x000000000010148c       0xc4 C:/devkitPro/libctru/lib\libctru.a(console.o)
 .text.con_write
                0x0000000000101550      0x7cc C:/devkitPro/libctru/lib\libctru.a(console.o)
                0x0000000000101550                con_write
 .text.gfxSetFramebufferInfo.part.0
                0x0000000000101d1c       0x8c C:/devkitPro/libctru/lib\libctru.a(gfx.o)
 .text.gfxSetFramebufferInfo
                0x0000000000101da8       0x6c C:/devkitPro/libctru/lib\libctru.a(gfx.o)
 .text.gfxGetFramebuffer.part.0
                0x0000000000101e14       0x58 C:/devkitPro/libctru/lib\libctru.a(gfx.o)
 .text.__get_bytes_per_pixel
                0x0000000000101e6c       0x18 C:/devkitPro/libctru/lib\libctru.a(gfx.o)
                0x0000000000101e6c                __get_bytes_per_pixel
 .text.gfxSetScreenFormat
                0x0000000000101e84      0x184 C:/devkitPro/libctru/lib\libctru.a(gfx.o)
                0x0000000000101e84                gfxSetScreenFormat
 .text.gfxSetDoubleBuffering
                0x0000000000102008       0x10 C:/devkitPro/libctru/lib\libctru.a(gfx.o)
                0x0000000000102008                gfxSetDoubleBuffering
 .text.gfxInit  0x0000000000102018      0x214 C:/devkitPro/libctru/lib\libctru.a(gfx.o)
                0x0000000000102018                gfxInit
 .text.gfxInitDefault
                0x000000000010222c       0x10 C:/devkitPro/libctru/lib\libctru.a(gfx.o)
                0x000000000010222c                gfxInitDefault
 .text.gfxExit  0x000000000010223c       0xe0 C:/devkitPro/libctru/lib\libctru.a(gfx.o)
                0x000000000010223c                gfxExit
 .text.gfxGetFramebuffer
                0x000000000010231c       0x64 C:/devkitPro/libctru/lib\libctru.a(gfx.o)
                0x000000000010231c                gfxGetFramebuffer
 .text.gfxFlushBuffers
                0x0000000000102380       0xcc C:/devkitPro/libctru/lib\libctru.a(gfx.o)
                0x0000000000102380                gfxFlushBuffers
 .text.gfxConfigScreen
                0x000000000010244c       0xf4 C:/devkitPro/libctru/lib\libctru.a(gfx.o)
                0x000000000010244c                gfxConfigScreen
 .text.gfxSwapBuffers
                0x0000000000102540       0x20 C:/devkitPro/libctru/lib\libctru.a(gfx.o)
                0x0000000000102540                gfxSwapBuffers
 .text.gfxSwapBuffersGpu
                0x0000000000102560       0x20 C:/devkitPro/libctru/lib\libctru.a(gfx.o)
                0x0000000000102560                gfxSwapBuffersGpu
 .text.gspInit  0x0000000000102580       0x74 C:/devkitPro/libctru/lib\libctru.a(gspgpu.o)
                0x0000000000102580                gspInit
 .text.gspExit  0x00000000001025f4       0x3c C:/devkitPro/libctru/lib\libctru.a(gspgpu.o)
                0x00000000001025f4                gspExit
 .text.gspInitEventHandler
                0x0000000000102630       0xa4 C:/devkitPro/libctru/lib\libctru.a(gspgpu.o)
                0x0000000000102630                gspInitEventHandler
 .text.gspExitEventHandler
                0x00000000001026d4       0x40 C:/devkitPro/libctru/lib\libctru.a(gspgpu.o)
                0x00000000001026d4                gspExitEventHandler
 .text.gspWaitForEvent
                0x0000000000102714       0x50 C:/devkitPro/libctru/lib\libctru.a(gspgpu.o)
                0x0000000000102714                gspWaitForEvent
 .text.gxCmdQueueInterrupt
                0x0000000000102764        0x4 C:/devkitPro/libctru/lib\libctru.a(gspgpu.o)
                0x0000000000102764                gxCmdQueueInterrupt
 .text.gspEventThreadMain
                0x0000000000102768      0x178 C:/devkitPro/libctru/lib\libctru.a(gspgpu.o)
 .text.GSPGPU_SetBufferSwap
                0x00000000001028e0       0x6c C:/devkitPro/libctru/lib\libctru.a(gspgpu.o)
                0x00000000001028e0                GSPGPU_SetBufferSwap
 .text.GSPGPU_FlushDataCache
                0x000000000010294c       0x4c C:/devkitPro/libctru/lib\libctru.a(gspgpu.o)
                0x000000000010294c                GSPGPU_FlushDataCache
 .text.GSPGPU_SetLcdForceBlack
                0x0000000000102998       0x34 C:/devkitPro/libctru/lib\libctru.a(gspgpu.o)
                0x0000000000102998                GSPGPU_SetLcdForceBlack
 .text.GSPGPU_RegisterInterruptRelayQueue
                0x00000000001029cc       0x64 C:/devkitPro/libctru/lib\libctru.a(gspgpu.o)
                0x00000000001029cc                GSPGPU_RegisterInterruptRelayQueue
 .text.GSPGPU_UnregisterInterruptRelayQueue
                0x0000000000102a30       0x2c C:/devkitPro/libctru/lib\libctru.a(gspgpu.o)
                0x0000000000102a30                GSPGPU_UnregisterInterruptRelayQueue
 .text.GSPGPU_AcquireRight
                0x0000000000102a5c       0x48 C:/devkitPro/libctru/lib\libctru.a(gspgpu.o)
                0x0000000000102a5c                GSPGPU_AcquireRight
 .text.GSPGPU_ReleaseRight
                0x0000000000102aa4       0x2c C:/devkitPro/libctru/lib\libctru.a(gspgpu.o)
                0x0000000000102aa4                GSPGPU_ReleaseRight
 .text.GSPGPU_ImportDisplayCaptureInfo
                0x0000000000102ad0       0x80 C:/devkitPro/libctru/lib\libctru.a(gspgpu.o)
                0x0000000000102ad0                GSPGPU_ImportDisplayCaptureInfo
 .text.GSPGPU_SaveVramSysArea
                0x0000000000102b50       0x2c C:/devkitPro/libctru/lib\libctru.a(gspgpu.o)
                0x0000000000102b50                GSPGPU_SaveVramSysArea
 .text.GSPGPU_RestoreVramSysArea
                0x0000000000102b7c       0x2c C:/devkitPro/libctru/lib\libctru.a(gspgpu.o)
                0x0000000000102b7c                GSPGPU_RestoreVramSysArea
 .text._aptDebug
                0x0000000000102ba8        0x4 C:/devkitPro/libctru/lib\libctru.a(apt.o)
                0x0000000000102ba8                _aptDebug
 .text.aptSendCommand
                0x0000000000102bac      0x170 C:/devkitPro/libctru/lib\libctru.a(apt.o)
                0x0000000000102bac                aptSendCommand
 .text.aptExitProcess
                0x0000000000102d1c       0x3c C:/devkitPro/libctru/lib\libctru.a(apt.o)
 .text.APT_InquireNotification
                0x0000000000102d58       0x50 C:/devkitPro/libctru/lib\libctru.a(apt.o)
                0x0000000000102d58                APT_InquireNotification
 .text.aptEventHandler
                0x0000000000102da8      0x194 C:/devkitPro/libctru/lib\libctru.a(apt.o)
 .text.APT_AppletUtility
                0x0000000000102f3c       0x74 C:/devkitPro/libctru/lib\libctru.a(apt.o)
                0x0000000000102f3c                APT_AppletUtility
 .text.aptSetSleepAllowed
                0x0000000000102fb0       0xb0 C:/devkitPro/libctru/lib\libctru.a(apt.o)
                0x0000000000102fb0                aptSetSleepAllowed
 .text.APT_GlanceParameter
                0x0000000000103060       0xb4 C:/devkitPro/libctru/lib\libctru.a(apt.o)
                0x0000000000103060                APT_GlanceParameter
 .text.APT_ReceiveParameter
                0x0000000000103114       0xc8 C:/devkitPro/libctru/lib\libctru.a(apt.o)
                0x0000000000103114                APT_ReceiveParameter
 .text.aptReceiveParameter.constprop.0
                0x00000000001031dc       0xbc C:/devkitPro/libctru/lib\libctru.a(apt.o)
 .text.aptScreenTransfer
                0x0000000000103298      0x1e0 C:/devkitPro/libctru/lib\libctru.a(apt.o)
 .text.aptWaitForWakeUp
                0x0000000000103478      0x210 C:/devkitPro/libctru/lib\libctru.a(apt.o)
 .text.APT_CancelParameter
                0x0000000000103688       0x70 C:/devkitPro/libctru/lib\libctru.a(apt.o)
                0x0000000000103688                APT_CancelParameter
 .text.aptInit  0x00000000001036f8      0x25c C:/devkitPro/libctru/lib\libctru.a(apt.o)
                0x00000000001036f8                aptInit
 .text.aptClearParamQueue
                0x0000000000103954       0x88 C:/devkitPro/libctru/lib\libctru.a(apt.o)
 .text.aptMainLoop
                0x00000000001039dc      0x264 C:/devkitPro/libctru/lib\libctru.a(apt.o)
                0x00000000001039dc                aptMainLoop
 .text.aptExit  0x0000000000103c40      0x254 C:/devkitPro/libctru/lib\libctru.a(apt.o)
                0x0000000000103c40                aptExit
 .text.APT_CheckNew3DS
                0x0000000000103e94       0x7c C:/devkitPro/libctru/lib\libctru.a(apt.o)
                0x0000000000103e94                APT_CheckNew3DS
 .text.hidCheckSectionUpdateTime.part.0
                0x0000000000103f10       0x28 C:/devkitPro/libctru/lib\libctru.a(hid.o)
 .text.hidExit  0x0000000000103f38       0xd0 C:/devkitPro/libctru/lib\libctru.a(hid.o)
                0x0000000000103f38                hidExit
 .text.hidScanInput
                0x0000000000104008      0x1d8 C:/devkitPro/libctru/lib\libctru.a(hid.o)
                0x0000000000104008                hidScanInput
 .text.hidKeysDown
                0x00000000001041e0       0x10 C:/devkitPro/libctru/lib\libctru.a(hid.o)
                0x00000000001041e0                hidKeysDown
 .text.HIDUSER_GetHandles
                0x00000000001041f0       0x90 C:/devkitPro/libctru/lib\libctru.a(hid.o)
                0x00000000001041f0                HIDUSER_GetHandles
 .text.hidInit  0x0000000000104280      0x1a4 C:/devkitPro/libctru/lib\libctru.a(hid.o)
                0x0000000000104280                hidInit
 .text.__libctru_init
                0x0000000000104424       0x38 C:/devkitPro/libctru/lib\libctru.a(initSystem.o)
                0x0000000000104424                __libctru_init
 .text.__libctru_nanosleep
                0x000000000010445c       0x34 C:/devkitPro/libctru/lib\libctru.a(syscalls.o)
 .text.__ctru_get_reent
                0x0000000000104490       0x30 C:/devkitPro/libctru/lib\libctru.a(syscalls.o)
 .text.__system_initSyscalls
                0x00000000001044c0       0xfc C:/devkitPro/libctru/lib\libctru.a(syscalls.o)
                0x00000000001044c0                __system_initSyscalls
 .text.__system_allocateHeaps
                0x00000000001045bc      0x100 C:/devkitPro/libctru/lib\libctru.a(allocateHeaps.o)
                0x00000000001045bc                __system_allocateHeaps
 .text.__system_initArgv
                0x00000000001046bc       0xf0 C:/devkitPro/libctru/lib\libctru.a(initArgv.o)
                0x00000000001046bc                __system_initArgv
 .text.svcControlMemory
                0x00000000001047ac       0x20 C:/devkitPro/libctru/lib\libctru.a(svc.o)
                0x00000000001047ac                svcControlMemory
 .text.svcExitProcess
                0x00000000001047cc        0x8 C:/devkitPro/libctru/lib\libctru.a(svc.o)
                0x00000000001047cc                svcExitProcess
 .text.svcCreateThread
                0x00000000001047d4       0x20 C:/devkitPro/libctru/lib\libctru.a(svc.o)
                0x00000000001047d4                svcCreateThread
 .text.svcExitThread
                0x00000000001047f4        0x8 C:/devkitPro/libctru/lib\libctru.a(svc.o)
                0x00000000001047f4                svcExitThread
 .text.svcSleepThread
                0x00000000001047fc        0x8 C:/devkitPro/libctru/lib\libctru.a(svc.o)
                0x00000000001047fc                svcSleepThread
 .text.svcReleaseMutex
                0x0000000000104804        0x8 C:/devkitPro/libctru/lib\libctru.a(svc.o)
                0x0000000000104804                svcReleaseMutex
 .text.svcCreateEvent
                0x000000000010480c       0x14 C:/devkitPro/libctru/lib\libctru.a(svc.o)
                0x000000000010480c                svcCreateEvent
 .text.svcSignalEvent
                0x0000000000104820        0x8 C:/devkitPro/libctru/lib\libctru.a(svc.o)
                0x0000000000104820                svcSignalEvent
 .text.svcClearEvent
                0x0000000000104828        0x8 C:/devkitPro/libctru/lib\libctru.a(svc.o)
                0x0000000000104828                svcClearEvent
 .text.svcMapMemoryBlock
                0x0000000000104830        0x8 C:/devkitPro/libctru/lib\libctru.a(svc.o)
                0x0000000000104830                svcMapMemoryBlock
 .text.svcUnmapMemoryBlock
                0x0000000000104838        0x8 C:/devkitPro/libctru/lib\libctru.a(svc.o)
                0x0000000000104838                svcUnmapMemoryBlock
 .text.svcCreateAddressArbiter
                0x0000000000104840       0x14 C:/devkitPro/libctru/lib\libctru.a(svc.o)
                0x0000000000104840                svcCreateAddressArbiter
 .text.svcArbitrateAddress
                0x0000000000104854       0x18 C:/devkitPro/libctru/lib\libctru.a(svc.o)
                0x0000000000104854                svcArbitrateAddress
 .text.svcCloseHandle
                0x000000000010486c        0x8 C:/devkitPro/libctru/lib\libctru.a(svc.o)
                0x000000000010486c                svcCloseHandle
 .text.svcWaitSynchronization
                0x0000000000104874        0x8 C:/devkitPro/libctru/lib\libctru.a(svc.o)
                0x0000000000104874                svcWaitSynchronization
 .text.svcWaitSynchronizationN
                0x000000000010487c       0x28 C:/devkitPro/libctru/lib\libctru.a(svc.o)
                0x000000000010487c                svcWaitSynchronizationN
 .text.svcDuplicateHandle
                0x00000000001048a4       0x14 C:/devkitPro/libctru/lib\libctru.a(svc.o)
                0x00000000001048a4                svcDuplicateHandle
 .text.svcGetSystemTick
                0x00000000001048b8        0x8 C:/devkitPro/libctru/lib\libctru.a(svc.o)
                0x00000000001048b8                svcGetSystemTick
 .text.svcGetSystemInfo
                0x00000000001048c0       0x18 C:/devkitPro/libctru/lib\libctru.a(svc.o)
                0x00000000001048c0                svcGetSystemInfo
 .text.svcConnectToPort
                0x00000000001048d8       0x14 C:/devkitPro/libctru/lib\libctru.a(svc.o)
                0x00000000001048d8                svcConnectToPort
 .text.svcSendSyncRequest
                0x00000000001048ec        0x8 C:/devkitPro/libctru/lib\libctru.a(svc.o)
                0x00000000001048ec                svcSendSyncRequest
 .text.svcBreak
                0x00000000001048f4        0x8 C:/devkitPro/libctru/lib\libctru.a(svc.o)
                0x00000000001048f4                svcBreak
 .text._ZL21addrMapNodeComparatorPK11rbtree_nodeS1_
                0x00000000001048fc       0x24 C:/devkitPro/libctru/lib\libctru.a(vram.o)
 .text._ZL21addrMapNodeDestructorP11rbtree_node
                0x0000000000104920        0x4 C:/devkitPro/libctru/lib\libctru.a(vram.o)
 .text.vramMemAlign
                0x0000000000104924      0x114 C:/devkitPro/libctru/lib\libctru.a(vram.o)
                0x0000000000104924                vramMemAlign
 .text.vramAlloc
                0x0000000000104a38        0x8 C:/devkitPro/libctru/lib\libctru.a(vram.o)
                0x0000000000104a38                vramAlloc
 .text.vramFree
                0x0000000000104a40       0x54 C:/devkitPro/libctru/lib\libctru.a(vram.o)
                0x0000000000104a40                vramFree
 .text._ZL21addrMapNodeComparatorPK11rbtree_nodeS1_
                0x0000000000104a94       0x24 C:/devkitPro/libctru/lib\libctru.a(mappable.o)
 .text._ZL21addrMapNodeDestructorP11rbtree_node
                0x0000000000104ab8        0x4 C:/devkitPro/libctru/lib\libctru.a(mappable.o)
 .text.mappableAlloc
                0x0000000000104abc       0xe8 C:/devkitPro/libctru/lib\libctru.a(mappable.o)
                0x0000000000104abc                mappableAlloc
 .text.mappableFree
                0x0000000000104ba4       0x54 C:/devkitPro/libctru/lib\libctru.a(mappable.o)
                0x0000000000104ba4                mappableFree
 .text._ZL21addrMapNodeComparatorPK11rbtree_nodeS1_
                0x0000000000104bf8       0x24 C:/devkitPro/libctru/lib\libctru.a(linear.o)
 .text._ZL21addrMapNodeDestructorP11rbtree_node
                0x0000000000104c1c        0x4 C:/devkitPro/libctru/lib\libctru.a(linear.o)
 .text.linearMemAlign
                0x0000000000104c20      0x124 C:/devkitPro/libctru/lib\libctru.a(linear.o)
                0x0000000000104c20                linearMemAlign
 .text.linearAlloc
                0x0000000000104d44        0x8 C:/devkitPro/libctru/lib\libctru.a(linear.o)
                0x0000000000104d44                linearAlloc
 .text.linearFree
                0x0000000000104d4c       0x54 C:/devkitPro/libctru/lib\libctru.a(linear.o)
                0x0000000000104d4c                linearFree
 .text._ZN7MemPool13CoalesceRightEP8MemBlock
                0x0000000000104da0       0x8c C:/devkitPro/libctru/lib\libctru.a(mem_pool.o)
                0x0000000000104da0                MemPool::CoalesceRight(MemBlock*)
 .text._ZN7MemPool8AllocateER8MemChunkmi
                0x0000000000104e2c      0x174 C:/devkitPro/libctru/lib\libctru.a(mem_pool.o)
                0x0000000000104e2c                MemPool::Allocate(MemChunk&, unsigned long, int)
 .text._ZN7MemPool10DeallocateERK8MemChunk
                0x0000000000104fa0       0xfc C:/devkitPro/libctru/lib\libctru.a(mem_pool.o)
                0x0000000000104fa0                MemPool::Deallocate(MemChunk const&)
 .text.LightLock_Unlock.part.0
                0x000000000010509c       0x38 C:/devkitPro/libctru/lib\libctru.a(synchronization.o)
 .text.__sync_init
                0x00000000001050d4        0xc C:/devkitPro/libctru/lib\libctru.a(synchronization.o)
                0x00000000001050d4                __sync_init
 .text.__sync_fini
                0x00000000001050e0       0x18 C:/devkitPro/libctru/lib\libctru.a(synchronization.o)
                0x00000000001050e0                __sync_fini
 .text.__sync_get_arbiter
                0x00000000001050f8       0x10 C:/devkitPro/libctru/lib\libctru.a(synchronization.o)
                0x00000000001050f8                __sync_get_arbiter
 .text.LightLock_Init
                0x0000000000105108       0x18 C:/devkitPro/libctru/lib\libctru.a(synchronization.o)
                0x0000000000105108                LightLock_Init
 .text.LightLock_Lock
                0x0000000000105120       0x90 C:/devkitPro/libctru/lib\libctru.a(synchronization.o)
                0x0000000000105120                LightLock_Lock
 .text.LightLock_TryLock
                0x00000000001051b0       0x34 C:/devkitPro/libctru/lib\libctru.a(synchronization.o)
                0x00000000001051b0                LightLock_TryLock
 .text.LightLock_Unlock
                0x00000000001051e4       0x20 C:/devkitPro/libctru/lib\libctru.a(synchronization.o)
                0x00000000001051e4                LightLock_Unlock
 .text.RecursiveLock_Init
                0x0000000000105204       0x24 C:/devkitPro/libctru/lib\libctru.a(synchronization.o)
                0x0000000000105204                RecursiveLock_Init
 .text.RecursiveLock_Lock
                0x0000000000105228       0x30 C:/devkitPro/libctru/lib\libctru.a(synchronization.o)
                0x0000000000105228                RecursiveLock_Lock
 .text.RecursiveLock_TryLock
                0x0000000000105258       0x58 C:/devkitPro/libctru/lib\libctru.a(synchronization.o)
                0x0000000000105258                RecursiveLock_TryLock
 .text.RecursiveLock_Unlock
                0x00000000001052b0       0x38 C:/devkitPro/libctru/lib\libctru.a(synchronization.o)
                0x00000000001052b0                RecursiveLock_Unlock
 .text.LightEvent_Init
                0x00000000001052e8       0x38 C:/devkitPro/libctru/lib\libctru.a(synchronization.o)
                0x00000000001052e8                LightEvent_Init
 .text.LightEvent_Clear
                0x0000000000105320       0x7c C:/devkitPro/libctru/lib\libctru.a(synchronization.o)
                0x0000000000105320                LightEvent_Clear
 .text.LightEvent_Signal
                0x000000000010539c       0xdc C:/devkitPro/libctru/lib\libctru.a(synchronization.o)
                0x000000000010539c                LightEvent_Signal
 .text.LightEvent_Wait
                0x0000000000105478       0xc0 C:/devkitPro/libctru/lib\libctru.a(synchronization.o)
                0x0000000000105478                LightEvent_Wait
 .text.getSysTime
                0x0000000000105538       0x58 C:/devkitPro/libctru/lib\libctru.a(os.o)
 .text.__ctru_speedup_config.part.0
                0x0000000000105590       0x28 C:/devkitPro/libctru/lib\libctru.a(os.o)
 .text.osGetMemRegionUsed
                0x00000000001055b8       0x24 C:/devkitPro/libctru/lib\libctru.a(os.o)
                0x00000000001055b8                osGetMemRegionUsed
 *fill*         0x00000000001055dc        0x4 
 .text.__libctru_gtod
                0x00000000001055e0      0x128 C:/devkitPro/libctru/lib\libctru.a(os.o)
                0x00000000001055e0                __libctru_gtod
 .text.__ctru_speedup_config
                0x0000000000105708       0x18 C:/devkitPro/libctru/lib\libctru.a(os.o)
                0x0000000000105708                __ctru_speedup_config
 .text.srvExit  0x0000000000105720       0x58 C:/devkitPro/libctru/lib\libctru.a(srv.o)
                0x0000000000105720                srvExit
 .text.srvRegisterClient
                0x0000000000105778       0x38 C:/devkitPro/libctru/lib\libctru.a(srv.o)
                0x0000000000105778                srvRegisterClient
 .text.srvInit  0x00000000001057b0       0xcc C:/devkitPro/libctru/lib\libctru.a(srv.o)
                0x00000000001057b0                srvInit
 .text.srvGetServiceHandleDirect
                0x000000000010587c       0x80 C:/devkitPro/libctru/lib\libctru.a(srv.o)
                0x000000000010587c                srvGetServiceHandleDirect
 .text.srvGetServiceHandle
                0x00000000001058fc       0x48 C:/devkitPro/libctru/lib\libctru.a(srv.o)
                0x00000000001058fc                srvGetServiceHandle
 .text.threadFree.part.0
                0x0000000000105944       0x1c C:/devkitPro/libctru/lib\libctru.a(thread.o)
 .text.threadCreate
                0x0000000000105960      0x180 C:/devkitPro/libctru/lib\libctru.a(thread.o)
                0x0000000000105960                threadCreate
 .text.threadJoin
                0x0000000000105ae0       0x24 C:/devkitPro/libctru/lib\libctru.a(thread.o)
                0x0000000000105ae0                threadJoin
 .text.threadExit
                0x0000000000105b04       0x68 C:/devkitPro/libctru/lib\libctru.a(thread.o)
                0x0000000000105b04                threadExit
 .text._thread_begin
                0x0000000000105b6c       0x48 C:/devkitPro/libctru/lib\libctru.a(thread.o)
 .text.irrstScanInput
                0x0000000000105bb4       0xac C:/devkitPro/libctru/lib\libctru.a(irrst.o)
                0x0000000000105bb4                irrstScanInput
 .text.irrstKeysHeld
                0x0000000000105c60       0x24 C:/devkitPro/libctru/lib\libctru.a(irrst.o)
                0x0000000000105c60                irrstKeysHeld
 .text.IRRST_GetHandles
                0x0000000000105c84       0x50 C:/devkitPro/libctru/lib\libctru.a(irrst.o)
                0x0000000000105c84                IRRST_GetHandles
 .text.irrstInit
                0x0000000000105cd4      0x154 C:/devkitPro/libctru/lib\libctru.a(irrst.o)
                0x0000000000105cd4                irrstInit
 .text.IRRST_Shutdown
                0x0000000000105e28       0x2c C:/devkitPro/libctru/lib\libctru.a(irrst.o)
                0x0000000000105e28                IRRST_Shutdown
 .text.irrstExit
                0x0000000000105e54       0xac C:/devkitPro/libctru/lib\libctru.a(irrst.o)
                0x0000000000105e54                irrstExit
 .text.srvPmGetSessionHandle
                0x0000000000105f00        0xc C:/devkitPro/libctru/lib\libctru.a(srvpm.o)
                0x0000000000105f00                srvPmGetSessionHandle
 .text.ptmSysmInit
                0x0000000000105f0c       0x74 C:/devkitPro/libctru/lib\libctru.a(ptmsysm.o)
                0x0000000000105f0c                ptmSysmInit
 .text.ptmSysmExit
                0x0000000000105f80       0x3c C:/devkitPro/libctru/lib\libctru.a(ptmsysm.o)
                0x0000000000105f80                ptmSysmExit
 .text.PTMSYSM_ConfigureNew3DSCPU
                0x0000000000105fbc       0x34 C:/devkitPro/libctru/lib\libctru.a(ptmsysm.o)
                0x0000000000105fbc                PTMSYSM_ConfigureNew3DSCPU
 .text.rbtree_init
                0x0000000000105ff0       0x14 C:/devkitPro/libctru/lib\libctru.a(rbtree_init.o)
                0x0000000000105ff0                rbtree_init
 .text.do_insert
                0x0000000000106004      0x1a4 C:/devkitPro/libctru/lib\libctru.a(rbtree_insert.o)
 .text.rbtree_insert
                0x00000000001061a8        0x8 C:/devkitPro/libctru/lib\libctru.a(rbtree_insert.o)
                0x00000000001061a8                rbtree_insert
 .text.rbtree_rotate
                0x00000000001061b0       0x90 C:/devkitPro/libctru/lib\libctru.a(rbtree_rotate.o)
                0x00000000001061b0                rbtree_rotate
 .text.rbtree_remove
                0x0000000000106240      0x334 C:/devkitPro/libctru/lib\libctru.a(rbtree_remove.o)
                0x0000000000106240                rbtree_remove
 .text.rbtree_find
                0x0000000000106574       0x74 C:/devkitPro/libctru/lib\libctru.a(rbtree_find.o)
                0x0000000000106574                rbtree_find
 .text.__appInit
                0x00000000001065e8       0x1c C:/devkitPro/libctru/lib\libctru.a(appInit.o)
                0x00000000001065e8                __appInit
 .text.__appExit
                0x0000000000106604       0x1c C:/devkitPro/libctru/lib\libctru.a(appExit.o)
                0x0000000000106604                __appExit
 .text.__libctru_exit
                0x0000000000106620       0xa0 C:/devkitPro/libctru/lib\libctru.a(ctru_exit.o)
                0x0000000000106620                __libctru_exit
 .text.envGetHandle
                0x00000000001066c0       0x84 C:/devkitPro/libctru/lib\libctru.a(env.o)
                0x00000000001066c0                envGetHandle
 .text.envDestroyHandles
                0x0000000000106744       0x4c C:/devkitPro/libctru/lib\libctru.a(env.o)
                0x0000000000106744                envDestroyHandles
 .text.sdmc_link
                0x0000000000106790       0x14 C:/devkitPro/libctru/lib\libctru.a(sdmc_dev.o)
 .text.sdmc_dirreset
                0x00000000001067a4       0x14 C:/devkitPro/libctru/lib\libctru.a(sdmc_dev.o)
 .text.sdmc_chmod
                0x00000000001067b8       0x14 C:/devkitPro/libctru/lib\libctru.a(sdmc_dev.o)
 .text.error_cmp
                0x00000000001067cc       0x24 C:/devkitPro/libctru/lib\libctru.a(sdmc_dev.o)
 .text.sdmc_translate_error
                0x00000000001067f0       0x50 C:/devkitPro/libctru/lib\libctru.a(sdmc_dev.o)
 .text.sdmc_fsync
                0x0000000000106840       0x34 C:/devkitPro/libctru/lib\libctru.a(sdmc_dev.o)
 .text.sdmc_ftruncate
                0x0000000000106874       0x54 C:/devkitPro/libctru/lib\libctru.a(sdmc_dev.o)
 .text.sdmc_statvfs
                0x00000000001068c8       0xbc C:/devkitPro/libctru/lib\libctru.a(sdmc_dev.o)
 .text.sdmc_dirclose
                0x0000000000106984       0x38 C:/devkitPro/libctru/lib\libctru.a(sdmc_dev.o)
 .text.sdmc_dirnext
                0x00000000001069bc      0x13c C:/devkitPro/libctru/lib\libctru.a(sdmc_dev.o)
 .text.sdmc_close
                0x0000000000106af8       0x34 C:/devkitPro/libctru/lib\libctru.a(sdmc_dev.o)
 .text.sdmc_fstat
                0x0000000000106b2c       0x70 C:/devkitPro/libctru/lib\libctru.a(sdmc_dev.o)
 .text.sdmc_seek
                0x0000000000106b9c       0xd4 C:/devkitPro/libctru/lib\libctru.a(sdmc_dev.o)
 .text.sdmc_read
                0x0000000000106c70       0x78 C:/devkitPro/libctru/lib\libctru.a(sdmc_dev.o)
 .text.sdmc_write
                0x0000000000106ce8       0xac C:/devkitPro/libctru/lib\libctru.a(sdmc_dev.o)
 .text.sdmc_utf16path
                0x0000000000106d94      0x1b0 C:/devkitPro/libctru/lib\libctru.a(sdmc_dev.o)
 .text.sdmc_rmdir
                0x0000000000106f44       0x74 C:/devkitPro/libctru/lib\libctru.a(sdmc_dev.o)
 .text.sdmc_diropen
                0x0000000000106fb8       0xa4 C:/devkitPro/libctru/lib\libctru.a(sdmc_dev.o)
 .text.sdmc_chdir
                0x000000000010705c       0xac C:/devkitPro/libctru/lib\libctru.a(sdmc_dev.o)
 .text.sdmc_mkdir
                0x0000000000107108       0x98 C:/devkitPro/libctru/lib\libctru.a(sdmc_dev.o)
 .text.sdmc_rename
                0x00000000001071a0      0x108 C:/devkitPro/libctru/lib\libctru.a(sdmc_dev.o)
 .text.sdmc_unlink
                0x00000000001072a8       0x74 C:/devkitPro/libctru/lib\libctru.a(sdmc_dev.o)
 .text.sdmc_stat
                0x000000000010731c      0x108 C:/devkitPro/libctru/lib\libctru.a(sdmc_dev.o)
 .text.sdmc_open
                0x0000000000107424      0x198 C:/devkitPro/libctru/lib\libctru.a(sdmc_dev.o)
 .text.sdmc_fchmod
                0x00000000001075bc       0x14 C:/devkitPro/libctru/lib\libctru.a(sdmc_dev.o)
 .text.sdmcInit
                0x00000000001075d0      0x168 C:/devkitPro/libctru/lib\libctru.a(sdmc_dev.o)
                0x00000000001075d0                sdmcInit
 .text.sdmcExit
                0x0000000000107738       0x60 C:/devkitPro/libctru/lib\libctru.a(sdmc_dev.o)
                0x0000000000107738                sdmcExit
 .text.fsSessionForArchive.part.0
                0x0000000000107798       0x28 C:/devkitPro/libctru/lib\libctru.a(fs.o)
 .text.fsInit   0x00000000001077c0       0xc4 C:/devkitPro/libctru/lib\libctru.a(fs.o)
                0x00000000001077c0                fsInit
 .text.fsExit   0x0000000000107884       0x3c C:/devkitPro/libctru/lib\libctru.a(fs.o)
                0x0000000000107884                fsExit
 .text.fsExemptFromSession
                0x00000000001078c0       0x64 C:/devkitPro/libctru/lib\libctru.a(fs.o)
                0x00000000001078c0                fsExemptFromSession
 .text.fsUnexemptFromSession
                0x0000000000107924       0x5c C:/devkitPro/libctru/lib\libctru.a(fs.o)
                0x0000000000107924                fsUnexemptFromSession
 .text.FSUSER_OpenFile
                0x0000000000107980       0xbc C:/devkitPro/libctru/lib\libctru.a(fs.o)
                0x0000000000107980                FSUSER_OpenFile
 .text.FSUSER_DeleteFile
                0x0000000000107a3c       0xac C:/devkitPro/libctru/lib\libctru.a(fs.o)
                0x0000000000107a3c                FSUSER_DeleteFile
 .text.FSUSER_RenameFile
                0x0000000000107ae8       0xe8 C:/devkitPro/libctru/lib\libctru.a(fs.o)
                0x0000000000107ae8                FSUSER_RenameFile
 .text.FSUSER_DeleteDirectory
                0x0000000000107bd0       0xac C:/devkitPro/libctru/lib\libctru.a(fs.o)
                0x0000000000107bd0                FSUSER_DeleteDirectory
 .text.FSUSER_CreateFile
                0x0000000000107c7c       0xc4 C:/devkitPro/libctru/lib\libctru.a(fs.o)
                0x0000000000107c7c                FSUSER_CreateFile
 .text.FSUSER_CreateDirectory
                0x0000000000107d40       0xb4 C:/devkitPro/libctru/lib\libctru.a(fs.o)
                0x0000000000107d40                FSUSER_CreateDirectory
 .text.FSUSER_RenameDirectory
                0x0000000000107df4       0xe8 C:/devkitPro/libctru/lib\libctru.a(fs.o)
                0x0000000000107df4                FSUSER_RenameDirectory
 .text.FSUSER_OpenDirectory
                0x0000000000107edc       0xa0 C:/devkitPro/libctru/lib\libctru.a(fs.o)
                0x0000000000107edc                FSUSER_OpenDirectory
 .text.FSUSER_OpenArchive
                0x0000000000107f7c       0x98 C:/devkitPro/libctru/lib\libctru.a(fs.o)
                0x0000000000107f7c                FSUSER_OpenArchive
 .text.FSUSER_CloseArchive
                0x0000000000108014       0x78 C:/devkitPro/libctru/lib\libctru.a(fs.o)
                0x0000000000108014                FSUSER_CloseArchive
 .text.FSUSER_GetSdmcArchiveResource
                0x000000000010808c       0x78 C:/devkitPro/libctru/lib\libctru.a(fs.o)
                0x000000000010808c                FSUSER_GetSdmcArchiveResource
 .text.FSUSER_IsSdmcWritable
                0x0000000000108104       0x64 C:/devkitPro/libctru/lib\libctru.a(fs.o)
                0x0000000000108104                FSUSER_IsSdmcWritable
 .text.FSFILE_Read
                0x0000000000108168       0x5c C:/devkitPro/libctru/lib\libctru.a(fs.o)
                0x0000000000108168                FSFILE_Read
 .text.FSFILE_Write
                0x00000000001081c4       0x64 C:/devkitPro/libctru/lib\libctru.a(fs.o)
                0x00000000001081c4                FSFILE_Write
 .text.FSFILE_GetSize
                0x0000000000108228       0x38 C:/devkitPro/libctru/lib\libctru.a(fs.o)
                0x0000000000108228                FSFILE_GetSize
 .text.FSFILE_SetSize
                0x0000000000108260       0x28 C:/devkitPro/libctru/lib\libctru.a(fs.o)
                0x0000000000108260                FSFILE_SetSize
 .text.FSFILE_Close
                0x0000000000108288       0x3c C:/devkitPro/libctru/lib\libctru.a(fs.o)
                0x0000000000108288                FSFILE_Close
 .text.FSFILE_Flush
                0x00000000001082c4       0x24 C:/devkitPro/libctru/lib\libctru.a(fs.o)
                0x00000000001082c4                FSFILE_Flush
 .text.FSDIR_Read
                0x00000000001082e8       0x54 C:/devkitPro/libctru/lib\libctru.a(fs.o)
                0x00000000001082e8                FSDIR_Read
 .text.FSDIR_Close
                0x000000000010833c       0x3c C:/devkitPro/libctru/lib\libctru.a(fs.o)
                0x000000000010833c                FSDIR_Close
 .text.rbtree_node_next
                0x0000000000108378       0x50 C:/devkitPro/libctru/lib\libctru.a(rbtree_iterator.o)
                0x0000000000108378                rbtree_node_next
 .text.utf16_to_utf8
                0x00000000001083c8       0xe8 C:/devkitPro/libctru/lib\libctru.a(utf16_to_utf8.o)
                0x00000000001083c8                utf16_to_utf8
 .text.decode_utf16
                0x00000000001084b0       0x60 C:/devkitPro/libctru/lib\libctru.a(decode_utf16.o)
                0x00000000001084b0                decode_utf16
 .text.decode_utf8
                0x0000000000108510      0x138 C:/devkitPro/libctru/lib\libctru.a(decode_utf8.o)
                0x0000000000108510                decode_utf8
 .text.utf8_to_utf16
                0x0000000000108648       0xc0 C:/devkitPro/libctru/lib\libctru.a(utf8_to_utf16.o)
                0x0000000000108648                utf8_to_utf16
 .text.__aeabi_read_tp
                0x0000000000108708        0xc C:/devkitPro/libctru/lib\libctru.a(readtp.o)
                0x0000000000108708                __aeabi_read_tp
 .text.encode_utf16
                0x0000000000108714       0x68 C:/devkitPro/libctru/lib\libctru.a(encode_utf16.o)
                0x0000000000108714                encode_utf16
 .text.encode_utf8
                0x000000000010877c      0x104 C:/devkitPro/libctru/lib\libctru.a(encode_utf8.o)
                0x000000000010877c                encode_utf8
 .text.__fixdfdi
                0x0000000000108880       0x38 c:/devkitpro/devkitarm/bin/../lib/gcc/arm-none-eabi/9.1.0/armv6k/fpu\libgcc.a(_fixdfdi.o)
                0x0000000000108880                __fixdfdi
                0x0000000000108880                __aeabi_d2lz
 .text.__fixunsdfdi
                0x00000000001088b8       0x40 c:/devkitpro/devkitarm/bin/../lib/gcc/arm-none-eabi/9.1.0/armv6k/fpu\libgcc.a(_fixunsdfdi.o)
                0x00000000001088b8                __fixunsdfdi
                0x00000000001088b8                __aeabi_d2ulz
 .text.__udivmoddi4
                0x00000000001088f8      0x130 c:/devkitpro/devkitarm/bin/../lib/gcc/arm-none-eabi/9.1.0/armv6k/fpu\libgcc.a(_udivmoddi4.o)
                0x00000000001088f8                __udivmoddi4
 .text.bsearch  0x0000000000108a28       0x7c c:/devkitpro/devkitarm/bin/../lib/gcc/arm-none-eabi/9.1.0/../../../../arm-none-eabi/lib/armv6k/fpu\libg.a(lib_a-bsearch.o)
                0x0000000000108a28                bsearch
 .text.exit     0x0000000000108aa4       0x34 c:/devkitpro/devkitarm/bin/../lib/gcc/arm-none-eabi/9.1.0/../../../../arm-none-eabi/lib/armv6k/fpu\libg.a(lib_a-exit.o)
                0x0000000000108aa4                exit
 .text.__libc_fini_array
                0x0000000000108ad8       0x3c c:/devkitpro/devkitarm/bin/../lib/gcc/arm-none-eabi/9.1.0/../../../../arm-none-eabi/lib/armv6k/fpu\libg.a(lib_a-fini.o)
                0x0000000000108ad8                __libc_fini_array
 .text.__libc_init_array
                0x0000000000108b14       0x7c c:/devkitpro/devkitarm/bin/../lib/gcc/arm-none-eabi/9.1.0/../../../../arm-none-eabi/lib/armv6k/fpu\libg.a(lib_a-init.o)
                0x0000000000108b14                __libc_init_array
 .text.memalign
                0x0000000000108b90       0x28 c:/devkitpro/devkitarm/bin/../lib/gcc/arm-none-eabi/9.1.0/../../../../arm-none-eabi/lib/armv6k/fpu\libg.a(lib_a-malign.o)
                0x0000000000108b90                memalign
 .text._memalign_r
                0x0000000000108bb8      0x14c c:/devkitpro/devkitarm/bin/../lib/gcc/arm-none-eabi/9.1.0/../../../../arm-none-eabi/lib/armv6k/fpu\libg.a(lib_a-malignr.o)
                0x0000000000108bb8                _memalign_r
 .text.malloc   0x0000000000108d04       0x20 c:/devkitpro/devkitarm/bin/../lib/gcc/arm-none-eabi/9.1.0/../../../../arm-none-eabi/lib/armv6k/fpu\libg.a(lib_a-malloc.o)
                0x0000000000108d04                malloc
 .text.free     0x0000000000108d24       0x20 c:/devkitpro/devkitarm/bin/../lib/gcc/arm-none-eabi/9.1.0/../../../../arm-none-eabi/lib/armv6k/fpu\libg.a(lib_a-malloc.o)
                0x0000000000108d24                free
 .text._malloc_r
                0x0000000000108d44      0x7d0 c:/devkitpro/devkitarm/bin/../lib/gcc/arm-none-eabi/9.1.0/../../../../arm-none-eabi/lib/armv6k/fpu\libg.a(lib_a-mallocr.o)
                0x0000000000108d44                _malloc_r
 .text.memchr   0x0000000000109514       0xe0 c:/devkitpro/devkitarm/bin/../lib/gcc/arm-none-eabi/9.1.0/../../../../arm-none-eabi/lib/armv6k/fpu\libg.a(lib_a-memchr-stub.o)
                0x0000000000109514                memchr
 .text.memcpy   0x00000000001095f4      0x120 c:/devkitpro/devkitarm/bin/../lib/gcc/arm-none-eabi/9.1.0/../../../../arm-none-eabi/lib/armv6k/fpu\libg.a(lib_a-memcpy-stub.o)
                0x00000000001095f4                memcpy
 .text.memset   0x0000000000109714      0x118 c:/devkitpro/devkitarm/bin/../lib/gcc/arm-none-eabi/9.1.0/../../../../arm-none-eabi/lib/armv6k/fpu\libg.a(lib_a-memset.o)
                0x0000000000109714                memset
 .text.__malloc_lock
                0x000000000010982c        0xc c:/devkitpro/devkitarm/bin/../lib/gcc/arm-none-eabi/9.1.0/../../../../arm-none-eabi/lib/armv6k/fpu\libg.a(lib_a-mlock.o)
                0x000000000010982c                __malloc_lock
 .text.__malloc_unlock
                0x0000000000109838        0xc c:/devkitpro/devkitarm/bin/../lib/gcc/arm-none-eabi/9.1.0/../../../../arm-none-eabi/lib/armv6k/fpu\libg.a(lib_a-mlock.o)
                0x0000000000109838                __malloc_unlock
 .text.printf   0x0000000000109844       0x34 c:/devkitpro/devkitarm/bin/../lib/gcc/arm-none-eabi/9.1.0/../../../../arm-none-eabi/lib/armv6k/fpu\libg.a(lib_a-printf.o)
                0x0000000000109844                printf
 .text.setvbuf  0x0000000000109878      0x260 c:/devkitpro/devkitarm/bin/../lib/gcc/arm-none-eabi/9.1.0/../../../../arm-none-eabi/lib/armv6k/fpu\libg.a(lib_a-setvbuf.o)
                0x0000000000109878                setvbuf
 .text.sscanf   0x0000000000109ad8       0x74 c:/devkitpro/devkitarm/bin/../lib/gcc/arm-none-eabi/9.1.0/../../../../arm-none-eabi/lib/armv6k/fpu\libg.a(lib_a-sscanf.o)
                0x0000000000109ad8                sscanf
 .text.__sread  0x0000000000109b4c       0x3c c:/devkitpro/devkitarm/bin/../lib/gcc/arm-none-eabi/9.1.0/../../../../arm-none-eabi/lib/armv6k/fpu\libg.a(lib_a-stdio.o)
                0x0000000000109b4c                __sread
 .text.__seofread
                0x0000000000109b88        0x8 c:/devkitpro/devkitarm/bin/../lib/gcc/arm-none-eabi/9.1.0/../../../../arm-none-eabi/lib/armv6k/fpu\libg.a(lib_a-stdio.o)
                0x0000000000109b88                __seofread
 .text.__swrite
                0x0000000000109b90       0x68 c:/devkitpro/devkitarm/bin/../lib/gcc/arm-none-eabi/9.1.0/../../../../arm-none-eabi/lib/armv6k/fpu\libg.a(lib_a-stdio.o)
                0x0000000000109b90                __swrite
 .text.__sseek  0x0000000000109bf8       0x58 c:/devkitpro/devkitarm/bin/../lib/gcc/arm-none-eabi/9.1.0/../../../../arm-none-eabi/lib/armv6k/fpu\libg.a(lib_a-stdio.o)
                0x0000000000109bf8                __sseek
 .text.__sclose
                0x0000000000109c50        0x8 c:/devkitpro/devkitarm/bin/../lib/gcc/arm-none-eabi/9.1.0/../../../../arm-none-eabi/lib/armv6k/fpu\libg.a(lib_a-stdio.o)
                0x0000000000109c50                __sclose
 .text.strlen   0x0000000000109c58       0x5c c:/devkitpro/devkitarm/bin/../lib/gcc/arm-none-eabi/9.1.0/../../../../arm-none-eabi/lib/armv6k/fpu\libg.a(lib_a-strlen-stub.o)
                0x0000000000109c58                strlen
 .text.strncat  0x0000000000109cb4       0x98 c:/devkitpro/devkitarm/bin/../lib/gcc/arm-none-eabi/9.1.0/../../../../arm-none-eabi/lib/armv6k/fpu\libg.a(lib_a-strncat.o)
                0x0000000000109cb4                strncat
 .text.strncpy  0x0000000000109d4c       0xc0 c:/devkitpro/devkitarm/bin/../lib/gcc/arm-none-eabi/9.1.0/../../../../arm-none-eabi/lib/armv6k/fpu\libg.a(lib_a-strncpy.o)
                0x0000000000109d4c                strncpy
 .text.strnlen  0x0000000000109e0c       0x48 c:/devkitpro/devkitarm/bin/../lib/gcc/arm-none-eabi/9.1.0/../../../../arm-none-eabi/lib/armv6k/fpu\libg.a(lib_a-strnlen.o)
                0x0000000000109e0c                strnlen
 .text.get_arg  0x0000000000109e54       0x48 c:/devkitpro/devkitarm/bin/../lib/gcc/arm-none-eabi/9.1.0/../../../../arm-none-eabi/lib/armv6k/fpu\libg.a(lib_a-svfscanf.o)
 .text.__ssvfscanf_r
                0x0000000000109e9c     0x2b84 c:/devkitpro/devkitarm/bin/../lib/gcc/arm-none-eabi/9.1.0/../../../../arm-none-eabi/lib/armv6k/fpu\libg.a(lib_a-svfscanf.o)
                0x0000000000109e9c                __ssvfscanf_r
 .text.__sprint_r
                0x000000000010ca20       0x34 c:/devkitpro/devkitarm/bin/../lib/gcc/arm-none-eabi/9.1.0/../../../../arm-none-eabi/lib/armv6k/fpu\libg.a(lib_a-vfiprintf.o)
                0x000000000010ca20                __sprint_r
 .text.get_arg  0x000000000010ca54      0x650 c:/devkitpro/devkitarm/bin/../lib/gcc/arm-none-eabi/9.1.0/../../../../arm-none-eabi/lib/armv6k/fpu\libg.a(lib_a-vfprintf.o)
 *fill*         0x000000000010d0a4        0x4 
 .text._vfprintf_r
                0x000000000010d0a8     0x38e0 c:/devkitpro/devkitarm/bin/../lib/gcc/arm-none-eabi/9.1.0/../../../../arm-none-eabi/lib/armv6k/fpu\libg.a(lib_a-vfprintf.o)
                0x000000000010d0a8                _vfprintf_r
 .text.__sbprintf
                0x0000000000110988       0xd4 c:/devkitpro/devkitarm/bin/../lib/gcc/arm-none-eabi/9.1.0/../../../../arm-none-eabi/lib/armv6k/fpu\libg.a(lib_a-vfprintf.o)
 .text._wcrtomb_r
                0x0000000000110a5c       0x54 c:/devkitpro/devkitarm/bin/../lib/gcc/arm-none-eabi/9.1.0/../../../../arm-none-eabi/lib/armv6k/fpu\libg.a(lib_a-wcrtomb.o)
                0x0000000000110a5c                _wcrtomb_r
 .text._wcsrtombs_r
                0x0000000000110ab0       0x20 c:/devkitpro/devkitarm/bin/../lib/gcc/arm-none-eabi/9.1.0/../../../../arm-none-eabi/lib/armv6k/fpu\libg.a(lib_a-wcsrtombs.o)
                0x0000000000110ab0                _wcsrtombs_r
 .text.__swsetup_r
                0x0000000000110ad0      0x150 c:/devkitpro/devkitarm/bin/../lib/gcc/arm-none-eabi/9.1.0/../../../../arm-none-eabi/lib/armv6k/fpu\libg.a(lib_a-wsetup.o)
                0x0000000000110ad0                __swsetup_r
 .text.__call_exitprocs
                0x0000000000110c20      0x118 c:/devkitpro/devkitarm/bin/../lib/gcc/arm-none-eabi/9.1.0/../../../../arm-none-eabi/lib/armv6k/fpu\libg.a(lib_a-__call_atexit.o)
                0x0000000000110c20                __call_exitprocs
 .text.quorem   0x0000000000110d38      0x1a8 c:/devkitpro/devkitarm/bin/../lib/gcc/arm-none-eabi/9.1.0/../../../../arm-none-eabi/lib/armv6k/fpu\libg.a(lib_a-dtoa.o)
 .text._dtoa_r  0x0000000000110ee0     0x12ac c:/devkitpro/devkitarm/bin/../lib/gcc/arm-none-eabi/9.1.0/../../../../arm-none-eabi/lib/armv6k/fpu\libg.a(lib_a-dtoa.o)
                0x0000000000110ee0                _dtoa_r
 .text.__sflush_r
                0x000000000011218c      0x278 c:/devkitpro/devkitarm/bin/../lib/gcc/arm-none-eabi/9.1.0/../../../../arm-none-eabi/lib/armv6k/fpu\libg.a(lib_a-fflush.o)
                0x000000000011218c                __sflush_r
 .text._fflush_r
                0x0000000000112404       0x94 c:/devkitpro/devkitarm/bin/../lib/gcc/arm-none-eabi/9.1.0/../../../../arm-none-eabi/lib/armv6k/fpu\libg.a(lib_a-fflush.o)
                0x0000000000112404                _fflush_r
 .text.std      0x0000000000112498       0x78 c:/devkitpro/devkitarm/bin/../lib/gcc/arm-none-eabi/9.1.0/../../../../arm-none-eabi/lib/armv6k/fpu\libg.a(lib_a-findfp.o)
 .text._cleanup_r
                0x0000000000112510        0xc c:/devkitpro/devkitarm/bin/../lib/gcc/arm-none-eabi/9.1.0/../../../../arm-none-eabi/lib/armv6k/fpu\libg.a(lib_a-findfp.o)
                0x0000000000112510                _cleanup_r
 .text.__sinit  0x000000000011251c       0x8c c:/devkitpro/devkitarm/bin/../lib/gcc/arm-none-eabi/9.1.0/../../../../arm-none-eabi/lib/armv6k/fpu\libg.a(lib_a-findfp.o)
                0x000000000011251c                __sinit
 .text.__sfp_lock_acquire
                0x00000000001125a8        0xc c:/devkitpro/devkitarm/bin/../lib/gcc/arm-none-eabi/9.1.0/../../../../arm-none-eabi/lib/armv6k/fpu\libg.a(lib_a-findfp.o)
                0x00000000001125a8                __sfp_lock_acquire
 .text.__sfp_lock_release
                0x00000000001125b4        0xc c:/devkitpro/devkitarm/bin/../lib/gcc/arm-none-eabi/9.1.0/../../../../arm-none-eabi/lib/armv6k/fpu\libg.a(lib_a-findfp.o)
                0x00000000001125b4                __sfp_lock_release
 .text._malloc_trim_r
                0x00000000001125c0       0xf8 c:/devkitpro/devkitarm/bin/../lib/gcc/arm-none-eabi/9.1.0/../../../../arm-none-eabi/lib/armv6k/fpu\libg.a(lib_a-freer.o)
                0x00000000001125c0                _malloc_trim_r
 .text._free_r  0x00000000001126b8      0x2e8 c:/devkitpro/devkitarm/bin/../lib/gcc/arm-none-eabi/9.1.0/../../../../arm-none-eabi/lib/armv6k/fpu\libg.a(lib_a-freer.o)
                0x00000000001126b8                _free_r
 .text.__sfvwrite_r
                0x00000000001129a0      0x4a4 c:/devkitpro/devkitarm/bin/../lib/gcc/arm-none-eabi/9.1.0/../../../../arm-none-eabi/lib/armv6k/fpu\libg.a(lib_a-fvwrite.o)
                0x00000000001129a0                __sfvwrite_r
 .text._fwalk_reent
                0x0000000000112e44       0x70 c:/devkitpro/devkitarm/bin/../lib/gcc/arm-none-eabi/9.1.0/../../../../arm-none-eabi/lib/armv6k/fpu\libg.a(lib_a-fwalk.o)
                0x0000000000112e44                _fwalk_reent
 .text.iswspace
                0x0000000000112eb4        0x8 c:/devkitpro/devkitarm/bin/../lib/gcc/arm-none-eabi/9.1.0/../../../../arm-none-eabi/lib/armv6k/fpu\libg.a(lib_a-iswspace.o)
                0x0000000000112eb4                iswspace
 .text._localeconv_r
                0x0000000000112ebc        0xc c:/devkitpro/devkitarm/bin/../lib/gcc/arm-none-eabi/9.1.0/../../../../arm-none-eabi/lib/armv6k/fpu\libg.a(lib_a-localeconv.o)
                0x0000000000112ebc                _localeconv_r
 .text.__locale_mb_cur_max
                0x0000000000112ec8       0x10 c:/devkitpro/devkitarm/bin/../lib/gcc/arm-none-eabi/9.1.0/../../../../arm-none-eabi/lib/armv6k/fpu\libg.a(lib_a-locale.o)
                0x0000000000112ec8                __locale_mb_cur_max
 .text.__swhatbuf_r
                0x0000000000112ed8       0x94 c:/devkitpro/devkitarm/bin/../lib/gcc/arm-none-eabi/9.1.0/../../../../arm-none-eabi/lib/armv6k/fpu\libg.a(lib_a-makebuf.o)
                0x0000000000112ed8                __swhatbuf_r
 .text.__smakebuf_r
                0x0000000000112f6c       0xf8 c:/devkitpro/devkitarm/bin/../lib/gcc/arm-none-eabi/9.1.0/../../../../arm-none-eabi/lib/armv6k/fpu\libg.a(lib_a-makebuf.o)
                0x0000000000112f6c                __smakebuf_r
 .text._mbrtowc_r
                0x0000000000113064       0x60 c:/devkitpro/devkitarm/bin/../lib/gcc/arm-none-eabi/9.1.0/../../../../arm-none-eabi/lib/armv6k/fpu\libg.a(lib_a-mbrtowc.o)
                0x0000000000113064                _mbrtowc_r
 .text.__utf8_mbtowc
                0x00000000001130c4      0x2fc c:/devkitpro/devkitarm/bin/../lib/gcc/arm-none-eabi/9.1.0/../../../../arm-none-eabi/lib/armv6k/fpu\libg.a(lib_a-mbtowc_r.o)
                0x00000000001130c4                __utf8_mbtowc
 .text.memmove  0x00000000001133c0      0x154 c:/devkitpro/devkitarm/bin/../lib/gcc/arm-none-eabi/9.1.0/../../../../arm-none-eabi/lib/armv6k/fpu\libg.a(lib_a-memmove.o)
                0x00000000001133c0                memmove
 .text._Balloc  0x0000000000113514       0x88 c:/devkitpro/devkitarm/bin/../lib/gcc/arm-none-eabi/9.1.0/../../../../arm-none-eabi/lib/armv6k/fpu\libg.a(lib_a-mprec.o)
                0x0000000000113514                _Balloc
 .text._Bfree   0x000000000011359c       0x1c c:/devkitpro/devkitarm/bin/../lib/gcc/arm-none-eabi/9.1.0/../../../../arm-none-eabi/lib/armv6k/fpu\libg.a(lib_a-mprec.o)
                0x000000000011359c                _Bfree
 .text.__multadd
                0x00000000001135b8       0xd0 c:/devkitpro/devkitarm/bin/../lib/gcc/arm-none-eabi/9.1.0/../../../../arm-none-eabi/lib/armv6k/fpu\libg.a(lib_a-mprec.o)
                0x00000000001135b8                __multadd
 .text.__s2b    0x0000000000113688       0xec c:/devkitpro/devkitarm/bin/../lib/gcc/arm-none-eabi/9.1.0/../../../../arm-none-eabi/lib/armv6k/fpu\libg.a(lib_a-mprec.o)
                0x0000000000113688                __s2b
 .text.__hi0bits
                0x0000000000113774       0x58 c:/devkitpro/devkitarm/bin/../lib/gcc/arm-none-eabi/9.1.0/../../../../arm-none-eabi/lib/armv6k/fpu\libg.a(lib_a-mprec.o)
                0x0000000000113774                __hi0bits
 .text.__lo0bits
                0x00000000001137cc       0x9c c:/devkitpro/devkitarm/bin/../lib/gcc/arm-none-eabi/9.1.0/../../../../arm-none-eabi/lib/armv6k/fpu\libg.a(lib_a-mprec.o)
                0x00000000001137cc                __lo0bits
 .text.__i2b    0x0000000000113868       0x20 c:/devkitpro/devkitarm/bin/../lib/gcc/arm-none-eabi/9.1.0/../../../../arm-none-eabi/lib/armv6k/fpu\libg.a(lib_a-mprec.o)
                0x0000000000113868                __i2b
 .text.__multiply
                0x0000000000113888      0x1e0 c:/devkitpro/devkitarm/bin/../lib/gcc/arm-none-eabi/9.1.0/../../../../arm-none-eabi/lib/armv6k/fpu\libg.a(lib_a-mprec.o)
                0x0000000000113888                __multiply
 .text.__pow5mult
                0x0000000000113a68      0x100 c:/devkitpro/devkitarm/bin/../lib/gcc/arm-none-eabi/9.1.0/../../../../arm-none-eabi/lib/armv6k/fpu\libg.a(lib_a-mprec.o)
                0x0000000000113a68                __pow5mult
 .text.__lshift
                0x0000000000113b68      0x114 c:/devkitpro/devkitarm/bin/../lib/gcc/arm-none-eabi/9.1.0/../../../../arm-none-eabi/lib/armv6k/fpu\libg.a(lib_a-mprec.o)
                0x0000000000113b68                __lshift
 .text.__mcmp   0x0000000000113c7c       0x58 c:/devkitpro/devkitarm/bin/../lib/gcc/arm-none-eabi/9.1.0/../../../../arm-none-eabi/lib/armv6k/fpu\libg.a(lib_a-mprec.o)
                0x0000000000113c7c                __mcmp
 .text.__mdiff  0x0000000000113cd4      0x190 c:/devkitpro/devkitarm/bin/../lib/gcc/arm-none-eabi/9.1.0/../../../../arm-none-eabi/lib/armv6k/fpu\libg.a(lib_a-mprec.o)
                0x0000000000113cd4                __mdiff
 .text.__ulp    0x0000000000113e64       0x88 c:/devkitpro/devkitarm/bin/../lib/gcc/arm-none-eabi/9.1.0/../../../../arm-none-eabi/lib/armv6k/fpu\libg.a(lib_a-mprec.o)
                0x0000000000113e64                __ulp
 .text.__b2d    0x0000000000113eec       0xd4 c:/devkitpro/devkitarm/bin/../lib/gcc/arm-none-eabi/9.1.0/../../../../arm-none-eabi/lib/armv6k/fpu\libg.a(lib_a-mprec.o)
                0x0000000000113eec                __b2d
 .text.__d2b    0x0000000000113fc0      0x104 c:/devkitpro/devkitarm/bin/../lib/gcc/arm-none-eabi/9.1.0/../../../../arm-none-eabi/lib/armv6k/fpu\libg.a(lib_a-mprec.o)
                0x0000000000113fc0                __d2b
 .text.__ratio  0x00000000001140c4       0x84 c:/devkitpro/devkitarm/bin/../lib/gcc/arm-none-eabi/9.1.0/../../../../arm-none-eabi/lib/armv6k/fpu\libg.a(lib_a-mprec.o)
                0x00000000001140c4                __ratio
 .text.__copybits
                0x0000000000114148       0x6c c:/devkitpro/devkitarm/bin/../lib/gcc/arm-none-eabi/9.1.0/../../../../arm-none-eabi/lib/armv6k/fpu\libg.a(lib_a-mprec.o)
                0x0000000000114148                __copybits
 .text.__any_on
                0x00000000001141b4       0x5c c:/devkitpro/devkitarm/bin/../lib/gcc/arm-none-eabi/9.1.0/../../../../arm-none-eabi/lib/armv6k/fpu\libg.a(lib_a-mprec.o)
                0x00000000001141b4                __any_on
 .text.realloc  0x0000000000114210       0x28 c:/devkitpro/devkitarm/bin/../lib/gcc/arm-none-eabi/9.1.0/../../../../arm-none-eabi/lib/armv6k/fpu\libg.a(lib_a-realloc.o)
                0x0000000000114210                realloc
 .text._realloc_r
                0x0000000000114238      0x4bc c:/devkitpro/devkitarm/bin/../lib/gcc/arm-none-eabi/9.1.0/../../../../arm-none-eabi/lib/armv6k/fpu\libg.a(lib_a-reallocr.o)
                0x0000000000114238                _realloc_r
 .text.__sccl   0x00000000001146f4       0xe8 c:/devkitpro/devkitarm/bin/../lib/gcc/arm-none-eabi/9.1.0/../../../../arm-none-eabi/lib/armv6k/fpu\libg.a(lib_a-sccl.o)
                0x00000000001146f4                __sccl
 .text.nanf     0x00000000001147dc        0xc c:/devkitpro/devkitarm/bin/../lib/gcc/arm-none-eabi/9.1.0/../../../../arm-none-eabi/lib/armv6k/fpu\libg.a(lib_a-sf_nan.o)
                0x00000000001147dc                nanf
 .text.frexp    0x00000000001147e8       0xa8 c:/devkitpro/devkitarm/bin/../lib/gcc/arm-none-eabi/9.1.0/../../../../arm-none-eabi/lib/armv6k/fpu\libg.a(lib_a-s_frexp.o)
                0x00000000001147e8                frexp
 .text.sprintf  0x0000000000114890       0x64 c:/devkitpro/devkitarm/bin/../lib/gcc/arm-none-eabi/9.1.0/../../../../arm-none-eabi/lib/armv6k/fpu\libg.a(lib_a-sprintf.o)
                0x0000000000114890                sprintf
 .text.stpncpy  0x00000000001148f4       0xb8 c:/devkitpro/devkitarm/bin/../lib/gcc/arm-none-eabi/9.1.0/../../../../arm-none-eabi/lib/armv6k/fpu\libg.a(lib_a-stpncpy.o)
                0x00000000001148f4                stpncpy
 .text.strchr   0x00000000001149ac      0x144 c:/devkitpro/devkitarm/bin/../lib/gcc/arm-none-eabi/9.1.0/../../../../arm-none-eabi/lib/armv6k/fpu\libg.a(lib_a-strchr.o)
                0x00000000001149ac                strchr
 .text.strncmp  0x0000000000114af0       0xec c:/devkitpro/devkitarm/bin/../lib/gcc/arm-none-eabi/9.1.0/../../../../arm-none-eabi/lib/armv6k/fpu\libg.a(lib_a-strncmp.o)
                0x0000000000114af0                strncmp
 .text.sulp     0x0000000000114bdc       0x54 c:/devkitpro/devkitarm/bin/../lib/gcc/arm-none-eabi/9.1.0/../../../../arm-none-eabi/lib/armv6k/fpu\libg.a(lib_a-strtod.o)
 .text._strtod_l
                0x0000000000114c30     0x1414 c:/devkitpro/devkitarm/bin/../lib/gcc/arm-none-eabi/9.1.0/../../../../arm-none-eabi/lib/armv6k/fpu\libg.a(lib_a-strtod.o)
                0x0000000000114c30                _strtod_l
 .text._strtod_r
                0x0000000000116044        0xc c:/devkitpro/devkitarm/bin/../lib/gcc/arm-none-eabi/9.1.0/../../../../arm-none-eabi/lib/armv6k/fpu\libg.a(lib_a-strtod.o)
                0x0000000000116044                _strtod_r
 .text._strtoll_l.isra.0
                0x0000000000116050      0x23c c:/devkitpro/devkitarm/bin/../lib/gcc/arm-none-eabi/9.1.0/../../../../arm-none-eabi/lib/armv6k/fpu\libg.a(lib_a-strtoll.o)
 .text._strtoll_r
                0x000000000011628c        0x4 c:/devkitpro/devkitarm/bin/../lib/gcc/arm-none-eabi/9.1.0/../../../../arm-none-eabi/lib/armv6k/fpu\libg.a(lib_a-strtoll.o)
                0x000000000011628c                _strtoll_r
 .text._strtol_l.isra.0
                0x0000000000116290      0x1b4 c:/devkitpro/devkitarm/bin/../lib/gcc/arm-none-eabi/9.1.0/../../../../arm-none-eabi/lib/armv6k/fpu\libg.a(lib_a-strtol.o)
 .text._strtol_r
                0x0000000000116444        0x4 c:/devkitpro/devkitarm/bin/../lib/gcc/arm-none-eabi/9.1.0/../../../../arm-none-eabi/lib/armv6k/fpu\libg.a(lib_a-strtol.o)
                0x0000000000116444                _strtol_r
 .text._strtoull_l.isra.0
                0x0000000000116448      0x24c c:/devkitpro/devkitarm/bin/../lib/gcc/arm-none-eabi/9.1.0/../../../../arm-none-eabi/lib/armv6k/fpu\libg.a(lib_a-strtoull.o)
 .text._strtoull_r
                0x0000000000116694        0x4 c:/devkitpro/devkitarm/bin/../lib/gcc/arm-none-eabi/9.1.0/../../../../arm-none-eabi/lib/armv6k/fpu\libg.a(lib_a-strtoull.o)
                0x0000000000116694                _strtoull_r
 .text._strtoul_l.isra.0
                0x0000000000116698      0x1c8 c:/devkitpro/devkitarm/bin/../lib/gcc/arm-none-eabi/9.1.0/../../../../arm-none-eabi/lib/armv6k/fpu\libg.a(lib_a-strtoul.o)
 .text._strtoul_r
                0x0000000000116860        0x4 c:/devkitpro/devkitarm/bin/../lib/gcc/arm-none-eabi/9.1.0/../../../../arm-none-eabi/lib/armv6k/fpu\libg.a(lib_a-strtoul.o)
                0x0000000000116860                _strtoul_r
 .text.__ssprint_r
                0x0000000000116864      0x188 c:/devkitpro/devkitarm/bin/../lib/gcc/arm-none-eabi/9.1.0/../../../../arm-none-eabi/lib/armv6k/fpu\libg.a(lib_a-svfiprintf.o)
                0x0000000000116864                __ssprint_r
 .text._sungetc_r
                0x00000000001169ec       0xe0 c:/devkitpro/devkitarm/bin/../lib/gcc/arm-none-eabi/9.1.0/../../../../arm-none-eabi/lib/armv6k/fpu\libg.a(lib_a-svfiscanf.o)
                0x00000000001169ec                _sungetc_r
 .text.__ssrefill_r
                0x0000000000116acc       0x6c c:/devkitpro/devkitarm/bin/../lib/gcc/arm-none-eabi/9.1.0/../../../../arm-none-eabi/lib/armv6k/fpu\libg.a(lib_a-svfiscanf.o)
                0x0000000000116acc                __ssrefill_r
 .text._sfread_r
                0x0000000000116b38       0xc8 c:/devkitpro/devkitarm/bin/../lib/gcc/arm-none-eabi/9.1.0/../../../../arm-none-eabi/lib/armv6k/fpu\libg.a(lib_a-svfiscanf.o)
                0x0000000000116b38                _sfread_r
 .text.get_arg  0x0000000000116c00      0x650 c:/devkitpro/devkitarm/bin/../lib/gcc/arm-none-eabi/9.1.0/../../../../arm-none-eabi/lib/armv6k/fpu\libg.a(lib_a-svfprintf.o)
 .text._svfprintf_r
                0x0000000000117250     0x3814 c:/devkitpro/devkitarm/bin/../lib/gcc/arm-none-eabi/9.1.0/../../../../arm-none-eabi/lib/armv6k/fpu\libg.a(lib_a-svfprintf.o)
                0x0000000000117250                _svfprintf_r
 .text.__submore
                0x000000000011aa64       0xa8 c:/devkitpro/devkitarm/bin/../lib/gcc/arm-none-eabi/9.1.0/../../../../arm-none-eabi/lib/armv6k/fpu\libg.a(lib_a-ungetc.o)
                0x000000000011aa64                __submore
 .text._wcsnrtombs_l
                0x000000000011ab0c      0x190 c:/devkitpro/devkitarm/bin/../lib/gcc/arm-none-eabi/9.1.0/../../../../arm-none-eabi/lib/armv6k/fpu\libg.a(lib_a-wcsnrtombs.o)
                0x000000000011ab0c                _wcsnrtombs_l
 .text._wcsnrtombs_r
                0x000000000011ac9c       0x48 c:/devkitpro/devkitarm/bin/../lib/gcc/arm-none-eabi/9.1.0/../../../../arm-none-eabi/lib/armv6k/fpu\libg.a(lib_a-wcsnrtombs.o)
                0x000000000011ac9c                _wcsnrtombs_r
 .text.__utf8_wctomb
                0x000000000011ace4       0xf0 c:/devkitpro/devkitarm/bin/../lib/gcc/arm-none-eabi/9.1.0/../../../../arm-none-eabi/lib/armv6k/fpu\libg.a(lib_a-wctomb_r.o)
                0x000000000011ace4                __utf8_wctomb
 .text._calloc_r
                0x000000000011add4       0x94 c:/devkitpro/devkitarm/bin/../lib/gcc/arm-none-eabi/9.1.0/../../../../arm-none-eabi/lib/armv6k/fpu\libg.a(lib_a-callocr.o)
                0x000000000011add4                _calloc_r
 .text._fclose_r
                0x000000000011ae68      0x160 c:/devkitpro/devkitarm/bin/../lib/gcc/arm-none-eabi/9.1.0/../../../../arm-none-eabi/lib/armv6k/fpu\libg.a(lib_a-fclose.o)
                0x000000000011ae68                _fclose_r
 .text.rshift   0x000000000011afc8       0xec c:/devkitpro/devkitarm/bin/../lib/gcc/arm-none-eabi/9.1.0/../../../../arm-none-eabi/lib/armv6k/fpu\libg.a(lib_a-gdtoa-gethex.o)
 .text.__gethex
                0x000000000011b0b4      0x828 c:/devkitpro/devkitarm/bin/../lib/gcc/arm-none-eabi/9.1.0/../../../../arm-none-eabi/lib/armv6k/fpu\libg.a(lib_a-gdtoa-gethex.o)
                0x000000000011b0b4                __gethex
 .text.__match  0x000000000011b8dc       0x60 c:/devkitpro/devkitarm/bin/../lib/gcc/arm-none-eabi/9.1.0/../../../../arm-none-eabi/lib/armv6k/fpu\libg.a(lib_a-gdtoa-hexnan.o)
                0x000000000011b8dc                __match
 .text.__hexnan
                0x000000000011b93c      0x28c c:/devkitpro/devkitarm/bin/../lib/gcc/arm-none-eabi/9.1.0/../../../../arm-none-eabi/lib/armv6k/fpu\libg.a(lib_a-gdtoa-hexnan.o)
                0x000000000011b93c                __hexnan
 .text.iswspace_l
                0x000000000011bbc8       0x3c c:/devkitpro/devkitarm/bin/../lib/gcc/arm-none-eabi/9.1.0/../../../../arm-none-eabi/lib/armv6k/fpu\libg.a(lib_a-iswspace_l.o)
                0x000000000011bbc8                iswspace_l
 .text.__jp2uc  0x000000000011bc04      0x1e0 c:/devkitpro/devkitarm/bin/../lib/gcc/arm-none-eabi/9.1.0/../../../../arm-none-eabi/lib/armv6k/fpu\libg.a(lib_a-jp2uc.o)
 .text._jp2uc_l
                0x000000000011bde4       0x94 c:/devkitpro/devkitarm/bin/../lib/gcc/arm-none-eabi/9.1.0/../../../../arm-none-eabi/lib/armv6k/fpu\libg.a(lib_a-jp2uc.o)
                0x000000000011bde4                _jp2uc_l
 .text.nan      0x000000000011be78       0x10 c:/devkitpro/devkitarm/bin/../lib/gcc/arm-none-eabi/9.1.0/../../../../arm-none-eabi/lib/armv6k/fpu\libg.a(lib_a-s_nan.o)
                0x000000000011be78                nan
 .text.category
                0x000000000011be88       0x88 c:/devkitpro/devkitarm/bin/../lib/gcc/arm-none-eabi/9.1.0/../../../../arm-none-eabi/lib/armv6k/fpu\libg.a(lib_a-categories.o)
                0x000000000011be88                category
 .text.null_write
                0x000000000011bf10        0x8 c:/devkitpro/devkitarm/bin/../lib/gcc/arm-none-eabi/9.1.0/../../../../arm-none-eabi/lib/armv6k/fpu\libsysbase.a(iosupport.o)
 .text.setDefaultDevice
                0x000000000011bf18       0x18 c:/devkitpro/devkitarm/bin/../lib/gcc/arm-none-eabi/9.1.0/../../../../arm-none-eabi/lib/armv6k/fpu\libsysbase.a(iosupport.o)
                0x000000000011bf18                setDefaultDevice
 .text.FindDevice
                0x000000000011bf30       0xc8 c:/devkitpro/devkitarm/bin/../lib/gcc/arm-none-eabi/9.1.0/../../../../arm-none-eabi/lib/armv6k/fpu\libsysbase.a(iosupport.o)
                0x000000000011bf30                FindDevice
 .text.RemoveDevice
                0x000000000011bff8       0x28 c:/devkitpro/devkitarm/bin/../lib/gcc/arm-none-eabi/9.1.0/../../../../arm-none-eabi/lib/armv6k/fpu\libsysbase.a(iosupport.o)
                0x000000000011bff8                RemoveDevice
 .text.AddDevice
                0x000000000011c020       0x9c c:/devkitpro/devkitarm/bin/../lib/gcc/arm-none-eabi/9.1.0/../../../../arm-none-eabi/lib/armv6k/fpu\libsysbase.a(iosupport.o)
                0x000000000011c020                AddDevice
 .text._fstat_r
                0x000000000011c0bc       0x78 c:/devkitpro/devkitarm/bin/../lib/gcc/arm-none-eabi/9.1.0/../../../../arm-none-eabi/lib/armv6k/fpu\libsysbase.a(fstat.o)
                0x000000000011c0bc                _fstat_r
 .text._isatty_r
                0x000000000011c134        0x8 c:/devkitpro/devkitarm/bin/../lib/gcc/arm-none-eabi/9.1.0/../../../../arm-none-eabi/lib/armv6k/fpu\libsysbase.a(isatty.o)
                0x000000000011c134                _isatty_r
 .text._lseek_r
                0x000000000011c13c       0x84 c:/devkitpro/devkitarm/bin/../lib/gcc/arm-none-eabi/9.1.0/../../../../arm-none-eabi/lib/armv6k/fpu\libsysbase.a(lseek.o)
                0x000000000011c13c                _lseek_r
 .text._read_r  0x000000000011c1c0       0x80 c:/devkitpro/devkitarm/bin/../lib/gcc/arm-none-eabi/9.1.0/../../../../arm-none-eabi/lib/armv6k/fpu\libsysbase.a(read.o)
                0x000000000011c1c0                _read_r
 .text._sbrk_r  0x000000000011c240       0x78 c:/devkitpro/devkitarm/bin/../lib/gcc/arm-none-eabi/9.1.0/../../../../arm-none-eabi/lib/armv6k/fpu\libsysbase.a(sbrk.o)
                0x000000000011c240                _sbrk_r
 .text._write_r
                0x000000000011c2b8       0x80 c:/devkitpro/devkitarm/bin/../lib/gcc/arm-none-eabi/9.1.0/../../../../arm-none-eabi/lib/armv6k/fpu\libsysbase.a(write.o)
                0x000000000011c2b8                _write_r
 .text._exit    0x000000000011c338       0x24 c:/devkitpro/devkitarm/bin/../lib/gcc/arm-none-eabi/9.1.0/../../../../arm-none-eabi/lib/armv6k/fpu\libsysbase.a(_exit.o)
                0x000000000011c338                _exit
 .text._concatenate_path
                0x000000000011c35c      0x1bc c:/devkitpro/devkitarm/bin/../lib/gcc/arm-none-eabi/9.1.0/../../../../arm-none-eabi/lib/armv6k/fpu\libsysbase.a(chdir.o)
                0x000000000011c35c                _concatenate_path
 .text.chdir    0x000000000011c518      0x15c c:/devkitpro/devkitarm/bin/../lib/gcc/arm-none-eabi/9.1.0/../../../../arm-none-eabi/lib/armv6k/fpu\libsysbase.a(chdir.o)
                0x000000000011c518                chdir
 .text.__flockfile
                0x000000000011c674        0x8 c:/devkitpro/devkitarm/bin/../lib/gcc/arm-none-eabi/9.1.0/../../../../arm-none-eabi/lib/armv6k/fpu\libsysbase.a(flock.o)
                0x000000000011c674                __flockfile
 .text.__funlockfile
                0x000000000011c67c        0x8 c:/devkitpro/devkitarm/bin/../lib/gcc/arm-none-eabi/9.1.0/../../../../arm-none-eabi/lib/armv6k/fpu\libsysbase.a(flock.o)
                0x000000000011c67c                __funlockfile
 .text.__libc_lock_acquire
                0x000000000011c684       0x18 c:/devkitpro/devkitarm/bin/../lib/gcc/arm-none-eabi/9.1.0/../../../../arm-none-eabi/lib/armv6k/fpu\libsysbase.a(syscall_support.o)
                0x000000000011c684                __libc_lock_acquire
 .text.__libc_lock_release
                0x000000000011c69c       0x18 c:/devkitpro/devkitarm/bin/../lib/gcc/arm-none-eabi/9.1.0/../../../../arm-none-eabi/lib/armv6k/fpu\libsysbase.a(syscall_support.o)
                0x000000000011c69c                __libc_lock_release
 .text.__libc_lock_init_recursive
                0x000000000011c6b4       0x18 c:/devkitpro/devkitarm/bin/../lib/gcc/arm-none-eabi/9.1.0/../../../../arm-none-eabi/lib/armv6k/fpu\libsysbase.a(syscall_support.o)
                0x000000000011c6b4                __libc_lock_init_recursive
 .text.__libc_lock_acquire_recursive
                0x000000000011c6cc       0x18 c:/devkitpro/devkitarm/bin/../lib/gcc/arm-none-eabi/9.1.0/../../../../arm-none-eabi/lib/armv6k/fpu\libsysbase.a(syscall_support.o)
                0x000000000011c6cc                __libc_lock_acquire_recursive
 .text.__libc_lock_release_recursive
                0x000000000011c6e4       0x18 c:/devkitpro/devkitarm/bin/../lib/gcc/arm-none-eabi/9.1.0/../../../../arm-none-eabi/lib/armv6k/fpu\libsysbase.a(syscall_support.o)
                0x000000000011c6e4                __libc_lock_release_recursive
 .text.__libc_lock_close_recursive
                0x000000000011c6fc       0x18 c:/devkitpro/devkitarm/bin/../lib/gcc/arm-none-eabi/9.1.0/../../../../arm-none-eabi/lib/armv6k/fpu\libsysbase.a(syscall_support.o)
                0x000000000011c6fc                __libc_lock_close_recursive
 .text.__get_handle
                0x000000000011c714       0x3c c:/devkitpro/devkitarm/bin/../lib/gcc/arm-none-eabi/9.1.0/../../../../arm-none-eabi/lib/armv6k/fpu\libsysbase.a(handle_manager.o)
                0x000000000011c714                __get_handle
 .text._close_r
                0x000000000011c750       0xf8 c:/devkitpro/devkitarm/bin/../lib/gcc/arm-none-eabi/9.1.0/../../../../arm-none-eabi/lib/armv6k/fpu\libsysbase.a(handle_manager.o)
                0x000000000011c750                _close_r
 .text.__getreent
                0x000000000011c848       0x28 c:/devkitpro/devkitarm/bin/../lib/gcc/arm-none-eabi/9.1.0/../../../../arm-none-eabi/lib/armv6k/fpu\libsysbase.a(getreent.o)
                0x000000000011c848                __getreent
 .text.strrchr  0x000000000011c870       0x44 c:/devkitpro/devkitarm/bin/../lib/gcc/arm-none-eabi/9.1.0/../../../../arm-none-eabi/lib/armv6k/fpu\libg.a(lib_a-strrchr.o)
                0x000000000011c870                strrchr
 *(.glue_7)
 .glue_7        0x000000000011c8b4        0x0 linker stubs
 *(.glue_7t)
 .glue_7t       0x000000000011c8b4        0x0 linker stubs
 *(.stub)
 *(.gnu.warning)
 *(.gnu.linkonce.t*)
                0x000000000011c8b4                . = ALIGN (0x4)
 *(.fini)
 .fini          0x000000000011c8b4        0xc c:/devkitpro/devkitarm/bin/../lib/gcc/arm-none-eabi/9.1.0/armv6k/fpu/crti.o
                0x000000000011c8b4                _fini
 .fini          0x000000000011c8c0        0xc c:/devkitpro/devkitarm/bin/../lib/gcc/arm-none-eabi/9.1.0/armv6k/fpu/crtn.o
                0x000000000011c8cc                . = ALIGN (0x4)

.vfp11_veneer   0x000000000011c8cc        0x0
 .vfp11_veneer  0x000000000011c8cc        0x0 linker stubs

.v4_bx          0x000000000011c8cc        0x0
 .v4_bx         0x000000000011c8cc        0x0 linker stubs

.iplt           0x000000000011c8cc        0x0
 .iplt          0x000000000011c8cc        0x0 c:/devkitpro/devkitarm/bin/../lib/gcc/arm-none-eabi/9.1.0/../../../../arm-none-eabi/lib/armv6k/fpu/3dsx_crt0.o
                0x000000000011d000                . = ALIGN (0x1000)

.rodata         0x000000000011d000     0x7654
 *(.rodata)
 .rodata        0x000000000011d000      0x804 C:/devkitPro/libctru/lib\libctru.a(default_font.bin.o)
                0x000000000011d000                default_font_bin
                0x000000000011d800                default_font_bin_size
                0x000000000011d800                default_font_bin_end
 .rodata        0x000000000011d804        0xc C:/devkitPro/libctru/lib\libctru.a(sdmc_dev.o)
 *(.roda)
 *(.rodata.*)
 .rodata.str1.4
                0x000000000011d810       0x35 main.o
 *fill*         0x000000000011d845        0x3 
 .rodata.con_write.str1.4
                0x000000000011d848       0x52 C:/devkitPro/libctru/lib\libctru.a(console.o)
 *fill*         0x000000000011d89a        0x2 
 .rodata.str1.4
                0x000000000011d89c       0x10 C:/devkitPro/libctru/lib\libctru.a(console.o)
 .rodata.colorTable
                0x000000000011d8ac       0x30 C:/devkitPro/libctru/lib\libctru.a(console.o)
 .rodata.dotab_stdout
                0x000000000011d8dc       0x70 C:/devkitPro/libctru/lib\libctru.a(console.o)
 .rodata.CSWTCH.62
                0x000000000011d94c       0x14 C:/devkitPro/libctru/lib\libctru.a(gfx.o)
 .rodata.framebufferInfoSt
                0x000000000011d960        0x8 C:/devkitPro/libctru/lib\libctru.a(gfx.o)
 .rodata.gspInit.str1.4
                0x000000000011d968        0x9 C:/devkitPro/libctru/lib\libctru.a(gspgpu.o)
 *fill*         0x000000000011d971        0x3 
 .rodata.aptSendCommand.str1.4
                0x000000000011d974       0x16 C:/devkitPro/libctru/lib\libctru.a(apt.o)
 *fill*         0x000000000011d98a        0x2 
 .rodata.hidInit.str1.4
                0x000000000011d98c       0x15 C:/devkitPro/libctru/lib\libctru.a(hid.o)
 *fill*         0x000000000011d9a1        0x3 
 .rodata.srvInit.str1.4
                0x000000000011d9a4        0x5 C:/devkitPro/libctru/lib\libctru.a(srv.o)
 *fill*         0x000000000011d9a9        0x3 
 .rodata.irrstInit.str1.4
                0x000000000011d9ac        0x7 C:/devkitPro/libctru/lib\libctru.a(irrst.o)
 *fill*         0x000000000011d9b3        0x1 
 .rodata.ptmSysmInit.str1.4
                0x000000000011d9b4        0x9 C:/devkitPro/libctru/lib\libctru.a(ptmsysm.o)
 *fill*         0x000000000011d9bd        0x3 
 .rodata.str1.4
                0x000000000011d9c0        0x5 C:/devkitPro/libctru/lib\libctru.a(sdmc_dev.o)
                                          0x9 (size before relaxing)
 *fill*         0x000000000011d9c5        0x3 
 .rodata.sdmcExit.str1.4
                0x000000000011d9c8        0x6 C:/devkitPro/libctru/lib\libctru.a(sdmc_dev.o)
 *fill*         0x000000000011d9ce        0x2 
 .rodata.error_table
                0x000000000011d9d0       0x30 C:/devkitPro/libctru/lib\libctru.a(sdmc_dev.o)
 .rodata.fsInit.str1.4
                0x000000000011da00        0x8 C:/devkitPro/libctru/lib\libctru.a(fs.o)
 .rodata._global_impure_ptr
                0x000000000011da08        0x4 c:/devkitpro/devkitarm/bin/../lib/gcc/arm-none-eabi/9.1.0/../../../../arm-none-eabi/lib/armv6k/fpu\libg.a(lib_a-impure.o)
                0x000000000011da08                _global_impure_ptr
 .rodata.__ssvfscanf_r.str1.1
                0x000000000011da0c        0x5 c:/devkitpro/devkitarm/bin/../lib/gcc/arm-none-eabi/9.1.0/../../../../arm-none-eabi/lib/armv6k/fpu\libg.a(lib_a-svfscanf.o)
                                          0x6 (size before relaxing)
 *fill*         0x000000000011da11        0x3 
 .rodata.basefix.8820
                0x000000000011da14       0x22 c:/devkitpro/devkitarm/bin/../lib/gcc/arm-none-eabi/9.1.0/../../../../arm-none-eabi/lib/armv6k/fpu\libg.a(lib_a-svfscanf.o)
 .rodata._vfprintf_r.str1.1
                0x000000000011da36       0x3b c:/devkitpro/devkitarm/bin/../lib/gcc/arm-none-eabi/9.1.0/../../../../arm-none-eabi/lib/armv6k/fpu\libg.a(lib_a-vfprintf.o)
 *fill*         0x000000000011da71        0x3 
 .rodata.blanks.8791
                0x000000000011da74       0x10 c:/devkitpro/devkitarm/bin/../lib/gcc/arm-none-eabi/9.1.0/../../../../arm-none-eabi/lib/armv6k/fpu\libg.a(lib_a-vfprintf.o)
 .rodata.zeroes.8792
                0x000000000011da84       0x10 c:/devkitpro/devkitarm/bin/../lib/gcc/arm-none-eabi/9.1.0/../../../../arm-none-eabi/lib/armv6k/fpu\libg.a(lib_a-vfprintf.o)
 .rodata._ctype_
                0x000000000011da94      0x101 c:/devkitpro/devkitarm/bin/../lib/gcc/arm-none-eabi/9.1.0/../../../../arm-none-eabi/lib/armv6k/fpu\libg.a(lib_a-ctype_.o)
                0x000000000011da94                _ctype_
 *fill*         0x000000000011db95        0x3 
 .rodata._dtoa_r.str1.4
                0x000000000011db98       0x12 c:/devkitpro/devkitarm/bin/../lib/gcc/arm-none-eabi/9.1.0/../../../../arm-none-eabi/lib/armv6k/fpu\libg.a(lib_a-dtoa.o)
 *fill*         0x000000000011dbaa        0x2 
 .rodata.str1.4
                0x000000000011dbac       0x48 c:/devkitpro/devkitarm/bin/../lib/gcc/arm-none-eabi/9.1.0/../../../../arm-none-eabi/lib/armv6k/fpu\libg.a(lib_a-locale.o)
                                         0x4c (size before relaxing)
 .rodata._mbrtowc_r.str1.4
                0x000000000011dbf4        0x1 c:/devkitpro/devkitarm/bin/../lib/gcc/arm-none-eabi/9.1.0/../../../../arm-none-eabi/lib/armv6k/fpu\libg.a(lib_a-mbrtowc.o)
 *fill*         0x000000000011dbf4        0x4 
 .rodata.__mprec_bigtens
                0x000000000011dbf8       0x28 c:/devkitpro/devkitarm/bin/../lib/gcc/arm-none-eabi/9.1.0/../../../../arm-none-eabi/lib/armv6k/fpu\libg.a(lib_a-mprec.o)
                0x000000000011dbf8                __mprec_bigtens
 .rodata.__mprec_tens
                0x000000000011dc20       0xc8 c:/devkitpro/devkitarm/bin/../lib/gcc/arm-none-eabi/9.1.0/../../../../arm-none-eabi/lib/armv6k/fpu\libg.a(lib_a-mprec.o)
                0x000000000011dc20                __mprec_tens
 .rodata.p05.7510
                0x000000000011dce8        0xc c:/devkitpro/devkitarm/bin/../lib/gcc/arm-none-eabi/9.1.0/../../../../arm-none-eabi/lib/armv6k/fpu\libg.a(lib_a-mprec.o)
 .rodata._strtod_l.str1.4
                0x000000000011dcf4        0xf c:/devkitpro/devkitarm/bin/../lib/gcc/arm-none-eabi/9.1.0/../../../../arm-none-eabi/lib/armv6k/fpu\libg.a(lib_a-strtod.o)
                                         0x11 (size before relaxing)
 *fill*         0x000000000011dd03        0x1 
 .rodata.fpi.7590
                0x000000000011dd04       0x14 c:/devkitpro/devkitarm/bin/../lib/gcc/arm-none-eabi/9.1.0/../../../../arm-none-eabi/lib/armv6k/fpu\libg.a(lib_a-strtod.o)
 .rodata.fpinan.7626
                0x000000000011dd18       0x14 c:/devkitpro/devkitarm/bin/../lib/gcc/arm-none-eabi/9.1.0/../../../../arm-none-eabi/lib/armv6k/fpu\libg.a(lib_a-strtod.o)
 *fill*         0x000000000011dd2c        0x4 
 .rodata.tinytens
                0x000000000011dd30       0x28 c:/devkitpro/devkitarm/bin/../lib/gcc/arm-none-eabi/9.1.0/../../../../arm-none-eabi/lib/armv6k/fpu\libg.a(lib_a-strtod.o)
 .rodata.__action_table
                0x000000000011dd58       0x6c c:/devkitpro/devkitarm/bin/../lib/gcc/arm-none-eabi/9.1.0/../../../../arm-none-eabi/lib/armv6k/fpu\libg.a(lib_a-svfiprintf.o)
                0x000000000011dd58                __action_table
 .rodata.__chclass
                0x000000000011ddc4      0x100 c:/devkitpro/devkitarm/bin/../lib/gcc/arm-none-eabi/9.1.0/../../../../arm-none-eabi/lib/armv6k/fpu\libg.a(lib_a-svfiprintf.o)
                0x000000000011ddc4                __chclass
 .rodata.__state_table
                0x000000000011dec4       0x6c c:/devkitpro/devkitarm/bin/../lib/gcc/arm-none-eabi/9.1.0/../../../../arm-none-eabi/lib/armv6k/fpu\libg.a(lib_a-svfiprintf.o)
                0x000000000011dec4                __state_table
 .rodata._svfprintf_r.str1.1
                0x000000000011df30       0x3b c:/devkitpro/devkitarm/bin/../lib/gcc/arm-none-eabi/9.1.0/../../../../arm-none-eabi/lib/armv6k/fpu\libg.a(lib_a-svfprintf.o)
 .rodata.blanks.8776
                0x000000000011df30       0x10 c:/devkitpro/devkitarm/bin/../lib/gcc/arm-none-eabi/9.1.0/../../../../arm-none-eabi/lib/armv6k/fpu\libg.a(lib_a-svfprintf.o)
 .rodata.zeroes.8777
                0x000000000011df40       0x10 c:/devkitpro/devkitarm/bin/../lib/gcc/arm-none-eabi/9.1.0/../../../../arm-none-eabi/lib/armv6k/fpu\libg.a(lib_a-svfprintf.o)
 .rodata.__hexdig
                0x000000000011df50      0x100 c:/devkitpro/devkitarm/bin/../lib/gcc/arm-none-eabi/9.1.0/../../../../arm-none-eabi/lib/armv6k/fpu\libg.a(lib_a-gdtoa-gethex.o)
                0x000000000011df50                __hexdig
 .rodata._jp2uc_l.str1.4
                0x000000000011e050       0x12 c:/devkitpro/devkitarm/bin/../lib/gcc/arm-none-eabi/9.1.0/../../../../arm-none-eabi/lib/armv6k/fpu\libg.a(lib_a-jp2uc.o)
 *fill*         0x000000000011e062        0x2 
 .rodata.a1     0x000000000011e064       0xbc c:/devkitpro/devkitarm/bin/../lib/gcc/arm-none-eabi/9.1.0/../../../../arm-none-eabi/lib/armv6k/fpu\libg.a(lib_a-jp2uc.o)
 .rodata.a2     0x000000000011e120       0xbc c:/devkitpro/devkitarm/bin/../lib/gcc/arm-none-eabi/9.1.0/../../../../arm-none-eabi/lib/armv6k/fpu\libg.a(lib_a-jp2uc.o)
 .rodata.a3     0x000000000011e1dc       0x5b c:/devkitpro/devkitarm/bin/../lib/gcc/arm-none-eabi/9.1.0/../../../../arm-none-eabi/lib/armv6k/fpu\libg.a(lib_a-jp2uc.o)
 *fill*         0x000000000011e237        0x1 
 .rodata.a6     0x000000000011e238       0x70 c:/devkitpro/devkitarm/bin/../lib/gcc/arm-none-eabi/9.1.0/../../../../arm-none-eabi/lib/armv6k/fpu\libg.a(lib_a-jp2uc.o)
 .rodata.a7     0x000000000011e2a8       0xa2 c:/devkitpro/devkitarm/bin/../lib/gcc/arm-none-eabi/9.1.0/../../../../arm-none-eabi/lib/armv6k/fpu\libg.a(lib_a-jp2uc.o)
 *fill*         0x000000000011e34a        0x2 
 .rodata.a8     0x000000000011e34c       0x40 c:/devkitpro/devkitarm/bin/../lib/gcc/arm-none-eabi/9.1.0/../../../../arm-none-eabi/lib/armv6k/fpu\libg.a(lib_a-jp2uc.o)
 .rodata.b02cf  0x000000000011e38c     0x172a c:/devkitpro/devkitarm/bin/../lib/gcc/arm-none-eabi/9.1.0/../../../../arm-none-eabi/lib/armv6k/fpu\libg.a(lib_a-jp2uc.o)
 *fill*         0x000000000011fab6        0x2 
 .rodata.d02f4  0x000000000011fab8     0x1a7c c:/devkitpro/devkitarm/bin/../lib/gcc/arm-none-eabi/9.1.0/../../../../arm-none-eabi/lib/armv6k/fpu\libg.a(lib_a-jp2uc.o)
 .rodata.str1.4
                0x0000000000121534        0x5 c:/devkitpro/devkitarm/bin/../lib/gcc/arm-none-eabi/9.1.0/../../../../arm-none-eabi/lib/armv6k/fpu\libg.a(lib_a-lnumeric.o)
 .rodata._C_numeric_locale
                0x0000000000121534        0xc c:/devkitpro/devkitarm/bin/../lib/gcc/arm-none-eabi/9.1.0/../../../../arm-none-eabi/lib/armv6k/fpu\libg.a(lib_a-lnumeric.o)
                0x0000000000121534                _C_numeric_locale
 .rodata.categories
                0x0000000000121540     0x309c c:/devkitpro/devkitarm/bin/../lib/gcc/arm-none-eabi/9.1.0/../../../../arm-none-eabi/lib/armv6k/fpu\libg.a(lib_a-categories.o)
 .rodata.AddDevice.str1.4
                0x00000000001245dc        0x8 c:/devkitpro/devkitarm/bin/../lib/gcc/arm-none-eabi/9.1.0/../../../../arm-none-eabi/lib/armv6k/fpu\libsysbase.a(iosupport.o)
 .rodata.dotab_stdnull
                0x00000000001245e4       0x70 c:/devkitpro/devkitarm/bin/../lib/gcc/arm-none-eabi/9.1.0/../../../../arm-none-eabi/lib/armv6k/fpu\libsysbase.a(iosupport.o)
                0x00000000001245e4                dotab_stdnull
 *all.rodata*(*)
 *(.gnu.linkonce.r*)
                0x0000000000124654                . = ALIGN (0x4)

.eh_frame       0x0000000000124654        0x0
 .eh_frame      0x0000000000124654        0x0 c:/devkitpro/devkitarm/bin/../lib/gcc/arm-none-eabi/9.1.0/armv6k/fpu/crtbegin.o

.rel.dyn        0x0000000000124654        0x0
 .rel.iplt      0x0000000000124654        0x0 c:/devkitpro/devkitarm/bin/../lib/gcc/arm-none-eabi/9.1.0/../../../../arm-none-eabi/lib/armv6k/fpu/3dsx_crt0.o

.ARM.extab
 *(.ARM.extab* .gnu.linkonce.armextab.*)
                0x0000000000124654                __exidx_start = .

ARM.exidx
 *(.ARM.exidx* .gnu.linkonce.armexidx.*)
                0x0000000000124654                __exidx_end = .
                0x0000000000125000                . = ALIGN (0x1000)

.data           0x0000000000125000     0x23b8
 *(.data)
 .data          0x0000000000125000        0x4 C:/devkitPro/libctru/lib\libctru.a(stack_adjust.o)
                0x0000000000125000                __stacksize__
 *(.data.*)
 .data.currentConsole
                0x0000000000125004        0x4 C:/devkitPro/libctru/lib\libctru.a(console.o)
                0x0000000000125004                currentConsole
 .data.defaultConsole
                0x0000000000125008       0x4c C:/devkitPro/libctru/lib\libctru.a(console.o)
                0x0000000000125008                defaultConsole
 .data.firstConsoleInit.8429
                0x0000000000125054        0x1 C:/devkitPro/libctru/lib\libctru.a(console.o)
 .data.botFormat
                0x0000000000125055        0x1 C:/devkitPro/libctru/lib\libctru.a(gfx.o)
 *fill*         0x0000000000125056        0x2 
 .data.doubleBuf
                0x0000000000125058        0x8 C:/devkitPro/libctru/lib\libctru.a(gfx.o)
 .data.topFormat
                0x0000000000125060        0x1 C:/devkitPro/libctru/lib\libctru.a(gfx.o)
 *fill*         0x0000000000125061        0x3 
 .data.gspLastEvent
                0x0000000000125064        0x4 C:/devkitPro/libctru/lib\libctru.a(gspgpu.o)
 .data.aptFlags
                0x0000000000125068        0x4 C:/devkitPro/libctru/lib\libctru.a(apt.o)
 .data.aptHomeAllowed
                0x000000000012506c        0x1 C:/devkitPro/libctru/lib\libctru.a(apt.o)
 *fill*         0x000000000012506d        0x3 
 .data.__ctru_linear_heap_size
                0x0000000000125070        0x4 C:/devkitPro/libctru/lib\libctru.a(allocateHeaps.o)
                0x0000000000125070                __ctru_linear_heap_size
 .data.__cwd    0x0000000000125074      0x401 C:/devkitPro/libctru/lib\libctru.a(sdmc_dev.o)
 *fill*         0x0000000000125475        0x3 
 .data.sdmc_devoptab
                0x0000000000125478       0x70 C:/devkitPro/libctru/lib\libctru.a(sdmc_dev.o)
 .data._impure_ptr
                0x00000000001254e8        0x4 c:/devkitpro/devkitarm/bin/../lib/gcc/arm-none-eabi/9.1.0/../../../../arm-none-eabi/lib/armv6k/fpu\libg.a(lib_a-impure.o)
                0x00000000001254e8                _impure_ptr
 *fill*         0x00000000001254ec        0x4 
 .data.impure_data
                0x00000000001254f0      0x460 c:/devkitpro/devkitarm/bin/../lib/gcc/arm-none-eabi/9.1.0/../../../../arm-none-eabi/lib/armv6k/fpu\libg.a(lib_a-impure.o)
 .data.__malloc_av_
                0x0000000000125950      0x408 c:/devkitpro/devkitarm/bin/../lib/gcc/arm-none-eabi/9.1.0/../../../../arm-none-eabi/lib/armv6k/fpu\libg.a(lib_a-mallocr.o)
                0x0000000000125950                __malloc_av_
 .data.__malloc_sbrk_base
                0x0000000000125d58        0x4 c:/devkitpro/devkitarm/bin/../lib/gcc/arm-none-eabi/9.1.0/../../../../arm-none-eabi/lib/armv6k/fpu\libg.a(lib_a-mallocr.o)
                0x0000000000125d58                __malloc_sbrk_base
 .data.__malloc_trim_threshold
                0x0000000000125d5c        0x4 c:/devkitpro/devkitarm/bin/../lib/gcc/arm-none-eabi/9.1.0/../../../../arm-none-eabi/lib/armv6k/fpu\libg.a(lib_a-mallocr.o)
                0x0000000000125d5c                __malloc_trim_threshold
 .data.__malloc_recursive_mutex
                0x0000000000125d60        0xc c:/devkitpro/devkitarm/bin/../lib/gcc/arm-none-eabi/9.1.0/../../../../arm-none-eabi/lib/armv6k/fpu\libg.a(lib_a-mlock.o)
 .data.__atexit_recursive_mutex
                0x0000000000125d6c        0xc c:/devkitpro/devkitarm/bin/../lib/gcc/arm-none-eabi/9.1.0/../../../../arm-none-eabi/lib/armv6k/fpu\libg.a(lib_a-__call_atexit.o)
                0x0000000000125d6c                __atexit_recursive_mutex
 .data.__sfp_recursive_mutex
                0x0000000000125d78        0xc c:/devkitpro/devkitarm/bin/../lib/gcc/arm-none-eabi/9.1.0/../../../../arm-none-eabi/lib/armv6k/fpu\libg.a(lib_a-findfp.o)
 .data.__sinit_recursive_mutex
                0x0000000000125d84        0xc c:/devkitpro/devkitarm/bin/../lib/gcc/arm-none-eabi/9.1.0/../../../../arm-none-eabi/lib/armv6k/fpu\libg.a(lib_a-findfp.o)
 .data.__global_locale
                0x0000000000125d90      0x16c c:/devkitpro/devkitarm/bin/../lib/gcc/arm-none-eabi/9.1.0/../../../../arm-none-eabi/lib/armv6k/fpu\libg.a(lib_a-locale.o)
                0x0000000000125d90                __global_locale
 .data.numempty
                0x0000000000125efc        0x2 c:/devkitpro/devkitarm/bin/../lib/gcc/arm-none-eabi/9.1.0/../../../../arm-none-eabi/lib/armv6k/fpu\libg.a(lib_a-lnumeric.o)
 *fill*         0x0000000000125efe        0x2 
 .data.defaultDevice
                0x0000000000125f00        0x4 c:/devkitpro/devkitarm/bin/../lib/gcc/arm-none-eabi/9.1.0/../../../../arm-none-eabi/lib/armv6k/fpu\libsysbase.a(iosupport.o)
 .data.devoptab_list
                0x0000000000125f04       0x8c c:/devkitpro/devkitarm/bin/../lib/gcc/arm-none-eabi/9.1.0/../../../../arm-none-eabi/lib/armv6k/fpu\libsysbase.a(iosupport.o)
                0x0000000000125f04                devoptab_list
 .data._current_working_directory