Archive member included to satisfy reference by file (symbol)

C:/devkitPro/libctru/lib\libctru.a(console.o)
                              main.o (consoleInit)
C:/devkitPro/libctru/lib\libctru.a(gfx.o)
                              C:/devkitPro/libctru/lib\libctru.a(console.o) (gfxSetScreenFormat)
C:/devkitPro/libctru/lib\libctru.a(gx.o)
                              C:/devkitPro/libctru/lib\libctru.a(gfx.o) (gxCmdBuf)
C:/devkitPro/libctru/lib\libctru.a(gspgpu.o)
                              C:/devkitPro/libctru/lib\libctru.a(gfx.o) (gspInit)
C:/devkitPro/libctru/lib\libctru.a(apt.o)
                              main.o (aptMainLoop)
C:/devkitPro/libctru/lib\libctru.a(hid.o)
                              main.o (hidScanInput)
C:/devkitPro/libctru/lib\libctru.a(initSystem.o)
                              C:/devkitPro/libctru/lib\libctru.a(apt.o) (__system_retAddr)
C:/devkitPro/libctru/lib\libctru.a(syscalls.o)
                              C:/devkitPro/libctru/lib\libctru.a(initSystem.o) (__system_initSyscalls)
C:/devkitPro/libctru/lib\libctru.a(allocateHeaps.o)
                              C:/devkitPro/libctru/lib\libctru.a(initSystem.o) (__system_allocateHeaps)
C:/devkitPro/libctru/lib\libctru.a(initArgv.o)
                              C:/devkitPro/libctru/lib\libctru.a(initSystem.o) (__system_initArgv)
C:/devkitPro/libctru/lib\libctru.a(svc.o)
                              C:/devkitPro/libctru/lib\libctru.a(allocateHeaps.o) (svcControlMemory)
C:/devkitPro/libctru/lib\libctru.a(stack_adjust.o)
                              c:/devkitpro/devkitarm/bin/../lib/gcc/arm-none-eabi/9.1.0/../../../../arm-none-eabi/lib/armv6k/fpu/3dsx_crt0.o (initSystem)
C:/devkitPro/libctru/lib\libctru.a(default_font.bin.o)
                              C:/devkitPro/libctru/lib\libctru.a(console.o) (default_font_bin)
C:/devkitPro/libctru/lib\libctru.a(vram.o)
                              C:/devkitPro/libctru/lib\libctru.a(gfx.o) (vramAlloc)
C:/devkitPro/libctru/lib\libctru.a(mappable.o)
                              C:/devkitPro/libctru/lib\libctru.a(gfx.o) (mappableAlloc)
C:/devkitPro/libctru/lib\libctru.a(linear.o)
                              C:/devkitPro/libctru/lib\libctru.a(gfx.o) (linearAlloc)
C:/devkitPro/libctru/lib\libctru.a(mem_pool.o)
                              C:/devkitPro/libctru/lib\libctru.a(vram.o) (MemPool::Allocate(MemChunk&, unsigned long, int))
C:/devkitPro/libctru/lib\libctru.a(synchronization.o)
                              C:/devkitPro/libctru/lib\libctru.a(initSystem.o) (__sync_init)
C:/devkitPro/libctru/lib\libctru.a(os.o)
                              C:/devkitPro/libctru/lib\libctru.a(allocateHeaps.o) (osGetMemRegionUsed)
C:/devkitPro/libctru/lib\libctru.a(srv.o)
                              C:/devkitPro/libctru/lib\libctru.a(apt.o) (srvInit)
C:/devkitPro/libctru/lib\libctru.a(thread.o)
                              C:/devkitPro/libctru/lib\libctru.a(gspgpu.o) (threadCreate)
C:/devkitPro/libctru/lib\libctru.a(irrst.o)
                              C:/devkitPro/libctru/lib\libctru.a(hid.o) (irrstScanInput)
C:/devkitPro/libctru/lib\libctru.a(srvpm.o)
                              C:/devkitPro/libctru/lib\libctru.a(srv.o) (srvPmGetSessionHandle)
C:/devkitPro/libctru/lib\libctru.a(ptmsysm.o)
                              C:/devkitPro/libctru/lib\libctru.a(os.o) (ptmSysmInit)
C:/devkitPro/libctru/lib\libctru.a(rbtree_init.o)
                              C:/devkitPro/libctru/lib\libctru.a(vram.o) (rbtree_init)
C:/devkitPro/libctru/lib\libctru.a(rbtree_insert.o)
                              C:/devkitPro/libctru/lib\libctru.a(vram.o) (rbtree_insert)
C:/devkitPro/libctru/lib\libctru.a(rbtree_rotate.o)
                              C:/devkitPro/libctru/lib\libctru.a(rbtree_insert.o) (rbtree_rotate)
C:/devkitPro/libctru/lib\libctru.a(rbtree_remove.o)
                              C:/devkitPro/libctru/lib\libctru.a(vram.o) (rbtree_remove)
C:/devkitPro/libctru/lib\libctru.a(rbtree_find.o)
                              C:/devkitPro/libctru/lib\libctru.a(vram.o) (rbtree_find)
C:/devkitPro/libctru/lib\libctru.a(appInit.o)
                              C:/devkitPro/libctru/lib\libctru.a(stack_adjust.o) (__appInit)
C:/devkitPro/libctru/lib\libctru.a(appExit.o)
                              C:/devkitPro/libctru/lib\libctru.a(stack_adjust.o) (__appExit)
C:/devkitPro/libctru/lib\libctru.a(ctru_exit.o)
                              C:/devkitPro/libctru/lib\libctru.a(stack_adjust.o) (__libctru_exit)
C:/devkitPro/libctru/lib\libctru.a(env.o)
                              C:/devkitPro/libctru/lib\libctru.a(srv.o) (envGetHandle)
C:/devkitPro/libctru/lib\libctru.a(sdmc_dev.o)
                              C:/devkitPro/libctru/lib\libctru.a(appInit.o) (sdmcInit)
C:/devkitPro/libctru/lib\libctru.a(fs.o)
                              C:/devkitPro/libctru/lib\libctru.a(appInit.o) (fsInit)
C:/devkitPro/libctru/lib\libctru.a(rbtree_iterator.o)
[...]
Memory Configuration

Name             Origin             Length             Attributes
*default*        0x0000000000000000 0xffffffffffffffff

Linker script and memory map

                0x0000000000100000                PROVIDE (__start__ = 0x100000)
                0x0000000000100000                . = __start__

.text           0x0000000000100000    0x1c94c
 *(.crt0)
 .crt0          0x0000000000100000       0x94 c:/devkitpro/devkitarm/bin/../lib/gcc/arm-none-eabi/9.1.0/../../../../arm-none-eabi/lib/armv6k/fpu/3dsx_crt0.o
                0x0000000000100000                _start
                0x0000000000100008                __service_ptr
                0x000000000010000c                __apt_appid
                0x0000000000100010                __heap_size
                0x0000000000100014                __linear_heap_size
                0x0000000000100018                __system_arglist
                0x000000000010001c                __system_runflags
 *(.init)
 .init          0x0000000000100094        0xc c:/devkitpro/devkitarm/bin/../lib/gcc/arm-none-eabi/9.1.0/armv6k/fpu/crti.o
                0x0000000000100094                _init
 .init          0x00000000001000a0        0xc c:/devkitpro/devkitarm/bin/../lib/gcc/arm-none-eabi/9.1.0/armv6k/fpu/crtn.o
                0x00000000001000ac                . = ALIGN (0x4)
 *(.text)
 .text          0x00000000001000ac       0x64 C:/devkitPro/libctru/lib\libctru.a(stack_adjust.o)
                0x00000000001000ac                initSystem
                0x00000000001000f0                __ctru_exit
 .text          0x0000000000100110      0x240 c:/devkitpro/devkitarm/bin/../lib/gcc/arm-none-eabi/9.1.0/armv6k/fpu\libgcc.a(_divsi3.o)
                0x0000000000100110                __divsi3
                0x0000000000100110                __aeabi_idiv
                0x0000000000100330                __aeabi_idivmod
 .text          0x0000000000100350        0x4 c:/devkitpro/devkitarm/bin/../lib/gcc/arm-none-eabi/9.1.0/armv6k/fpu\libgcc.a(_dvmd_tls.o)
                0x0000000000100350                __aeabi_idiv0
                0x0000000000100350                __aeabi_ldiv0
 .text          0x0000000000100354       0x3c c:/devkitpro/devkitarm/bin/../lib/gcc/arm-none-eabi/9.1.0/armv6k/fpu\libgcc.a(_aeabi_uldivmod.o)
                0x0000000000100354                __aeabi_uldivmod
 *fill*         0x0000000000100390       0x10 
 .text          0x00000000001003a0      0x390 c:/devkitpro/devkitarm/bin/../lib/gcc/arm-none-eabi/9.1.0/../../../../arm-none-eabi/lib/armv6k/fpu\libg.a(lib_a-strcmp.o)
                0x00000000001003a8                strcmp
 .text          0x0000000000100730      0x20c c:/devkitpro/devkitarm/bin/../lib/gcc/arm-none-eabi/9.1.0/armv6k/fpu\libgcc.a(_udivsi3.o)
                0x0000000000100730                __aeabi_uidiv
                0x0000000000100730                __udivsi3
                0x000000000010091c                __aeabi_uidivmod
 .text          0x000000000010093c      0x3c0 c:/devkitpro/devkitarm/bin/../lib/gcc/arm-none-eabi/9.1.0/armv6k/fpu\libgcc.a(_arm_addsubdf3.o)
                0x000000000010093c                __aeabi_drsub
                0x0000000000100944                __aeabi_dsub
                0x0000000000100944                __subdf3
                0x0000000000100948                __aeabi_dadd
                0x0000000000100948                __adddf3
                0x0000000000100bf4                __floatunsidf
                0x0000000000100bf4                __aeabi_ui2d
                0x0000000000100c18                __floatsidf
                0x0000000000100c18                __aeabi_i2d
                0x0000000000100c40                __aeabi_f2d
                0x0000000000100c40                __extendsfdf2
                0x0000000000100c88                __floatundidf
                0x0000000000100c88                __aeabi_ul2d
                0x0000000000100c9c                __floatdidf
                0x0000000000100c9c                __aeabi_l2d
 *(.text.*)
 .text.deregister_tm_clones
                0x0000000000100cfc       0x2c c:/devkitpro/devkitarm/bin/../lib/gcc/arm-none-eabi/9.1.0/armv6k/fpu/crtbegin.o
 .text.register_tm_clones
                0x0000000000100d28       0x38 c:/devkitpro/devkitarm/bin/../lib/gcc/arm-none-eabi/9.1.0/armv6k/fpu/crtbegin.o
 .text.__do_global_dtors_aux
                0x0000000000100d60       0x44 c:/devkitpro/devkitarm/bin/../lib/gcc/arm-none-eabi/9.1.0/armv6k/fpu/crtbegin.o
 .text.frame_dummy
                0x0000000000100da4       0x34 c:/devkitpro/devkitarm/bin/../lib/gcc/arm-none-eabi/9.1.0/armv6k/fpu/crtbegin.o
 .text.startup.main
                0x0000000000100dd8       0xc0 main.o
                0x0000000000100dd8                main
 .text.consoleDrawChar
                0x0000000000100e98      0x1b8 C:/devkitPro/libctru/lib\libctru.a(console.o)
                0x0000000000100e98                consoleDrawChar
 .text.consolePrintChar
                0x0000000000101050      0x124 C:/devkitPro/libctru/lib\libctru.a(console.o)
                0x0000000000101050                consolePrintChar
 .text.consoleCls
                0x0000000000101174      0x15c C:/devkitPro/libctru/lib\libctru.a(console.o)
 .text.consoleInit
                0x00000000001012d0      0x104 C:/devkitPro/libctru/lib\libctru.a(console.o)
                0x00000000001012d0                consoleInit
 .text.consoleClearLine
                0x00000000001013d4      0x10c C:/devkitPro/libctru/lib\libctru.a(console.o)
 .text.newRow   0x00000000001014e0       0xc4 C:/devkitPro/libctru/lib\libctru.a(console.o)
 .text.con_write
                0x00000000001015a4      0x7cc C:/devkitPro/libctru/lib\libctru.a(console.o)
                0x00000000001015a4                con_write
 .text.gfxSetFramebufferInfo.part.0
                0x0000000000101d70       0x8c C:/devkitPro/libctru/lib\libctru.a(gfx.o)
 .text.gfxSetFramebufferInfo
                0x0000000000101dfc       0x6c C:/devkitPro/libctru/lib\libctru.a(gfx.o)
 .text.gfxGetFramebuffer.part.0
                0x0000000000101e68       0x58 C:/devkitPro/libctru/lib\libctru.a(gfx.o)
 .text.__get_bytes_per_pixel
                0x0000000000101ec0       0x18 C:/devkitPro/libctru/lib\libctru.a(gfx.o)
                0x0000000000101ec0                __get_bytes_per_pixel
 .text.gfxSetScreenFormat
                0x0000000000101ed8      0x184 C:/devkitPro/libctru/lib\libctru.a(gfx.o)
                0x0000000000101ed8                gfxSetScreenFormat
 .text.gfxSetDoubleBuffering
                0x000000000010205c       0x10 C:/devkitPro/libctru/lib\libctru.a(gfx.o)
                0x000000000010205c                gfxSetDoubleBuffering
 .text.gfxInit  0x000000000010206c      0x214 C:/devkitPro/libctru/lib\libctru.a(gfx.o)
                0x000000000010206c                gfxInit
 .text.gfxInitDefault
                0x0000000000102280       0x10 C:/devkitPro/libctru/lib\libctru.a(gfx.o)
                0x0000000000102280                gfxInitDefault
 .text.gfxExit  0x0000000000102290       0xe0 C:/devkitPro/libctru/lib\libctru.a(gfx.o)
                0x0000000000102290                gfxExit
 .text.gfxGetFramebuffer
                0x0000000000102370       0x64 C:/devkitPro/libctru/lib\libctru.a(gfx.o)
                0x0000000000102370                gfxGetFramebuffer
 .text.gfxFlushBuffers
                0x00000000001023d4       0xcc C:/devkitPro/libctru/lib\libctru.a(gfx.o)
                0x00000000001023d4                gfxFlushBuffers
 .text.gfxConfigScreen
                0x00000000001024a0       0xf4 C:/devkitPro/libctru/lib\libctru.a(gfx.o)
                0x00000000001024a0                gfxConfigScreen
 .text.gfxSwapBuffers
                0x0000000000102594       0x20 C:/devkitPro/libctru/lib\libctru.a(gfx.o)
                0x0000000000102594                gfxSwapBuffers
 .text.gfxSwapBuffersGpu
                0x00000000001025b4       0x20 C:/devkitPro/libctru/lib\libctru.a(gfx.o)
                0x00000000001025b4                gfxSwapBuffersGpu
 .text.gspInit  0x00000000001025d4       0x74 C:/devkitPro/libctru/lib\libctru.a(gspgpu.o)
                0x00000000001025d4                gspInit
 .text.gspExit  0x0000000000102648       0x3c C:/devkitPro/libctru/lib\libctru.a(gspgpu.o)
                0x0000000000102648                gspExit
 .text.gspInitEventHandler
                0x0000000000102684       0xa4 C:/devkitPro/libctru/lib\libctru.a(gspgpu.o)
                0x0000000000102684                gspInitEventHandler
 .text.gspExitEventHandler
                0x0000000000102728       0x40 C:/devkitPro/libctru/lib\libctru.a(gspgpu.o)
                0x0000000000102728                gspExitEventHandler
 .text.gspWaitForEvent
                0x0000000000102768       0x50 C:/devkitPro/libctru/lib\libctru.a(gspgpu.o)
                0x0000000000102768                gspWaitForEvent
 .text.gxCmdQueueInterrupt
                0x00000000001027b8        0x4 C:/devkitPro/libctru/lib\libctru.a(gspgpu.o)
                0x00000000001027b8                gxCmdQueueInterrupt
 .text.gspEventThreadMain
                0x00000000001027bc      0x178 C:/devkitPro/libctru/lib\libctru.a(gspgpu.o)
 .text.GSPGPU_SetBufferSwap
                0x0000000000102934       0x6c C:/devkitPro/libctru/lib\libctru.a(gspgpu.o)
                0x0000000000102934                GSPGPU_SetBufferSwap
 .text.GSPGPU_FlushDataCache
                0x00000000001029a0       0x4c C:/devkitPro/libctru/lib\libctru.a(gspgpu.o)
                0x00000000001029a0                GSPGPU_FlushDataCache
 .text.GSPGPU_SetLcdForceBlack
                0x00000000001029ec       0x34 C:/devkitPro/libctru/lib\libctru.a(gspgpu.o)
                0x00000000001029ec                GSPGPU_SetLcdForceBlack
 .text.GSPGPU_RegisterInterruptRelayQueue
                0x0000000000102a20       0x64 C:/devkitPro/libctru/lib\libctru.a(gspgpu.o)
                0x0000000000102a20                GSPGPU_RegisterInterruptRelayQueue
 .text.GSPGPU_UnregisterInterruptRelayQueue
                0x0000000000102a84       0x2c C:/devkitPro/libctru/lib\libctru.a(gspgpu.o)
                0x0000000000102a84                GSPGPU_UnregisterInterruptRelayQueue
 .text.GSPGPU_AcquireRight
                0x0000000000102ab0       0x48 C:/devkitPro/libctru/lib\libctru.a(gspgpu.o)
                0x0000000000102ab0                GSPGPU_AcquireRight
 .text.GSPGPU_ReleaseRight
                0x0000000000102af8       0x2c C:/devkitPro/libctru/lib\libctru.a(gspgpu.o)
                0x0000000000102af8                GSPGPU_ReleaseRight
 .text.GSPGPU_ImportDisplayCaptureInfo
                0x0000000000102b24       0x80 C:/devkitPro/libctru/lib\libctru.a(gspgpu.o)
                0x0000000000102b24                GSPGPU_ImportDisplayCaptureInfo
 .text.GSPGPU_SaveVramSysArea
                0x0000000000102ba4       0x2c C:/devkitPro/libctru/lib\libctru.a(gspgpu.o)
                0x0000000000102ba4                GSPGPU_SaveVramSysArea
 .text.GSPGPU_RestoreVramSysArea
                0x0000000000102bd0       0x2c C:/devkitPro/libctru/lib\libctru.a(gspgpu.o)
                0x0000000000102bd0                GSPGPU_RestoreVramSysArea
 .text._aptDebug
                0x0000000000102bfc        0x4 C:/devkitPro/libctru/lib\libctru.a(apt.o)
                0x0000000000102bfc                _aptDebug
 .text.aptSendCommand
                0x0000000000102c00      0x170 C:/devkitPro/libctru/lib\libctru.a(apt.o)
                0x0000000000102c00                aptSendCommand
 .text.aptExitProcess
                0x0000000000102d70       0x3c C:/devkitPro/libctru/lib\libctru.a(apt.o)
 .text.APT_InquireNotification
                0x0000000000102dac       0x50 C:/devkitPro/libctru/lib\libctru.a(apt.o)
                0x0000000000102dac                APT_InquireNotification
 .text.aptEventHandler
                0x0000000000102dfc      0x194 C:/devkitPro/libctru/lib\libctru.a(apt.o)
 .text.APT_AppletUtility
                0x0000000000102f90       0x74 C:/devkitPro/libctru/lib\libctru.a(apt.o)
                0x0000000000102f90                APT_AppletUtility
 .text.aptSetSleepAllowed
                0x0000000000103004       0xb0 C:/devkitPro/libctru/lib\libctru.a(apt.o)
                0x0000000000103004                aptSetSleepAllowed
 .text.APT_GlanceParameter
                0x00000000001030b4       0xb4 C:/devkitPro/libctru/lib\libctru.a(apt.o)
                0x00000000001030b4                APT_GlanceParameter
 .text.APT_ReceiveParameter
                0x0000000000103168       0xc8 C:/devkitPro/libctru/lib\libctru.a(apt.o)
                0x0000000000103168                APT_ReceiveParameter
 .text.aptReceiveParameter.constprop.0
                0x0000000000103230       0xbc C:/devkitPro/libctru/lib\libctru.a(apt.o)
 *fill*         0x00000000001032ec        0x4 
 .text.aptScreenTransfer
                0x00000000001032f0      0x1e0 C:/devkitPro/libctru/lib\libctru.a(apt.o)
 .text.aptWaitForWakeUp
                0x00000000001034d0      0x210 C:/devkitPro/libctru/lib\libctru.a(apt.o)
 .text.APT_CancelParameter
                0x00000000001036e0       0x70 C:/devkitPro/libctru/lib\libctru.a(apt.o)
                0x00000000001036e0                APT_CancelParameter
 .text.aptInit  0x0000000000103750      0x25c C:/devkitPro/libctru/lib\libctru.a(apt.o)
                0x0000000000103750                aptInit
 .text.aptClearParamQueue
                0x00000000001039ac       0x88 C:/devkitPro/libctru/lib\libctru.a(apt.o)
 .text.aptMainLoop
                0x0000000000103a34      0x264 C:/devkitPro/libctru/lib\libctru.a(apt.o)
                0x0000000000103a34                aptMainLoop
 .text.aptExit  0x0000000000103c98      0x254 C:/devkitPro/libctru/lib\libctru.a(apt.o)
                0x0000000000103c98                aptExit
 .text.APT_CheckNew3DS
                0x0000000000103eec       0x7c C:/devkitPro/libctru/lib\libctru.a(apt.o)
                0x0000000000103eec                APT_CheckNew3DS
 .text.hidCheckSectionUpdateTime.part.0
                0x0000000000103f68       0x28 C:/devkitPro/libctru/lib\libctru.a(hid.o)
 .text.hidExit  0x0000000000103f90       0xd0 C:/devkitPro/libctru/lib\libctru.a(hid.o)
                0x0000000000103f90                hidExit
 .text.hidScanInput
                0x0000000000104060      0x1d8 C:/devkitPro/libctru/lib\libctru.a(hid.o)
                0x0000000000104060                hidScanInput
 .text.hidKeysHeld
                0x0000000000104238       0x10 C:/devkitPro/libctru/lib\libctru.a(hid.o)
                0x0000000000104238                hidKeysHeld
 .text.hidKeysDown
                0x0000000000104248       0x10 C:/devkitPro/libctru/lib\libctru.a(hid.o)
                0x0000000000104248                hidKeysDown
 .text.hidTouchRead
                0x0000000000104258       0x18 C:/devkitPro/libctru/lib\libctru.a(hid.o)
                0x0000000000104258                hidTouchRead
 .text.HIDUSER_GetHandles
                0x0000000000104270       0x90 C:/devkitPro/libctru/lib\libctru.a(hid.o)
                0x0000000000104270                HIDUSER_GetHandles
 .text.hidInit  0x0000000000104300      0x1a4 C:/devkitPro/libctru/lib\libctru.a(hid.o)
                0x0000000000104300                hidInit
 .text.__libctru_init
                0x00000000001044a4       0x38 C:/devkitPro/libctru/lib\libctru.a(initSystem.o)
                0x00000000001044a4                __libctru_init
 .text.__libctru_nanosleep
                0x00000000001044dc       0x34 C:/devkitPro/libctru/lib\libctru.a(syscalls.o)
 .text.__ctru_get_reent
                0x0000000000104510       0x30 C:/devkitPro/libctru/lib\libctru.a(syscalls.o)
 .text.__system_initSyscalls
                0x0000000000104540       0xfc C:/devkitPro/libctru/lib\libctru.a(syscalls.o)
                0x0000000000104540                __system_initSyscalls
 .text.__system_allocateHeaps
                0x000000000010463c      0x100 C:/devkitPro/libctru/lib\libctru.a(allocateHeaps.o)
                0x000000000010463c                __system_allocateHeaps
 .text.__system_initArgv
                0x000000000010473c       0xf0 C:/devkitPro/libctru/lib\libctru.a(initArgv.o)
                0x000000000010473c                __system_initArgv
 .text.svcControlMemory
                0x000000000010482c       0x20 C:/devkitPro/libctru/lib\libctru.a(svc.o)
                0x000000000010482c                svcControlMemory
 .text.svcExitProcess
                0x000000000010484c        0x8 C:/devkitPro/libctru/lib\libctru.a(svc.o)
                0x000000000010484c                svcExitProcess
 .text.svcCreateThread
                0x0000000000104854       0x20 C:/devkitPro/libctru/lib\libctru.a(svc.o)
                0x0000000000104854                svcCreateThread
 .text.svcExitThread
                0x0000000000104874        0x8 C:/devkitPro/libctru/lib\libctru.a(svc.o)
                0x0000000000104874                svcExitThread
 .text.svcSleepThread
                0x000000000010487c        0x8 C:/devkitPro/libctru/lib\libctru.a(svc.o)
                0x000000000010487c                svcSleepThread
 .text.svcReleaseMutex
                0x0000000000104884        0x8 C:/devkitPro/libctru/lib\libctru.a(svc.o)
                0x0000000000104884                svcReleaseMutex
 .text.svcCreateEvent
                0x000000000010488c       0x14 C:/devkitPro/libctru/lib\libctru.a(svc.o)
                0x000000000010488c                svcCreateEvent
 .text.svcSignalEvent
                0x00000000001048a0        0x8 C:/devkitPro/libctru/lib\libctru.a(svc.o)
                0x00000000001048a0                svcSignalEvent
 .text.svcClearEvent
                0x00000000001048a8        0x8 C:/devkitPro/libctru/lib\libctru.a(svc.o)
                0x00000000001048a8                svcClearEvent
 .text.svcMapMemoryBlock
                0x00000000001048b0        0x8 C:/devkitPro/libctru/lib\libctru.a(svc.o)
                0x00000000001048b0                svcMapMemoryBlock
 .text.svcUnmapMemoryBlock
                0x00000000001048b8        0x8 C:/devkitPro/libctru/lib\libctru.a(svc.o)
                0x00000000001048b8                svcUnmapMemoryBlock
 .text.svcCreateAddressArbiter
                0x00000000001048c0       0x14 C:/devkitPro/libctru/lib\libctru.a(svc.o)
                0x00000000001048c0                svcCreateAddressArbiter
 .text.svcArbitrateAddress
                0x00000000001048d4       0x18 C:/devkitPro/libctru/lib\libctru.a(svc.o)
                0x00000000001048d4                svcArbitrateAddress
 .text.svcCloseHandle
                0x00000000001048ec        0x8 C:/devkitPro/libctru/lib\libctru.a(svc.o)
                0x00000000001048ec                svcCloseHandle
 .text.svcWaitSynchronization
                0x00000000001048f4        0x8 C:/devkitPro/libctru/lib\libctru.a(svc.o)
                0x00000000001048f4                svcWaitSynchronization
 .text.svcWaitSynchronizationN
                0x00000000001048fc       0x28 C:/devkitPro/libctru/lib\libctru.a(svc.o)
                0x00000000001048fc                svcWaitSynchronizationN
 .text.svcDuplicateHandle
                0x0000000000104924       0x14 C:/devkitPro/libctru/lib\libctru.a(svc.o)
                0x0000000000104924                svcDuplicateHandle
 .text.svcGetSystemTick
                0x0000000000104938        0x8 C:/devkitPro/libctru/lib\libctru.a(svc.o)
                0x0000000000104938                svcGetSystemTick
 .text.svcGetSystemInfo
                0x0000000000104940       0x18 C:/devkitPro/libctru/lib\libctru.a(svc.o)
                0x0000000000104940                svcGetSystemInfo
 .text.svcConnectToPort
                0x0000000000104958       0x14 C:/devkitPro/libctru/lib\libctru.a(svc.o)
                0x0000000000104958                svcConnectToPort
 .text.svcSendSyncRequest
                0x000000000010496c        0x8 C:/devkitPro/libctru/lib\libctru.a(svc.o)
                0x000000000010496c                svcSendSyncRequest
 .text.svcBreak
                0x0000000000104974        0x8 C:/devkitPro/libctru/lib\libctru.a(svc.o)
                0x0000000000104974                svcBreak
 .text._ZL21addrMapNodeComparatorPK11rbtree_nodeS1_
                0x000000000010497c       0x24 C:/devkitPro/libctru/lib\libctru.a(vram.o)
 .text._ZL21addrMapNodeDestructorP11rbtree_node
                0x00000000001049a0        0x4 C:/devkitPro/libctru/lib\libctru.a(vram.o)
 .text.vramMemAlign
                0x00000000001049a4      0x114 C:/devkitPro/libctru/lib\libctru.a(vram.o)
                0x00000000001049a4                vramMemAlign
 .text.vramAlloc
                0x0000000000104ab8        0x8 C:/devkitPro/libctru/lib\libctru.a(vram.o)
                0x0000000000104ab8                vramAlloc
 .text.vramFree
                0x0000000000104ac0       0x54 C:/devkitPro/libctru/lib\libctru.a(vram.o)
                0x0000000000104ac0                vramFree
 .text._ZL21addrMapNodeComparatorPK11rbtree_nodeS1_
                0x0000000000104b14       0x24 C:/devkitPro/libctru/lib\libctru.a(mappable.o)
 .text._ZL21addrMapNodeDestructorP11rbtree_node
                0x0000000000104b38        0x4 C:/devkitPro/libctru/lib\libctru.a(mappable.o)
 .text.mappableAlloc
                0x0000000000104b3c       0xe8 C:/devkitPro/libctru/lib\libctru.a(mappable.o)
                0x0000000000104b3c                mappableAlloc
 .text.mappableFree
                0x0000000000104c24       0x54 C:/devkitPro/libctru/lib\libctru.a(mappable.o)
                0x0000000000104c24                mappableFree
 .text._ZL21addrMapNodeComparatorPK11rbtree_nodeS1_
                0x0000000000104c78       0x24 C:/devkitPro/libctru/lib\libctru.a(linear.o)
 .text._ZL21addrMapNodeDestructorP11rbtree_node
                0x0000000000104c9c        0x4 C:/devkitPro/libctru/lib\libctru.a(linear.o)
 .text.linearMemAlign
                0x0000000000104ca0      0x124 C:/devkitPro/libctru/lib\libctru.a(linear.o)
                0x0000000000104ca0                linearMemAlign
 .text.linearAlloc
                0x0000000000104dc4        0x8 C:/devkitPro/libctru/lib\libctru.a(linear.o)
                0x0000000000104dc4                linearAlloc
 .text.linearFree
                0x0000000000104dcc       0x54 C:/devkitPro/libctru/lib\libctru.a(linear.o)
                0x0000000000104dcc                linearFree
 .text._ZN7MemPool13CoalesceRightEP8MemBlock
                0x0000000000104e20       0x8c C:/devkitPro/libctru/lib\libctru.a(mem_pool.o)
                0x0000000000104e20                MemPool::CoalesceRight(MemBlock*)
 .text._ZN7MemPool8AllocateER8MemChunkmi
                0x0000000000104eac      0x174 C:/devkitPro/libctru/lib\libctru.a(mem_pool.o)
                0x0000000000104eac                MemPool::Allocate(MemChunk&, unsigned long, int)
 .text._ZN7MemPool10DeallocateERK8MemChunk
                0x0000000000105020       0xfc C:/devkitPro/libctru/lib\libctru.a(mem_pool.o)
                0x0000000000105020                MemPool::Deallocate(MemChunk const&)
 .text.LightLock_Unlock.part.0
                0x000000000010511c       0x38 C:/devkitPro/libctru/lib\libctru.a(synchronization.o)
 .text.__sync_init
                0x0000000000105154        0xc C:/devkitPro/libctru/lib\libctru.a(synchronization.o)
                0x0000000000105154                __sync_init
 .text.__sync_fini
                0x0000000000105160       0x18 C:/devkitPro/libctru/lib\libctru.a(synchronization.o)
                0x0000000000105160                __sync_fini
 .text.__sync_get_arbiter
                0x0000000000105178       0x10 C:/devkitPro/libctru/lib\libctru.a(synchronization.o)
                0x0000000000105178                __sync_get_arbiter
 .text.LightLock_Init
                0x0000000000105188       0x18 C:/devkitPro/libctru/lib\libctru.a(synchronization.o)
                0x0000000000105188                LightLock_Init
 .text.LightLock_Lock
                0x00000000001051a0       0x90 C:/devkitPro/libctru/lib\libctru.a(synchronization.o)
                0x00000000001051a0                LightLock_Lock
 .text.LightLock_TryLock
                0x0000000000105230       0x34 C:/devkitPro/libctru/lib\libctru.a(synchronization.o)
                0x0000000000105230                LightLock_TryLock
 .text.LightLock_Unlock
                0x0000000000105264       0x20 C:/devkitPro/libctru/lib\libctru.a(synchronization.o)
                0x0000000000105264                LightLock_Unlock
 .text.RecursiveLock_Init
                0x0000000000105284       0x24 C:/devkitPro/libctru/lib\libctru.a(synchronization.o)
                0x0000000000105284                RecursiveLock_Init
 .text.RecursiveLock_Lock
                0x00000000001052a8       0x30 C:/devkitPro/libctru/lib\libctru.a(synchronization.o)
                0x00000000001052a8                RecursiveLock_Lock
 .text.RecursiveLock_TryLock
                0x00000000001052d8       0x58 C:/devkitPro/libctru/lib\libctru.a(synchronization.o)
                0x00000000001052d8                RecursiveLock_TryLock
 .text.RecursiveLock_Unlock
                0x0000000000105330       0x38 C:/devkitPro/libctru/lib\libctru.a(synchronization.o)
                0x0000000000105330                RecursiveLock_Unlock
 .text.LightEvent_Init
                0x0000000000105368       0x38 C:/devkitPro/libctru/lib\libctru.a(synchronization.o)
                0x0000000000105368                LightEvent_Init
 .text.LightEvent_Clear
                0x00000000001053a0       0x7c C:/devkitPro/libctru/lib\libctru.a(synchronization.o)
                0x00000000001053a0                LightEvent_Clear
 .text.LightEvent_Signal
                0x000000000010541c       0xdc C:/devkitPro/libctru/lib\libctru.a(synchronization.o)
                0x000000000010541c                LightEvent_Signal
 .text.LightEvent_Wait
                0x00000000001054f8       0xc0 C:/devkitPro/libctru/lib\libctru.a(synchronization.o)
                0x00000000001054f8                LightEvent_Wait
 .text.getSysTime
                0x00000000001055b8       0x58 C:/devkitPro/libctru/lib\libctru.a(os.o)
 .text.__ctru_speedup_config.part.0
                0x0000000000105610       0x28 C:/devkitPro/libctru/lib\libctru.a(os.o)
 .text.osGetMemRegionUsed
                0x0000000000105638       0x24 C:/devkitPro/libctru/lib\libctru.a(os.o)
                0x0000000000105638                osGetMemRegionUsed
 *fill*         0x000000000010565c        0x4 
 .text.__libctru_gtod
                0x0000000000105660      0x128 C:/devkitPro/libctru/lib\libctru.a(os.o)
                0x0000000000105660                __libctru_gtod
 .text.__ctru_speedup_config
                0x0000000000105788       0x18 C:/devkitPro/libctru/lib\libctru.a(os.o)
                0x0000000000105788                __ctru_speedup_config
 .text.srvExit  0x00000000001057a0       0x58 C:/devkitPro/libctru/lib\libctru.a(srv.o)
                0x00000000001057a0                srvExit
 .text.srvRegisterClient
                0x00000000001057f8       0x38 C:/devkitPro/libctru/lib\libctru.a(srv.o)
                0x00000000001057f8                srvRegisterClient
 .text.srvInit  0x0000000000105830       0xcc C:/devkitPro/libctru/lib\libctru.a(srv.o)
                0x0000000000105830                srvInit
 .text.srvGetServiceHandleDirect
                0x00000000001058fc       0x80 C:/devkitPro/libctru/lib\libctru.a(srv.o)
                0x00000000001058fc                srvGetServiceHandleDirect
 .text.srvGetServiceHandle
                0x000000000010597c       0x48 C:/devkitPro/libctru/lib\libctru.a(srv.o)
                0x000000000010597c                srvGetServiceHandle
 .text.threadFree.part.0
                0x00000000001059c4       0x1c C:/devkitPro/libctru/lib\libctru.a(thread.o)
 .text.threadCreate
                0x00000000001059e0      0x180 C:/devkitPro/libctru/lib\libctru.a(thread.o)
                0x00000000001059e0                threadCreate
 .text.threadJoin
                0x0000000000105b60       0x24 C:/devkitPro/libctru/lib\libctru.a(thread.o)
                0x0000000000105b60                threadJoin
 .text.threadExit
                0x0000000000105b84       0x68 C:/devkitPro/libctru/lib\libctru.a(thread.o)
                0x0000000000105b84                threadExit
 .text._thread_begin
                0x0000000000105bec       0x48 C:/devkitPro/libctru/lib\libctru.a(thread.o)
 .text.irrstScanInput
                0x0000000000105c34       0xac C:/devkitPro/libctru/lib\libctru.a(irrst.o)
                0x0000000000105c34                irrstScanInput
 .text.irrstKeysHeld
                0x0000000000105ce0       0x24 C:/devkitPro/libctru/lib\libctru.a(irrst.o)
                0x0000000000105ce0                irrstKeysHeld
 .text.IRRST_GetHandles
                0x0000000000105d04       0x50 C:/devkitPro/libctru/lib\libctru.a(irrst.o)
                0x0000000000105d04                IRRST_GetHandles
 .text.irrstInit
                0x0000000000105d54      0x154 C:/devkitPro/libctru/lib\libctru.a(irrst.o)
                0x0000000000105d54                irrstInit
 .text.IRRST_Shutdown
                0x0000000000105ea8       0x2c C:/devkitPro/libctru/lib\libctru.a(irrst.o)
                0x0000000000105ea8                IRRST_Shutdown
 .text.irrstExit
                0x0000000000105ed4       0xac C:/devkitPro/libctru/lib\libctru.a(irrst.o)
                0x0000000000105ed4                irrstExit
 .text.srvPmGetSessionHandle
                0x0000000000105f80        0xc C:/devkitPro/libctru/lib\libctru.a(srvpm.o)
                0x0000000000105f80                srvPmGetSessionHandle
 .text.ptmSysmInit
                0x0000000000105f8c       0x74 C:/devkitPro/libctru/lib\libctru.a(ptmsysm.o)
                0x0000000000105f8c                ptmSysmInit
 .text.ptmSysmExit
                0x0000000000106000       0x3c C:/devkitPro/libctru/lib\libctru.a(ptmsysm.o)
                0x0000000000106000                ptmSysmExit
 .text.PTMSYSM_ConfigureNew3DSCPU
                0x000000000010603c       0x34 C:/devkitPro/libctru/lib\libctru.a(ptmsysm.o)
                0x000000000010603c                PTMSYSM_ConfigureNew3DSCPU
 .text.rbtree_init
                0x0000000000106070       0x14 C:/devkitPro/libctru/lib\libctru.a(rbtree_init.o)
                0x0000000000106070                rbtree_init
 .text.do_insert
                0x0000000000106084      0x1a4 C:/devkitPro/libctru/lib\libctru.a(rbtree_insert.o)
 .text.rbtree_insert
                0x0000000000106228        0x8 C:/devkitPro/libctru/lib\libctru.a(rbtree_insert.o)
                0x0000000000106228                rbtree_insert
 .text.rbtree_rotate
                0x0000000000106230       0x90 C:/devkitPro/libctru/lib\libctru.a(rbtree_rotate.o)
                0x0000000000106230                rbtree_rotate
 .text.rbtree_remove
                0x00000000001062c0      0x334 C:/devkitPro/libctru/lib\libctru.a(rbtree_remove.o)
                0x00000000001062c0                rbtree_remove
 .text.rbtree_find
                0x00000000001065f4       0x74 C:/devkitPro/libctru/lib\libctru.a(rbtree_find.o)
                0x00000000001065f4                rbtree_find
 .text.__appInit
                0x0000000000106668       0x1c C:/devkitPro/libctru/lib\libctru.a(appInit.o)
                0x0000000000106668                __appInit
 .text.__appExit
                0x0000000000106684       0x1c C:/devkitPro/libctru/lib\libctru.a(appExit.o)
                0x0000000000106684                __appExit
 .text.__libctru_exit
                0x00000000001066a0       0xa0 C:/devkitPro/libctru/lib\libctru.a(ctru_exit.o)
                0x00000000001066a0                __libctru_exit
 .text.envGetHandle
                0x0000000000106740       0x84 C:/devkitPro/libctru/lib\libctru.a(env.o)
                0x0000000000106740                envGetHandle
 .text.envDestroyHandles
                0x00000000001067c4       0x4c C:/devkitPro/libctru/lib\libctru.a(env.o)
                0x00000000001067c4                envDestroyHandles
 .text.sdmc_link
                0x0000000000106810       0x14 C:/devkitPro/libctru/lib\libctru.a(sdmc_dev.o)
 .text.sdmc_dirreset
                0x0000000000106824       0x14 C:/devkitPro/libctru/lib\libctru.a(sdmc_dev.o)
 .text.sdmc_chmod
                0x0000000000106838       0x14 C:/devkitPro/libctru/lib\libctru.a(sdmc_dev.o)
 .text.error_cmp
                0x000000000010684c       0x24 C:/devkitPro/libctru/lib\libctru.a(sdmc_dev.o)
 .text.sdmc_translate_error
                0x0000000000106870       0x50 C:/devkitPro/libctru/lib\libctru.a(sdmc_dev.o)
 .text.sdmc_fsync
                0x00000000001068c0       0x34 C:/devkitPro/libctru/lib\libctru.a(sdmc_dev.o)
 .text.sdmc_ftruncate
                0x00000000001068f4       0x54 C:/devkitPro/libctru/lib\libctru.a(sdmc_dev.o)
 .text.sdmc_statvfs
                0x0000000000106948       0xbc C:/devkitPro/libctru/lib\libctru.a(sdmc_dev.o)
 .text.sdmc_dirclose
                0x0000000000106a04       0x38 C:/devkitPro/libctru/lib\libctru.a(sdmc_dev.o)
 .text.sdmc_dirnext
                0x0000000000106a3c      0x13c C:/devkitPro/libctru/lib\libctru.a(sdmc_dev.o)
 .text.sdmc_close
                0x0000000000106b78       0x34 C:/devkitPro/libctru/lib\libctru.a(sdmc_dev.o)
 .text.sdmc_fstat
                0x0000000000106bac       0x70 C:/devkitPro/libctru/lib\libctru.a(sdmc_dev.o)
 .text.sdmc_seek
                0x0000000000106c1c       0xd4 C:/devkitPro/libctru/lib\libctru.a(sdmc_dev.o)
 .text.sdmc_read
                0x0000000000106cf0       0x78 C:/devkitPro/libctru/lib\libctru.a(sdmc_dev.o)
 .text.sdmc_write
                0x0000000000106d68       0xac C:/devkitPro/libctru/lib\libctru.a(sdmc_dev.o)
 .text.sdmc_utf16path
                0x0000000000106e14      0x1b0 C:/devkitPro/libctru/lib\libctru.a(sdmc_dev.o)
 .text.sdmc_rmdir
                0x0000000000106fc4       0x74 C:/devkitPro/libctru/lib\libctru.a(sdmc_dev.o)
 .text.sdmc_diropen
                0x0000000000107038       0xa4 C:/devkitPro/libctru/lib\libctru.a(sdmc_dev.o)
 .text.sdmc_chdir
                0x00000000001070dc       0xac C:/devkitPro/libctru/lib\libctru.a(sdmc_dev.o)
 .text.sdmc_mkdir
                0x0000000000107188       0x98 C:/devkitPro/libctru/lib\libctru.a(sdmc_dev.o)
 .text.sdmc_rename
                0x0000000000107220      0x108 C:/devkitPro/libctru/lib\libctru.a(sdmc_dev.o)
 .text.sdmc_unlink
                0x0000000000107328       0x74 C:/devkitPro/libctru/lib\libctru.a(sdmc_dev.o)
 .text.sdmc_stat
                0x000000000010739c      0x108 C:/devkitPro/libctru/lib\libctru.a(sdmc_dev.o)
 .text.sdmc_open
                0x00000000001074a4      0x198 C:/devkitPro/libctru/lib\libctru.a(sdmc_dev.o)
 .text.sdmc_fchmod
                0x000000000010763c       0x14 C:/devkitPro/libctru/lib\libctru.a(sdmc_dev.o)
 .text.sdmcInit
                0x0000000000107650      0x168 C:/devkitPro/libctru/lib\libctru.a(sdmc_dev.o)
                0x0000000000107650                sdmcInit
 .text.sdmcExit
                0x00000000001077b8       0x60 C:/devkitPro/libctru/lib\libctru.a(sdmc_dev.o)
                0x00000000001077b8                sdmcExit
 .text.fsSessionForArchive.part.0
                0x0000000000107818       0x28 C:/devkitPro/libctru/lib\libctru.a(fs.o)
 .text.fsInit   0x0000000000107840       0xc4 C:/devkitPro/libctru/lib\libctru.a(fs.o)
                0x0000000000107840                fsInit
 .text.fsExit   0x0000000000107904       0x3c C:/devkitPro/libctru/lib\libctru.a(fs.o)
                0x0000000000107904                fsExit
 .text.fsExemptFromSession
                0x0000000000107940       0x64 C:/devkitPro/libctru/lib\libctru.a(fs.o)
                0x0000000000107940                fsExemptFromSession
 .text.fsUnexemptFromSession
                0x00000000001079a4       0x5c C:/devkitPro/libctru/lib\libctru.a(fs.o)
                0x00000000001079a4                fsUnexemptFromSession
 .text.FSUSER_OpenFile
                0x0000000000107a00       0xbc C:/devkitPro/libctru/lib\libctru.a(fs.o)
                0x0000000000107a00                FSUSER_OpenFile
 .text.FSUSER_DeleteFile
                0x0000000000107abc       0xac C:/devkitPro/libctru/lib\libctru.a(fs.o)
                0x0000000000107abc                FSUSER_DeleteFile
 .text.FSUSER_RenameFile
                0x0000000000107b68       0xe8 C:/devkitPro/libctru/lib\libctru.a(fs.o)
                0x0000000000107b68                FSUSER_RenameFile
 .text.FSUSER_DeleteDirectory
                0x0000000000107c50       0xac C:/devkitPro/libctru/lib\libctru.a(fs.o)
                0x0000000000107c50                FSUSER_DeleteDirectory
 .text.FSUSER_CreateFile
                0x0000000000107cfc       0xc4 C:/devkitPro/libctru/lib\libctru.a(fs.o)
                0x0000000000107cfc                FSUSER_CreateFile
 .text.FSUSER_CreateDirectory
                0x0000000000107dc0       0xb4 C:/devkitPro/libctru/lib\libctru.a(fs.o)
                0x0000000000107dc0                FSUSER_CreateDirectory
 .text.FSUSER_RenameDirectory
                0x0000000000107e74       0xe8 C:/devkitPro/libctru/lib\libctru.a(fs.o)
                0x0000000000107e74                FSUSER_RenameDirectory
 .text.FSUSER_OpenDirectory
                0x0000000000107f5c       0xa0 C:/devkitPro/libctru/lib\libctru.a(fs.o)
                0x0000000000107f5c                FSUSER_OpenDirectory
 .text.FSUSER_OpenArchive
                0x0000000000107ffc       0x98 C:/devkitPro/libctru/lib\libctru.a(fs.o)
                0x0000000000107ffc                FSUSER_OpenArchive
 .text.FSUSER_CloseArchive
                0x0000000000108094       0x78 C:/devkitPro/libctru/lib\libctru.a(fs.o)
                0x0000000000108094                FSUSER_CloseArchive
 .text.FSUSER_GetSdmcArchiveResource
                0x000000000010810c       0x78 C:/devkitPro/libctru/lib\libctru.a(fs.o)
                0x000000000010810c                FSUSER_GetSdmcArchiveResource
 .text.FSUSER_IsSdmcWritable
                0x0000000000108184       0x64 C:/devkitPro/libctru/lib\libctru.a(fs.o)
                0x0000000000108184                FSUSER_IsSdmcWritable
 .text.FSFILE_Read
                0x00000000001081e8       0x5c C:/devkitPro/libctru/lib\libctru.a(fs.o)
                0x00000000001081e8                FSFILE_Read
 .text.FSFILE_Write
                0x0000000000108244       0x64 C:/devkitPro/libctru/lib\libctru.a(fs.o)
                0x0000000000108244                FSFILE_Write
 .text.FSFILE_GetSize
                0x00000000001082a8       0x38 C:/devkitPro/libctru/lib\libctru.a(fs.o)
                0x00000000001082a8                FSFILE_GetSize
 .text.FSFILE_SetSize
                0x00000000001082e0       0x28 C:/devkitPro/libctru/lib\libctru.a(fs.o)
                0x00000000001082e0                FSFILE_SetSize
 .text.FSFILE_Close
                0x0000000000108308       0x3c C:/devkitPro/libctru/lib\libctru.a(fs.o)
                0x0000000000108308                FSFILE_Close
 .text.FSFILE_Flush
                0x0000000000108344       0x24 C:/devkitPro/libctru/lib\libctru.a(fs.o)
                0x0000000000108344                FSFILE_Flush
 .text.FSDIR_Read
                0x0000000000108368       0x54 C:/devkitPro/libctru/lib\libctru.a(fs.o)
                0x0000000000108368                FSDIR_Read
 .text.FSDIR_Close
                0x00000000001083bc       0x3c C:/devkitPro/libctru/lib\libctru.a(fs.o)
                0x00000000001083bc                FSDIR_Close
 .text.rbtree_node_next
                0x00000000001083f8       0x50 C:/devkitPro/libctru/lib\libctru.a(rbtree_iterator.o)
                0x00000000001083f8                rbtree_node_next
 .text.utf16_to_utf8
                0x0000000000108448       0xe8 C:/devkitPro/libctru/lib\libctru.a(utf16_to_utf8.o)
                0x0000000000108448                utf16_to_utf8
 .text.decode_utf16
                0x0000000000108530       0x60 C:/devkitPro/libctru/lib\libctru.a(decode_utf16.o)
                0x0000000000108530                decode_utf16
 .text.decode_utf8
                0x0000000000108590      0x138 C:/devkitPro/libctru/lib\libctru.a(decode_utf8.o)
                0x0000000000108590                decode_utf8
 .text.utf8_to_utf16
                0x00000000001086c8       0xc0 C:/devkitPro/libctru/lib\libctru.a(utf8_to_utf16.o)
                0x00000000001086c8                utf8_to_utf16
 .text.__aeabi_read_tp
                0x0000000000108788        0xc C:/devkitPro/libctru/lib\libctru.a(readtp.o)
                0x0000000000108788                __aeabi_read_tp
 .text.encode_utf16
                0x0000000000108794       0x68 C:/devkitPro/libctru/lib\libctru.a(encode_utf16.o)
                0x0000000000108794                encode_utf16
 .text.encode_utf8
                0x00000000001087fc      0x104 C:/devkitPro/libctru/lib\libctru.a(encode_utf8.o)
                0x00000000001087fc                encode_utf8
 .text.__fixdfdi
                0x0000000000108900       0x38 c:/devkitpro/devkitarm/bin/../lib/gcc/arm-none-eabi/9.1.0/armv6k/fpu\libgcc.a(_fixdfdi.o)
                0x0000000000108900                __fixdfdi
                0x0000000000108900                __aeabi_d2lz
 .text.__fixunsdfdi
                0x0000000000108938       0x40 c:/devkitpro/devkitarm/bin/../lib/gcc/arm-none-eabi/9.1.0/armv6k/fpu\libgcc.a(_fixunsdfdi.o)
                0x0000000000108938                __fixunsdfdi
                0x0000000000108938                __aeabi_d2ulz
 .text.__udivmoddi4
                0x0000000000108978      0x130 c:/devkitpro/devkitarm/bin/../lib/gcc/arm-none-eabi/9.1.0/armv6k/fpu\libgcc.a(_udivmoddi4.o)
                0x0000000000108978                __udivmoddi4
 .text.bsearch  0x0000000000108aa8       0x7c c:/devkitpro/devkitarm/bin/../lib/gcc/arm-none-eabi/9.1.0/../../../../arm-none-eabi/lib/armv6k/fpu\libg.a(lib_a-bsearch.o)
                0x0000000000108aa8                bsearch
 .text.exit     0x0000000000108b24       0x34 c:/devkitpro/devkitarm/bin/../lib/gcc/arm-none-eabi/9.1.0/../../../../arm-none-eabi/lib/armv6k/fpu\libg.a(lib_a-exit.o)
                0x0000000000108b24                exit
 .text.__libc_fini_array
                0x0000000000108b58       0x3c c:/devkitpro/devkitarm/bin/../lib/gcc/arm-none-eabi/9.1.0/../../../../arm-none-eabi/lib/armv6k/fpu\libg.a(lib_a-fini.o)
                0x0000000000108b58                __libc_fini_array
 .text.__libc_init_array
                0x0000000000108b94       0x7c c:/devkitpro/devkitarm/bin/../lib/gcc/arm-none-eabi/9.1.0/../../../../arm-none-eabi/lib/armv6k/fpu\libg.a(lib_a-init.o)
                0x0000000000108b94                __libc_init_array
 .text.memalign
                0x0000000000108c10       0x28 c:/devkitpro/devkitarm/bin/../lib/gcc/arm-none-eabi/9.1.0/../../../../arm-none-eabi/lib/armv6k/fpu\libg.a(lib_a-malign.o)
                0x0000000000108c10                memalign
 .text._memalign_r
                0x0000000000108c38      0x14c c:/devkitpro/devkitarm/bin/../lib/gcc/arm-none-eabi/9.1.0/../../../../arm-none-eabi/lib/armv6k/fpu\libg.a(lib_a-malignr.o)
                0x0000000000108c38                _memalign_r
 .text.malloc   0x0000000000108d84       0x20 c:/devkitpro/devkitarm/bin/../lib/gcc/arm-none-eabi/9.1.0/../../../../arm-none-eabi/lib/armv6k/fpu\libg.a(lib_a-malloc.o)
                0x0000000000108d84                malloc
 .text.free     0x0000000000108da4       0x20 c:/devkitpro/devkitarm/bin/../lib/gcc/arm-none-eabi/9.1.0/../../../../arm-none-eabi/lib/armv6k/fpu\libg.a(lib_a-malloc.o)
                0x0000000000108da4                free
 .text._malloc_r
                0x0000000000108dc4      0x7d0 c:/devkitpro/devkitarm/bin/../lib/gcc/arm-none-eabi/9.1.0/../../../../arm-none-eabi/lib/armv6k/fpu\libg.a(lib_a-mallocr.o)
                0x0000000000108dc4                _malloc_r
 .text.memchr   0x0000000000109594       0xe0 c:/devkitpro/devkitarm/bin/../lib/gcc/arm-none-eabi/9.1.0/../../../../arm-none-eabi/lib/armv6k/fpu\libg.a(lib_a-memchr-stub.o)
                0x0000000000109594                memchr
 .text.memcpy   0x0000000000109674      0x120 c:/devkitpro/devkitarm/bin/../lib/gcc/arm-none-eabi/9.1.0/../../../../arm-none-eabi/lib/armv6k/fpu\libg.a(lib_a-memcpy-stub.o)
                0x0000000000109674                memcpy
 .text.memset   0x0000000000109794      0x118 c:/devkitpro/devkitarm/bin/../lib/gcc/arm-none-eabi/9.1.0/../../../../arm-none-eabi/lib/armv6k/fpu\libg.a(lib_a-memset.o)
                0x0000000000109794                memset
 .text.__malloc_lock
                0x00000000001098ac        0xc c:/devkitpro/devkitarm/bin/../lib/gcc/arm-none-eabi/9.1.0/../../../../arm-none-eabi/lib/armv6k/fpu\libg.a(lib_a-mlock.o)
                0x00000000001098ac                __malloc_lock
 .text.__malloc_unlock
                0x00000000001098b8        0xc c:/devkitpro/devkitarm/bin/../lib/gcc/arm-none-eabi/9.1.0/../../../../arm-none-eabi/lib/armv6k/fpu\libg.a(lib_a-mlock.o)
                0x00000000001098b8                __malloc_unlock
 .text.printf   0x00000000001098c4       0x34 c:/devkitpro/devkitarm/bin/../lib/gcc/arm-none-eabi/9.1.0/../../../../arm-none-eabi/lib/armv6k/fpu\libg.a(lib_a-printf.o)
                0x00000000001098c4                printf
 .text.setvbuf  0x00000000001098f8      0x260 c:/devkitpro/devkitarm/bin/../lib/gcc/arm-none-eabi/9.1.0/../../../../arm-none-eabi/lib/armv6k/fpu\libg.a(lib_a-setvbuf.o)
                0x00000000001098f8                setvbuf
 .text.sscanf   0x0000000000109b58       0x74 c:/devkitpro/devkitarm/bin/../lib/gcc/arm-none-eabi/9.1.0/../../../../arm-none-eabi/lib/armv6k/fpu\libg.a(lib_a-sscanf.o)
                0x0000000000109b58                sscanf
 .text.__sread  0x0000000000109bcc       0x3c c:/devkitpro/devkitarm/bin/../lib/gcc/arm-none-eabi/9.1.0/../../../../arm-none-eabi/lib/armv6k/fpu\libg.a(lib_a-stdio.o)
                0x0000000000109bcc                __sread
 .text.__seofread
                0x0000000000109c08        0x8 c:/devkitpro/devkitarm/bin/../lib/gcc/arm-none-eabi/9.1.0/../../../../arm-none-eabi/lib/armv6k/fpu\libg.a(lib_a-stdio.o)
                0x0000000000109c08                __seofread
 .text.__swrite
                0x0000000000109c10       0x68 c:/devkitpro/devkitarm/bin/../lib/gcc/arm-none-eabi/9.1.0/../../../../arm-none-eabi/lib/armv6k/fpu\libg.a(lib_a-stdio.o)
                0x0000000000109c10                __swrite
 .text.__sseek  0x0000000000109c78       0x58 c:/devkitpro/devkitarm/bin/../lib/gcc/arm-none-eabi/9.1.0/../../../../arm-none-eabi/lib/armv6k/fpu\libg.a(lib_a-stdio.o)
                0x0000000000109c78                __sseek
 .text.__sclose
                0x0000000000109cd0        0x8 c:/devkitpro/devkitarm/bin/../lib/gcc/arm-none-eabi/9.1.0/../../../../arm-none-eabi/lib/armv6k/fpu\libg.a(lib_a-stdio.o)
                0x0000000000109cd0                __sclose
 .text.strlen   0x0000000000109cd8       0x5c c:/devkitpro/devkitarm/bin/../lib/gcc/arm-none-eabi/9.1.0/../../../../arm-none-eabi/lib/armv6k/fpu\libg.a(lib_a-strlen-stub.o)
                0x0000000000109cd8                strlen
 .text.strncat  0x0000000000109d34       0x98 c:/devkitpro/devkitarm/bin/../lib/gcc/arm-none-eabi/9.1.0/../../../../arm-none-eabi/lib/armv6k/fpu\libg.a(lib_a-strncat.o)
                0x0000000000109d34                strncat
 .text.strncpy  0x0000000000109dcc       0xc0 c:/devkitpro/devkitarm/bin/../lib/gcc/arm-none-eabi/9.1.0/../../../../arm-none-eabi/lib/armv6k/fpu\libg.a(lib_a-strncpy.o)
                0x0000000000109dcc                strncpy
 .text.strnlen  0x0000000000109e8c       0x48 c:/devkitpro/devkitarm/bin/../lib/gcc/arm-none-eabi/9.1.0/../../../../arm-none-eabi/lib/armv6k/fpu\libg.a(lib_a-strnlen.o)
                0x0000000000109e8c                strnlen
 .text.get_arg  0x0000000000109ed4       0x48 c:/devkitpro/devkitarm/bin/../lib/gcc/arm-none-eabi/9.1.0/../../../../arm-none-eabi/lib/armv6k/fpu\libg.a(lib_a-svfscanf.o)
 .text.__ssvfscanf_r
                0x0000000000109f1c     0x2b84 c:/devkitpro/devkitarm/bin/../lib/gcc/arm-none-eabi/9.1.0/../../../../arm-none-eabi/lib/armv6k/fpu\libg.a(lib_a-svfscanf.o)
                0x0000000000109f1c                __ssvfscanf_r
 .text.__sprint_r
                0x000000000010caa0       0x34 c:/devkitpro/devkitarm/bin/../lib/gcc/arm-none-eabi/9.1.0/../../../../arm-none-eabi/lib/armv6k/fpu\libg.a(lib_a-vfiprintf.o)
                0x000000000010caa0                __sprint_r
 .text.get_arg  0x000000000010cad4      0x650 c:/devkitpro/devkitarm/bin/../lib/gcc/arm-none-eabi/9.1.0/../../../../arm-none-eabi/lib/armv6k/fpu\libg.a(lib_a-vfprintf.o)
 *fill*         0x000000000010d124        0x4 
 .text._vfprintf_r
                0x000000000010d128     0x38e0 c:/devkitpro/devkitarm/bin/../lib/gcc/arm-none-eabi/9.1.0/../../../../arm-none-eabi/lib/armv6k/fpu\libg.a(lib_a-vfprintf.o)
                0x000000000010d128                _vfprintf_r
 .text.__sbprintf
                0x0000000000110a08       0xd4 c:/devkitpro/devkitarm/bin/../lib/gcc/arm-none-eabi/9.1.0/../../../../arm-none-eabi/lib/armv6k/fpu\libg.a(lib_a-vfprintf.o)
 .text._wcrtomb_r
                0x0000000000110adc       0x54 c:/devkitpro/devkitarm/bin/../lib/gcc/arm-none-eabi/9.1.0/../../../../arm-none-eabi/lib/armv6k/fpu\libg.a(lib_a-wcrtomb.o)
                0x0000000000110adc                _wcrtomb_r
 .text._wcsrtombs_r
                0x0000000000110b30       0x20 c:/devkitpro/devkitarm/bin/../lib/gcc/arm-none-eabi/9.1.0/../../../../arm-none-eabi/lib/armv6k/fpu\libg.a(lib_a-wcsrtombs.o)
                0x0000000000110b30                _wcsrtombs_r
 .text.__swsetup_r
                0x0000000000110b50      0x150 c:/devkitpro/devkitarm/bin/../lib/gcc/arm-none-eabi/9.1.0/../../../../arm-none-eabi/lib/armv6k/fpu\libg.a(lib_a-wsetup.o)
                0x0000000000110b50                __swsetup_r
 .text.__call_exitprocs
                0x0000000000110ca0      0x118 c:/devkitpro/devkitarm/bin/../lib/gcc/arm-none-eabi/9.1.0/../../../../arm-none-eabi/lib/armv6k/fpu\libg.a(lib_a-__call_atexit.o)
                0x0000000000110ca0                __call_exitprocs
 .text.quorem   0x0000000000110db8      0x1a8 c:/devkitpro/devkitarm/bin/../lib/gcc/arm-none-eabi/9.1.0/../../../../arm-none-eabi/lib/armv6k/fpu\libg.a(lib_a-dtoa.o)
 .text._dtoa_r  0x0000000000110f60     0x12ac c:/devkitpro/devkitarm/bin/../lib/gcc/arm-none-eabi/9.1.0/../../../../arm-none-eabi/lib/armv6k/fpu\libg.a(lib_a-dtoa.o)
                0x0000000000110f60                _dtoa_r
 .text.__sflush_r
                0x000000000011220c      0x278 c:/devkitpro/devkitarm/bin/../lib/gcc/arm-none-eabi/9.1.0/../../../../arm-none-eabi/lib/armv6k/fpu\libg.a(lib_a-fflush.o)
                0x000000000011220c                __sflush_r
 .text._fflush_r
                0x0000000000112484       0x94 c:/devkitpro/devkitarm/bin/../lib/gcc/arm-none-eabi/9.1.0/../../../../arm-none-eabi/lib/armv6k/fpu\libg.a(lib_a-fflush.o)
                0x0000000000112484                _fflush_r
 .text.std      0x0000000000112518       0x78 c:/devkitpro/devkitarm/bin/../lib/gcc/arm-none-eabi/9.1.0/../../../../arm-none-eabi/lib/armv6k/fpu\libg.a(lib_a-findfp.o)
 .text._cleanup_r
                0x0000000000112590        0xc c:/devkitpro/devkitarm/bin/../lib/gcc/arm-none-eabi/9.1.0/../../../../arm-none-eabi/lib/armv6k/fpu\libg.a(lib_a-findfp.o)
                0x0000000000112590                _cleanup_r
 .text.__sinit  0x000000000011259c       0x8c c:/devkitpro/devkitarm/bin/../lib/gcc/arm-none-eabi/9.1.0/../../../../arm-none-eabi/lib/armv6k/fpu\libg.a(lib_a-findfp.o)
                0x000000000011259c                __sinit
 .text.__sfp_lock_acquire
                0x0000000000112628        0xc c:/devkitpro/devkitarm/bin/../lib/gcc/arm-none-eabi/9.1.0/../../../../arm-none-eabi/lib/armv6k/fpu\libg.a(lib_a-findfp.o)
                0x0000000000112628                __sfp_lock_acquire
 .text.__sfp_lock_release
                0x0000000000112634        0xc c:/devkitpro/devkitarm/bin/../lib/gcc/arm-none-eabi/9.1.0/../../../../arm-none-eabi/lib/armv6k/fpu\libg.a(lib_a-findfp.o)
                0x0000000000112634                __sfp_lock_release
 .text._malloc_trim_r
                0x0000000000112640       0xf8 c:/devkitpro/devkitarm/bin/../lib/gcc/arm-none-eabi/9.1.0/../../../../arm-none-eabi/lib/armv6k/fpu\libg.a(lib_a-freer.o)
                0x0000000000112640                _malloc_trim_r
 .text._free_r  0x0000000000112738      0x2e8 c:/devkitpro/devkitarm/bin/../lib/gcc/arm-none-eabi/9.1.0/../../../../arm-none-eabi/lib/armv6k/fpu\libg.a(lib_a-freer.o)
                0x0000000000112738                _free_r
 .text.__sfvwrite_r
                0x0000000000112a20      0x4a4 c:/devkitpro/devkitarm/bin/../lib/gcc/arm-none-eabi/9.1.0/../../../../arm-none-eabi/lib/armv6k/fpu\libg.a(lib_a-fvwrite.o)
                0x0000000000112a20                __sfvwrite_r
 .text._fwalk_reent
                0x0000000000112ec4       0x70 c:/devkitpro/devkitarm/bin/../lib/gcc/arm-none-eabi/9.1.0/../../../../arm-none-eabi/lib/armv6k/fpu\libg.a(lib_a-fwalk.o)
                0x0000000000112ec4                _fwalk_reent
 .text.iswspace
                0x0000000000112f34        0x8 c:/devkitpro/devkitarm/bin/../lib/gcc/arm-none-eabi/9.1.0/../../../../arm-none-eabi/lib/armv6k/fpu\libg.a(lib_a-iswspace.o)
                0x0000000000112f34                iswspace
 .text._localeconv_r
                0x0000000000112f3c        0xc c:/devkitpro/devkitarm/bin/../lib/gcc/arm-none-eabi/9.1.0/../../../../arm-none-eabi/lib/armv6k/fpu\libg.a(lib_a-localeconv.o)
                0x0000000000112f3c                _localeconv_r
 .text.__locale_mb_cur_max
                0x0000000000112f48       0x10 c:/devkitpro/devkitarm/bin/../lib/gcc/arm-none-eabi/9.1.0/../../../../arm-none-eabi/lib/armv6k/fpu\libg.a(lib_a-locale.o)
                0x0000000000112f48                __locale_mb_cur_max
 .text.__swhatbuf_r
                0x0000000000112f58       0x94 c:/devkitpro/devkitarm/bin/../lib/gcc/arm-none-eabi/9.1.0/../../../../arm-none-eabi/lib/armv6k/fpu\libg.a(lib_a-makebuf.o)
                0x0000000000112f58                __swhatbuf_r
 .text.__smakebuf_r
                0x0000000000112fec       0xf8 c:/devkitpro/devkitarm/bin/../lib/gcc/arm-none-eabi/9.1.0/../../../../arm-none-eabi/lib/armv6k/fpu\libg.a(lib_a-makebuf.o)
                0x0000000000112fec                __smakebuf_r
 .text._mbrtowc_r
                0x00000000001130e4       0x60 c:/devkitpro/devkitarm/bin/../lib/gcc/arm-none-eabi/9.1.0/../../../../arm-none-eabi/lib/armv6k/fpu\libg.a(lib_a-mbrtowc.o)
                0x00000000001130e4                _mbrtowc_r
 .text.__utf8_mbtowc
                0x0000000000113144      0x2fc c:/devkitpro/devkitarm/bin/../lib/gcc/arm-none-eabi/9.1.0/../../../../arm-none-eabi/lib/armv6k/fpu\libg.a(lib_a-mbtowc_r.o)
                0x0000000000113144                __utf8_mbtowc
 .text.memmove  0x0000000000113440      0x154 c:/devkitpro/devkitarm/bin/../lib/gcc/arm-none-eabi/9.1.0/../../../../arm-none-eabi/lib/armv6k/fpu\libg.a(lib_a-memmove.o)
                0x0000000000113440                memmove
 .text._Balloc  0x0000000000113594       0x88 c:/devkitpro/devkitarm/bin/../lib/gcc/arm-none-eabi/9.1.0/../../../../arm-none-eabi/lib/armv6k/fpu\libg.a(lib_a-mprec.o)
                0x0000000000113594                _Balloc
 .text._Bfree   0x000000000011361c       0x1c c:/devkitpro/devkitarm/bin/../lib/gcc/arm-none-eabi/9.1.0/../../../../arm-none-eabi/lib/armv6k/fpu\libg.a(lib_a-mprec.o)
                0x000000000011361c                _Bfree
 .text.__multadd
                0x0000000000113638       0xd0 c:/devkitpro/devkitarm/bin/../lib/gcc/arm-none-eabi/9.1.0/../../../../arm-none-eabi/lib/armv6k/fpu\libg.a(lib_a-mprec.o)
                0x0000000000113638                __multadd
 .text.__s2b    0x0000000000113708       0xec c:/devkitpro/devkitarm/bin/../lib/gcc/arm-none-eabi/9.1.0/../../../../arm-none-eabi/lib/armv6k/fpu\libg.a(lib_a-mprec.o)
                0x0000000000113708                __s2b
 .text.__hi0bits
                0x00000000001137f4       0x58 c:/devkitpro/devkitarm/bin/../lib/gcc/arm-none-eabi/9.1.0/../../../../arm-none-eabi/lib/armv6k/fpu\libg.a(lib_a-mprec.o)
                0x00000000001137f4                __hi0bits
 .text.__lo0bits
                0x000000000011384c       0x9c c:/devkitpro/devkitarm/bin/../lib/gcc/arm-none-eabi/9.1.0/../../../../arm-none-eabi/lib/armv6k/fpu\libg.a(lib_a-mprec.o)
                0x000000000011384c                __lo0bits
 .text.__i2b    0x00000000001138e8       0x20 c:/devkitpro/devkitarm/bin/../lib/gcc/arm-none-eabi/9.1.0/../../../../arm-none-eabi/lib/armv6k/fpu\libg.a(lib_a-mprec.o)
                0x00000000001138e8                __i2b
 .text.__multiply
                0x0000000000113908      0x1e0 c:/devkitpro/devkitarm/bin/../lib/gcc/arm-none-eabi/9.1.0/../../../../arm-none-eabi/lib/armv6k/fpu\libg.a(lib_a-mprec.o)
                0x0000000000113908                __multiply
 .text.__pow5mult
                0x0000000000113ae8      0x100 c:/devkitpro/devkitarm/bin/../lib/gcc/arm-none-eabi/9.1.0/../../../../arm-none-eabi/lib/armv6k/fpu\libg.a(lib_a-mprec.o)
                0x0000000000113ae8                __pow5mult
 .text.__lshift
                0x0000000000113be8      0x114 c:/devkitpro/devkitarm/bin/../lib/gcc/arm-none-eabi/9.1.0/../../../../arm-none-eabi/lib/armv6k/fpu\libg.a(lib_a-mprec.o)
                0x0000000000113be8                __lshift
 .text.__mcmp   0x0000000000113cfc       0x58 c:/devkitpro/devkitarm/bin/../lib/gcc/arm-none-eabi/9.1.0/../../../../arm-none-eabi/lib/armv6k/fpu\libg.a(lib_a-mprec.o)
                0x0000000000113cfc                __mcmp
 .text.__mdiff  0x0000000000113d54      0x190 c:/devkitpro/devkitarm/bin/../lib/gcc/arm-none-eabi/9.1.0/../../../../arm-none-eabi/lib/armv6k/fpu\libg.a(lib_a-mprec.o)
                0x0000000000113d54                __mdiff
 .text.__ulp    0x0000000000113ee4       0x88 c:/devkitpro/devkitarm/bin/../lib/gcc/arm-none-eabi/9.1.0/../../../../arm-none-eabi/lib/armv6k/fpu\libg.a(lib_a-mprec.o)
                0x0000000000113ee4                __ulp
 .text.__b2d    0x0000000000113f6c       0xd4 c:/devkitpro/devkitarm/bin/../lib/gcc/arm-none-eabi/9.1.0/../../../../arm-none-eabi/lib/armv6k/fpu\libg.a(lib_a-mprec.o)
                0x0000000000113f6c                __b2d
 .text.__d2b    0x0000000000114040      0x104 c:/devkitpro/devkitarm/bin/../lib/gcc/arm-none-eabi/9.1.0/../../../../arm-none-eabi/lib/armv6k/fpu\libg.a(lib_a-mprec.o)
                0x0000000000114040                __d2b
 .text.__ratio  0x0000000000114144       0x84 c:/devkitpro/devkitarm/bin/../lib/gcc/arm-none-eabi/9.1.0/../../../../arm-none-eabi/lib/armv6k/fpu\libg.a(lib_a-mprec.o)
                0x0000000000114144                __ratio
 .text.__copybits
                0x00000000001141c8       0x6c c:/devkitpro/devkitarm/bin/../lib/gcc/arm-none-eabi/9.1.0/../../../../arm-none-eabi/lib/armv6k/fpu\libg.a(lib_a-mprec.o)
                0x00000000001141c8                __copybits
 .text.__any_on
                0x0000000000114234       0x5c c:/devkitpro/devkitarm/bin/../lib/gcc/arm-none-eabi/9.1.0/../../../../arm-none-eabi/lib/armv6k/fpu\libg.a(lib_a-mprec.o)
                0x0000000000114234                __any_on
 .text.realloc  0x0000000000114290       0x28 c:/devkitpro/devkitarm/bin/../lib/gcc/arm-none-eabi/9.1.0/../../../../arm-none-eabi/lib/armv6k/fpu\libg.a(lib_a-realloc.o)
                0x0000000000114290                realloc
 .text._realloc_r
                0x00000000001142b8      0x4bc c:/devkitpro/devkitarm/bin/../lib/gcc/arm-none-eabi/9.1.0/../../../../arm-none-eabi/lib/armv6k/fpu\libg.a(lib_a-reallocr.o)
                0x00000000001142b8                _realloc_r
 .text.__sccl   0x0000000000114774       0xe8 c:/devkitpro/devkitarm/bin/../lib/gcc/arm-none-eabi/9.1.0/../../../../arm-none-eabi/lib/armv6k/fpu\libg.a(lib_a-sccl.o)
                0x0000000000114774                __sccl
 .text.nanf     0x000000000011485c        0xc c:/devkitpro/devkitarm/bin/../lib/gcc/arm-none-eabi/9.1.0/../../../../arm-none-eabi/lib/armv6k/fpu\libg.a(lib_a-sf_nan.o)
                0x000000000011485c                nanf
 .text.frexp    0x0000000000114868       0xa8 c:/devkitpro/devkitarm/bin/../lib/gcc/arm-none-eabi/9.1.0/../../../../arm-none-eabi/lib/armv6k/fpu\libg.a(lib_a-s_frexp.o)
                0x0000000000114868                frexp
 .text.sprintf  0x0000000000114910       0x64 c:/devkitpro/devkitarm/bin/../lib/gcc/arm-none-eabi/9.1.0/../../../../arm-none-eabi/lib/armv6k/fpu\libg.a(lib_a-sprintf.o)
                0x0000000000114910                sprintf
 .text.stpncpy  0x0000000000114974       0xb8 c:/devkitpro/devkitarm/bin/../lib/gcc/arm-none-eabi/9.1.0/../../../../arm-none-eabi/lib/armv6k/fpu\libg.a(lib_a-stpncpy.o)
                0x0000000000114974                stpncpy
 .text.strchr   0x0000000000114a2c      0x144 c:/devkitpro/devkitarm/bin/../lib/gcc/arm-none-eabi/9.1.0/../../../../arm-none-eabi/lib/armv6k/fpu\libg.a(lib_a-strchr.o)
                0x0000000000114a2c                strchr
 .text.strncmp  0x0000000000114b70       0xec c:/devkitpro/devkitarm/bin/../lib/gcc/arm-none-eabi/9.1.0/../../../../arm-none-eabi/lib/armv6k/fpu\libg.a(lib_a-strncmp.o)
                0x0000000000114b70                strncmp
 .text.sulp     0x0000000000114c5c       0x54 c:/devkitpro/devkitarm/bin/../lib/gcc/arm-none-eabi/9.1.0/../../../../arm-none-eabi/lib/armv6k/fpu\libg.a(lib_a-strtod.o)
 .text._strtod_l
                0x0000000000114cb0     0x1414 c:/devkitpro/devkitarm/bin/../lib/gcc/arm-none-eabi/9.1.0/../../../../arm-none-eabi/lib/armv6k/fpu\libg.a(lib_a-strtod.o)
                0x0000000000114cb0                _strtod_l
 .text._strtod_r
                0x00000000001160c4        0xc c:/devkitpro/devkitarm/bin/../lib/gcc/arm-none-eabi/9.1.0/../../../../arm-none-eabi/lib/armv6k/fpu\libg.a(lib_a-strtod.o)
                0x00000000001160c4                _strtod_r
 .text._strtoll_l.isra.0
                0x00000000001160d0      0x23c c:/devkitpro/devkitarm/bin/../lib/gcc/arm-none-eabi/9.1.0/../../../../arm-none-eabi/lib/armv6k/fpu\libg.a(lib_a-strtoll.o)
 .text._strtoll_r
                0x000000000011630c        0x4 c:/devkitpro/devkitarm/bin/../lib/gcc/arm-none-eabi/9.1.0/../../../../arm-none-eabi/lib/armv6k/fpu\libg.a(lib_a-strtoll.o)
                0x000000000011630c                _strtoll_r
 .text._strtol_l.isra.0
                0x0000000000116310      0x1b4 c:/devkitpro/devkitarm/bin/../lib/gcc/arm-none-eabi/9.1.0/../../../../arm-none-eabi/lib/armv6k/fpu\libg.a(lib_a-strtol.o)
 .text._strtol_r
                0x00000000001164c4        0x4 c:/devkitpro/devkitarm/bin/../lib/gcc/arm-none-eabi/9.1.0/../../../../arm-none-eabi/lib/armv6k/fpu\libg.a(lib_a-strtol.o)
                0x00000000001164c4                _strtol_r
 .text._strtoull_l.isra.0
                0x00000000001164c8      0x24c c:/devkitpro/devkitarm/bin/../lib/gcc/arm-none-eabi/9.1.0/../../../../arm-none-eabi/lib/armv6k/fpu\libg.a(lib_a-strtoull.o)
 .text._strtoull_r
                0x0000000000116714        0x4 c:/devkitpro/devkitarm/bin/../lib/gcc/arm-none-eabi/9.1.0/../../../../arm-none-eabi/lib/armv6k/fpu\libg.a(lib_a-strtoull.o)
                0x0000000000116714                _strtoull_r
 .text._strtoul_l.isra.0
                0x0000000000116718      0x1c8 c:/devkitpro/devkitarm/bin/../lib/gcc/arm-none-eabi/9.1.0/../../../../arm-none-eabi/lib/armv6k/fpu\libg.a(lib_a-strtoul.o)
 .text._strtoul_r
                0x00000000001168e0        0x4 c:/devkitpro/devkitarm/bin/../lib/gcc/arm-none-eabi/9.1.0/../../../../arm-none-eabi/lib/armv6k/fpu\libg.a(lib_a-strtoul.o)
                0x00000000001168e0                _strtoul_r
 .text.__ssprint_r
                0x00000000001168e4      0x188 c:/devkitpro/devkitarm/bin/../lib/gcc/arm-none-eabi/9.1.0/../../../../arm-none-eabi/lib/armv6k/fpu\libg.a(lib_a-svfiprintf.o)
                0x00000000001168e4                __ssprint_r
 .text._sungetc_r
                0x0000000000116a6c       0xe0 c:/devkitpro/devkitarm/bin/../lib/gcc/arm-none-eabi/9.1.0/../../../../arm-none-eabi/lib/armv6k/fpu\libg.a(lib_a-svfiscanf.o)
                0x0000000000116a6c                _sungetc_r
 .text.__ssrefill_r
                0x0000000000116b4c       0x6c c:/devkitpro/devkitarm/bin/../lib/gcc/arm-none-eabi/9.1.0/../../../../arm-none-eabi/lib/armv6k/fpu\libg.a(lib_a-svfiscanf.o)
                0x0000000000116b4c                __ssrefill_r
 .text._sfread_r
                0x0000000000116bb8       0xc8 c:/devkitpro/devkitarm/bin/../lib/gcc/arm-none-eabi/9.1.0/../../../../arm-none-eabi/lib/armv6k/fpu\libg.a(lib_a-svfiscanf.o)
                0x0000000000116bb8                _sfread_r
 .text.get_arg  0x0000000000116c80      0x650 c:/devkitpro/devkitarm/bin/../lib/gcc/arm-none-eabi/9.1.0/../../../../arm-none-eabi/lib/armv6k/fpu\libg.a(lib_a-svfprintf.o)
 .text._svfprintf_r
                0x00000000001172d0     0x3814 c:/devkitpro/devkitarm/bin/../lib/gcc/arm-none-eabi/9.1.0/../../../../arm-none-eabi/lib/armv6k/fpu\libg.a(lib_a-svfprintf.o)
                0x00000000001172d0                _svfprintf_r
 .text.__submore
                0x000000000011aae4       0xa8 c:/devkitpro/devkitarm/bin/../lib/gcc/arm-none-eabi/9.1.0/../../../../arm-none-eabi/lib/armv6k/fpu\libg.a(lib_a-ungetc.o)
                0x000000000011aae4                __submore
 .text._wcsnrtombs_l
                0x000000000011ab8c      0x190 c:/devkitpro/devkitarm/bin/../lib/gcc/arm-none-eabi/9.1.0/../../../../arm-none-eabi/lib/armv6k/fpu\libg.a(lib_a-wcsnrtombs.o)
                0x000000000011ab8c                _wcsnrtombs_l
 .text._wcsnrtombs_r
                0x000000000011ad1c       0x48 c:/devkitpro/devkitarm/bin/../lib/gcc/arm-none-eabi/9.1.0/../../../../arm-none-eabi/lib/armv6k/fpu\libg.a(lib_a-wcsnrtombs.o)
                0x000000000011ad1c                _wcsnrtombs_r
 .text.__utf8_wctomb
                0x000000000011ad64       0xf0 c:/devkitpro/devkitarm/bin/../lib/gcc/arm-none-eabi/9.1.0/../../../../arm-none-eabi/lib/armv6k/fpu\libg.a(lib_a-wctomb_r.o)
                0x000000000011ad64                __utf8_wctomb
 .text._calloc_r
                0x000000000011ae54       0x94 c:/devkitpro/devkitarm/bin/../lib/gcc/arm-none-eabi/9.1.0/../../../../arm-none-eabi/lib/armv6k/fpu\libg.a(lib_a-callocr.o)
                0x000000000011ae54                _calloc_r
 .text._fclose_r
                0x000000000011aee8      0x160 c:/devkitpro/devkitarm/bin/../lib/gcc/arm-none-eabi/9.1.0/../../../../arm-none-eabi/lib/armv6k/fpu\libg.a(lib_a-fclose.o)
                0x000000000011aee8                _fclose_r
 .text.rshift   0x000000000011b048       0xec c:/devkitpro/devkitarm/bin/../lib/gcc/arm-none-eabi/9.1.0/../../../../arm-none-eabi/lib/armv6k/fpu\libg.a(lib_a-gdtoa-gethex.o)
 .text.__gethex
                0x000000000011b134      0x828 c:/devkitpro/devkitarm/bin/../lib/gcc/arm-none-eabi/9.1.0/../../../../arm-none-eabi/lib/armv6k/fpu\libg.a(lib_a-gdtoa-gethex.o)
                0x000000000011b134                __gethex
 .text.__match  0x000000000011b95c       0x60 c:/devkitpro/devkitarm/bin/../lib/gcc/arm-none-eabi/9.1.0/../../../../arm-none-eabi/lib/armv6k/fpu\libg.a(lib_a-gdtoa-hexnan.o)
                0x000000000011b95c                __match
 .text.__hexnan
                0x000000000011b9bc      0x28c c:/devkitpro/devkitarm/bin/../lib/gcc/arm-none-eabi/9.1.0/../../../../arm-none-eabi/lib/armv6k/fpu\libg.a(lib_a-gdtoa-hexnan.o)
                0x000000000011b9bc                __hexnan
 .text.iswspace_l
                0x000000000011bc48       0x3c c:/devkitpro/devkitarm/bin/../lib/gcc/arm-none-eabi/9.1.0/../../../../arm-none-eabi/lib/armv6k/fpu\libg.a(lib_a-iswspace_l.o)
                0x000000000011bc48                iswspace_l
 .text.__jp2uc  0x000000000011bc84      0x1e0 c:/devkitpro/devkitarm/bin/../lib/gcc/arm-none-eabi/9.1.0/../../../../arm-none-eabi/lib/armv6k/fpu\libg.a(lib_a-jp2uc.o)
 .text._jp2uc_l
                0x000000000011be64       0x94 c:/devkitpro/devkitarm/bin/../lib/gcc/arm-none-eabi/9.1.0/../../../../arm-none-eabi/lib/armv6k/fpu\libg.a(lib_a-jp2uc.o)
                0x000000000011be64                _jp2uc_l
 .text.nan      0x000000000011bef8       0x10 c:/devkitpro/devkitarm/bin/../lib/gcc/arm-none-eabi/9.1.0/../../../../arm-none-eabi/lib/armv6k/fpu\libg.a(lib_a-s_nan.o)
                0x000000000011bef8                nan
 .text.category
                0x000000000011bf08       0x88 c:/devkitpro/devkitarm/bin/../lib/gcc/arm-none-eabi/9.1.0/../../../../arm-none-eabi/lib/armv6k/fpu\libg.a(lib_a-categories.o)
                0x000000000011bf08                category
 .text.null_write
                0x000000000011bf90        0x8 c:/devkitpro/devkitarm/bin/../lib/gcc/arm-none-eabi/9.1.0/../../../../arm-none-eabi/lib/armv6k/fpu\libsysbase.a(iosupport.o)
 .text.setDefaultDevice
                0x000000000011bf98       0x18 c:/devkitpro/devkitarm/bin/../lib/gcc/arm-none-eabi/9.1.0/../../../../arm-none-eabi/lib/armv6k/fpu\libsysbase.a(iosupport.o)
                0x000000000011bf98                setDefaultDevice
 .text.FindDevice
                0x000000000011bfb0       0xc8 c:/devkitpro/devkitarm/bin/../lib/gcc/arm-none-eabi/9.1.0/../../../../arm-none-eabi/lib/armv6k/fpu\libsysbase.a(iosupport.o)
                0x000000000011bfb0                FindDevice
 .text.RemoveDevice
                0x000000000011c078       0x28 c:/devkitpro/devkitarm/bin/../lib/gcc/arm-none-eabi/9.1.0/../../../../arm-none-eabi/lib/armv6k/fpu\libsysbase.a(iosupport.o)
                0x000000000011c078                RemoveDevice
 .text.AddDevice
                0x000000000011c0a0       0x9c c:/devkitpro/devkitarm/bin/../lib/gcc/arm-none-eabi/9.1.0/../../../../arm-none-eabi/lib/armv6k/fpu\libsysbase.a(iosupport.o)
                0x000000000011c0a0                AddDevice
 .text._fstat_r
                0x000000000011c13c       0x78 c:/devkitpro/devkitarm/bin/../lib/gcc/arm-none-eabi/9.1.0/../../../../arm-none-eabi/lib/armv6k/fpu\libsysbase.a(fstat.o)
                0x000000000011c13c                _fstat_r
 .text._isatty_r
                0x000000000011c1b4        0x8 c:/devkitpro/devkitarm/bin/../lib/gcc/arm-none-eabi/9.1.0/../../../../arm-none-eabi/lib/armv6k/fpu\libsysbase.a(isatty.o)
                0x000000000011c1b4                _isatty_r
 .text._lseek_r
                0x000000000011c1bc       0x84 c:/devkitpro/devkitarm/bin/../lib/gcc/arm-none-eabi/9.1.0/../../../../arm-none-eabi/lib/armv6k/fpu\libsysbase.a(lseek.o)
                0x000000000011c1bc                _lseek_r
 .text._read_r  0x000000000011c240       0x80 c:/devkitpro/devkitarm/bin/../lib/gcc/arm-none-eabi/9.1.0/../../../../arm-none-eabi/lib/armv6k/fpu\libsysbase.a(read.o)
                0x000000000011c240                _read_r
 .text._sbrk_r  0x000000000011c2c0       0x78 c:/devkitpro/devkitarm/bin/../lib/gcc/arm-none-eabi/9.1.0/../../../../arm-none-eabi/lib/armv6k/fpu\libsysbase.a(sbrk.o)
                0x000000000011c2c0                _sbrk_r
 .text._write_r
                0x000000000011c338       0x80 c:/devkitpro/devkitarm/bin/../lib/gcc/arm-none-eabi/9.1.0/../../../../arm-none-eabi/lib/armv6k/fpu\libsysbase.a(write.o)
                0x000000000011c338                _write_r
 .text._exit    0x000000000011c3b8       0x24 c:/devkitpro/devkitarm/bin/../lib/gcc/arm-none-eabi/9.1.0/../../../../arm-none-eabi/lib/armv6k/fpu\libsysbase.a(_exit.o)
                0x000000000011c3b8                _exit
 .text._concatenate_path
                0x000000000011c3dc      0x1bc c:/devkitpro/devkitarm/bin/../lib/gcc/arm-none-eabi/9.1.0/../../../../arm-none-eabi/lib/armv6k/fpu\libsysbase.a(chdir.o)
                0x000000000011c3dc                _concatenate_path
 .text.chdir    0x000000000011c598      0x15c c:/devkitpro/devkitarm/bin/../lib/gcc/arm-none-eabi/9.1.0/../../../../arm-none-eabi/lib/armv6k/fpu\libsysbase.a(chdir.o)
                0x000000000011c598                chdir
 .text.__flockfile
                0x000000000011c6f4        0x8 c:/devkitpro/devkitarm/bin/../lib/gcc/arm-none-eabi/9.1.0/../../../../arm-none-eabi/lib/armv6k/fpu\libsysbase.a(flock.o)
                0x000000000011c6f4                __flockfile
 .text.__funlockfile
                0x000000000011c6fc        0x8 c:/devkitpro/devkitarm/bin/../lib/gcc/arm-none-eabi/9.1.0/../../../../arm-none-eabi/lib/armv6k/fpu\libsysbase.a(flock.o)
                0x000000000011c6fc                __funlockfile
 .text.__libc_lock_acquire
                0x000000000011c704       0x18 c:/devkitpro/devkitarm/bin/../lib/gcc/arm-none-eabi/9.1.0/../../../../arm-none-eabi/lib/armv6k/fpu\libsysbase.a(syscall_support.o)
                0x000000000011c704                __libc_lock_acquire
 .text.__libc_lock_release
                0x000000000011c71c       0x18 c:/devkitpro/devkitarm/bin/../lib/gcc/arm-none-eabi/9.1.0/../../../../arm-none-eabi/lib/armv6k/fpu\libsysbase.a(syscall_support.o)
                0x000000000011c71c                __libc_lock_release
 .text.__libc_lock_init_recursive
                0x000000000011c734       0x18 c:/devkitpro/devkitarm/bin/../lib/gcc/arm-none-eabi/9.1.0/../../../../arm-none-eabi/lib/armv6k/fpu\libsysbase.a(syscall_support.o)
                0x000000000011c734                __libc_lock_init_recursive
 .text.__libc_lock_acquire_recursive
                0x000000000011c74c       0x18 c:/devkitpro/devkitarm/bin/../lib/gcc/arm-none-eabi/9.1.0/../../../../arm-none-eabi/lib/armv6k/fpu\libsysbase.a(syscall_support.o)
                0x000000000011c74c                __libc_lock_acquire_recursive
 .text.__libc_lock_release_recursive
                0x000000000011c764       0x18 c:/devkitpro/devkitarm/bin/../lib/gcc/arm-none-eabi/9.1.0/../../../../arm-none-eabi/lib/armv6k/fpu\libsysbase.a(syscall_support.o)
                0x000000000011c764                __libc_lock_release_recursive
 .text.__libc_lock_close_recursive
                0x000000000011c77c       0x18 c:/devkitpro/devkitarm/bin/../lib/gcc/arm-none-eabi/9.1.0/../../../../arm-none-eabi/lib/armv6k/fpu\libsysbase.a(syscall_support.o)
                0x000000000011c77c                __libc_lock_close_recursive
 .text.__get_handle
                0x000000000011c794       0x3c c:/devkitpro/devkitarm/bin/../lib/gcc/arm-none-eabi/9.1.0/../../../../arm-none-eabi/lib/armv6k/fpu\libsysbase.a(handle_manager.o)
                0x000000000011c794                __get_handle
 .text._close_r
                0x000000000011c7d0       0xf8 c:/devkitpro/devkitarm/bin/../lib/gcc/arm-none-eabi/9.1.0/../../../../arm-none-eabi/lib/armv6k/fpu\libsysbase.a(handle_manager.o)
                0x000000000011c7d0                _close_r
 .text.__getreent
                0x000000000011c8c8       0x28 c:/devkitpro/devkitarm/bin/../lib/gcc/arm-none-eabi/9.1.0/../../../../arm-none-eabi/lib/armv6k/fpu\libsysbase.a(getreent.o)
                0x000000000011c8c8                __getreent
 .text.strrchr  0x000000000011c8f0       0x44 c:/devkitpro/devkitarm/bin/../lib/gcc/arm-none-eabi/9.1.0/../../../../arm-none-eabi/lib/armv6k/fpu\libg.a(lib_a-strrchr.o)
                0x000000000011c8f0                strrchr
 *(.glue_7)
 .glue_7        0x000000000011c934        0x0 linker stubs
 *(.glue_7t)
 .glue_7t       0x000000000011c934        0x0 linker stubs
 *(.stub)
 *(.gnu.warning)
 *(.gnu.linkonce.t*)
                0x000000000011c934                . = ALIGN (0x4)
 *(.fini)
 .fini          0x000000000011c934        0xc c:/devkitpro/devkitarm/bin/../lib/gcc/arm-none-eabi/9.1.0/armv6k/fpu/crti.o
                0x000000000011c934                _fini
 .fini          0x000000000011c940        0xc c:/devkitpro/devkitarm/bin/../lib/gcc/arm-none-eabi/9.1.0/armv6k/fpu/crtn.o
                0x000000000011c94c                . = ALIGN (0x4)

.vfp11_veneer   0x000000000011c94c        0x0
 .vfp11_veneer  0x000000000011c94c        0x0 linker stubs

.v4_bx          0x000000000011c94c        0x0
 .v4_bx         0x000000000011c94c        0x0 linker stubs

.iplt           0x000000000011c94c        0x0
 .iplt          0x000000000011c94c        0x0 c:/devkitpro/devkitarm/bin/../lib/gcc/arm-none-eabi/9.1.0/../../../../arm-none-eabi/lib/armv6k/fpu/3dsx_crt0.o
                0x000000000011d000                . = ALIGN (0x1000)

.rodata         0x000000000011d000     0x76a4
 *(.rodata)
 .rodata        0x000000000011d000      0x804 C:/devkitPro/libctru/lib\libctru.a(default_font.bin.o)
                0x000000000011d000                default_font_bin
                0x000000000011d800                default_font_bin_size
                0x000000000011d800                default_font_bin_end
 .rodata        0x000000000011d804        0xc C:/devkitPro/libctru/lib\libctru.a(sdmc_dev.o)
 *(.roda)
 *(.rodata.*)
 .rodata.str1.4
                0x000000000011d810       0x88 main.o
 .rodata.con_write.str1.4
                0x000000000011d898       0x52 C:/devkitPro/libctru/lib\libctru.a(console.o)
 *fill*         0x000000000011d8ea        0x2 
 .rodata.str1.4
                0x000000000011d8ec       0x10 C:/devkitPro/libctru/lib\libctru.a(console.o)
 .rodata.colorTable
                0x000000000011d8fc       0x30 C:/devkitPro/libctru/lib\libctru.a(console.o)
 .rodata.dotab_stdout
                0x000000000011d92c       0x70 C:/devkitPro/libctru/lib\libctru.a(console.o)
 .rodata.CSWTCH.62
                0x000000000011d99c       0x14 C:/devkitPro/libctru/lib\libctru.a(gfx.o)
 .rodata.framebufferInfoSt
                0x000000000011d9b0        0x8 C:/devkitPro/libctru/lib\libctru.a(gfx.o)
 .rodata.gspInit.str1.4
                0x000000000011d9b8        0x9 C:/devkitPro/libctru/lib\libctru.a(gspgpu.o)
 *fill*         0x000000000011d9c1        0x3 
 .rodata.aptSendCommand.str1.4
                0x000000000011d9c4       0x16 C:/devkitPro/libctru/lib\libctru.a(apt.o)
 *fill*         0x000000000011d9da        0x2 
 .rodata.hidInit.str1.4
                0x000000000011d9dc       0x15 C:/devkitPro/libctru/lib\libctru.a(hid.o)
 *fill*         0x000000000011d9f1        0x3 
 .rodata.srvInit.str1.4
                0x000000000011d9f4        0x5 C:/devkitPro/libctru/lib\libctru.a(srv.o)
 *fill*         0x000000000011d9f9        0x3 
 .rodata.irrstInit.str1.4
                0x000000000011d9fc        0x7 C:/devkitPro/libctru/lib\libctru.a(irrst.o)
 *fill*         0x000000000011da03        0x1 
 .rodata.ptmSysmInit.str1.4
                0x000000000011da04        0x9 C:/devkitPro/libctru/lib\libctru.a(ptmsysm.o)
 *fill*         0x000000000011da0d        0x3 
 .rodata.str1.4
                0x000000000011da10        0x5 C:/devkitPro/libctru/lib\libctru.a(sdmc_dev.o)
                                          0x9 (size before relaxing)
 *fill*         0x000000000011da15        0x3 
 .rodata.sdmcExit.str1.4
                0x000000000011da18        0x6 C:/devkitPro/libctru/lib\libctru.a(sdmc_dev.o)
 *fill*         0x000000000011da1e        0x2 
 .rodata.error_table
                0x000000000011da20       0x30 C:/devkitPro/libctru/lib\libctru.a(sdmc_dev.o)
 .rodata.fsInit.str1.4
                0x000000000011da50        0x8 C:/devkitPro/libctru/lib\libctru.a(fs.o)
 .rodata._global_impure_ptr
                0x000000000011da58        0x4 c:/devkitpro/devkitarm/bin/../lib/gcc/arm-none-eabi/9.1.0/../../../../arm-none-eabi/lib/armv6k/fpu\libg.a(lib_a-impure.o)
                0x000000000011da58                _global_impure_ptr
 .rodata.__ssvfscanf_r.str1.1
                0x000000000011da5c        0x5 c:/devkitpro/devkitarm/bin/../lib/gcc/arm-none-eabi/9.1.0/../../../../arm-none-eabi/lib/armv6k/fpu\libg.a(lib_a-svfscanf.o)
                                          0x6 (size before relaxing)
 *fill*         0x000000000011da61        0x3 
 .rodata.basefix.8820
                0x000000000011da64       0x22 c:/devkitpro/devkitarm/bin/../lib/gcc/arm-none-eabi/9.1.0/../../../../arm-none-eabi/lib/armv6k/fpu\libg.a(lib_a-svfscanf.o)
 .rodata._vfprintf_r.str1.1
                0x000000000011da86       0x3b c:/devkitpro/devkitarm/bin/../lib/gcc/arm-none-eabi/9.1.0/../../../../arm-none-eabi/lib/armv6k/fpu\libg.a(lib_a-vfprintf.o)
 *fill*         0x000000000011dac1        0x3 
 .rodata.blanks.8791
                0x000000000011dac4       0x10 c:/devkitpro/devkitarm/bin/../lib/gcc/arm-none-eabi/9.1.0/../../../../arm-none-eabi/lib/armv6k/fpu\libg.a(lib_a-vfprintf.o)
 .rodata.zeroes.8792
                0x000000000011dad4       0x10 c:/devkitpro/devkitarm/bin/../lib/gcc/arm-none-eabi/9.1.0/../../../../arm-none-eabi/lib/armv6k/fpu\libg.a(lib_a-vfprintf.o)
 .rodata._ctype_
                0x000000000011dae4      0x101 c:/devkitpro/devkitarm/bin/../lib/gcc/arm-none-eabi/9.1.0/../../../../arm-none-eabi/lib/armv6k/fpu\libg.a(lib_a-ctype_.o)
                0x000000000011dae4                _ctype_
 *fill*         0x000000000011dbe5        0x3 
 .rodata._dtoa_r.str1.4
                0x000000000011dbe8       0x12 c:/devkitpro/devkitarm/bin/../lib/gcc/arm-none-eabi/9.1.0/../../../../arm-none-eabi/lib/armv6k/fpu\libg.a(lib_a-dtoa.o)
 *fill*         0x000000000011dbfa        0x2 
 .rodata.str1.4
                0x000000000011dbfc       0x48 c:/devkitpro/devkitarm/bin/../lib/gcc/arm-none-eabi/9.1.0/../../../../arm-none-eabi/lib/armv6k/fpu\libg.a(lib_a-locale.o)
                                         0x4c (size before relaxing)
 .rodata._mbrtowc_r.str1.4
                0x000000000011dc44        0x1 c:/devkitpro/devkitarm/bin/../lib/gcc/arm-none-eabi/9.1.0/../../../../arm-none-eabi/lib/armv6k/fpu\libg.a(lib_a-mbrtowc.o)
 *fill*         0x000000000011dc44        0x4 
 .rodata.__mprec_bigtens
                0x000000000011dc48       0x28 c:/devkitpro/devkitarm/bin/../lib/gcc/arm-none-eabi/9.1.0/../../../../arm-none-eabi/lib/armv6k/fpu\libg.a(lib_a-mprec.o)
                0x000000000011dc48                __mprec_bigtens
 .rodata.__mprec_tens
                0x000000000011dc70       0xc8 c:/devkitpro/devkitarm/bin/../lib/gcc/arm-none-eabi/9.1.0/../../../../arm-none-eabi/lib/armv6k/fpu\libg.a(lib_a-mprec.o)
                0x000000000011dc70                __mprec_tens
 .rodata.p05.7510
                0x000000000011dd38        0xc c:/devkitpro/devkitarm/bin/../lib/gcc/arm-none-eabi/9.1.0/../../../../arm-none-eabi/lib/armv6k/fpu\libg.a(lib_a-mprec.o)
 .rodata._strtod_l.str1.4
                0x000000000011dd44        0xf c:/devkitpro/devkitarm/bin/../lib/gcc/arm-none-eabi/9.1.0/../../../../arm-none-eabi/lib/armv6k/fpu\libg.a(lib_a-strtod.o)
                                         0x11 (size before relaxing)
 *fill*         0x000000000011dd53        0x1 
 .rodata.fpi.7590
                0x000000000011dd54       0x14 c:/devkitpro/devkitarm/bin/../lib/gcc/arm-none-eabi/9.1.0/../../../../arm-none-eabi/lib/armv6k/fpu\libg.a(lib_a-strtod.o)
 .rodata.fpinan.7626
                0x000000000011dd68       0x14 c:/devkitpro/devkitarm/bin/../lib/gcc/arm-none-eabi/9.1.0/../../../../arm-none-eabi/lib/armv6k/fpu\libg.a(lib_a-strtod.o)
 *fill*         0x000000000011dd7c        0x4 
 .rodata.tinytens
                0x000000000011dd80       0x28 c:/devkitpro/devkitarm/bin/../lib/gcc/arm-none-eabi/9.1.0/../../../../arm-none-eabi/lib/armv6k/fpu\libg.a(lib_a-strtod.o)
 .rodata.__action_table
                0x000000000011dda8       0x6c c:/devkitpro/devkitarm/bin/../lib/gcc/arm-none-eabi/9.1.0/../../../../arm-none-eabi/lib/armv6k/fpu\libg.a(lib_a-svfiprintf.o)
                0x000000000011dda8                __action_table
 .rodata.__chclass
                0x000000000011de14      0x100 c:/devkitpro/devkitarm/bin/../lib/gcc/arm-none-eabi/9.1.0/../../../../arm-none-eabi/lib/armv6k/fpu\libg.a(lib_a-svfiprintf.o)
                0x000000000011de14                __chclass
 .rodata.__state_table
                0x000000000011df14       0x6c c:/devkitpro/devkitarm/bin/../lib/gcc/arm-none-eabi/9.1.0/../../../../arm-none-eabi/lib/armv6k/fpu\libg.a(lib_a-svfiprintf.o)
                0x000000000011df14                __state_table
 .rodata._svfprintf_r.str1.1
                0x000000000011df80       0x3b c:/devkitpro/devkitarm/bin/../lib/gcc/arm-none-eabi/9.1.0/../../../../arm-none-eabi/lib/armv6k/fpu\libg.a(lib_a-svfprintf.o)
 .rodata.blanks.8776
                0x000000000011df80       0x10 c:/devkitpro/devkitarm/bin/../lib/gcc/arm-none-eabi/9.1.0/../../../../arm-none-eabi/lib/armv6k/fpu\libg.a(lib_a-svfprintf.o)
 .rodata.zeroes.8777
                0x000000000011df90       0x10 c:/devkitpro/devkitarm/bin/../lib/gcc/arm-none-eabi/9.1.0/../../../../arm-none-eabi/lib/armv6k/fpu\libg.a(lib_a-svfprintf.o)
 .rodata.__hexdig
                0x000000000011dfa0      0x100 c:/devkitpro/devkitarm/bin/../lib/gcc/arm-none-eabi/9.1.0/../../../../arm-none-eabi/lib/armv6k/fpu\libg.a(lib_a-gdtoa-gethex.o)
                0x000000000011dfa0                __hexdig
 .rodata._jp2uc_l.str1.4
                0x000000000011e0a0       0x12 c:/devkitpro/devkitarm/bin/../lib/gcc/arm-none-eabi/9.1.0/../../../../arm-none-eabi/lib/armv6k/fpu\libg.a(lib_a-jp2uc.o)
 *fill*         0x000000000011e0b2        0x2 
 .rodata.a1     0x000000000011e0b4       0xbc c:/devkitpro/devkitarm/bin/../lib/gcc/arm-none-eabi/9.1.0/../../../../arm-none-eabi/lib/armv6k/fpu\libg.a(lib_a-jp2uc.o)
 .rodata.a2     0x000000000011e170       0xbc c:/devkitpro/devkitarm/bin/../lib/gcc/arm-none-eabi/9.1.0/../../../../arm-none-eabi/lib/armv6k/fpu\libg.a(lib_a-jp2uc.o)
 .rodata.a3     0x000000000011e22c       0x5b c:/devkitpro/devkitarm/bin/../lib/gcc/arm-none-eabi/9.1.0/../../../../arm-none-eabi/lib/armv6k/fpu\libg.a(lib_a-jp2uc.o)
 *fill*         0x000000000011e287        0x1 
 .rodata.a6     0x000000000011e288       0x70 c:/devkitpro/devkitarm/bin/../lib/gcc/arm-none-eabi/9.1.0/../../../../arm-none-eabi/lib/armv6k/fpu\libg.a(lib_a-jp2uc.o)
 .rodata.a7     0x000000000011e2f8       0xa2 c:/devkitpro/devkitarm/bin/../lib/gcc/arm-none-eabi/9.1.0/../../../../arm-none-eabi/lib/armv6k/fpu\libg.a(lib_a-jp2uc.o)
 *fill*         0x000000000011e39a        0x2 
 .rodata.a8     0x000000000011e39c       0x40 c:/devkitpro/devkitarm/bin/../lib/gcc/arm-none-eabi/9.1.0/../../../../arm-none-eabi/lib/armv6k/fpu\libg.a(lib_a-jp2uc.o)
 .rodata.b02cf  0x000000000011e3dc     0x172a c:/devkitpro/devkitarm/bin/../lib/gcc/arm-none-eabi/9.1.0/../../../../arm-none-eabi/lib/armv6k/fpu\libg.a(lib_a-jp2uc.o)
 *fill*         0x000000000011fb06        0x2 
 .rodata.d02f4  0x000000000011fb08     0x1a7c c:/devkitpro/devkitarm/bin/../lib/gcc/arm-none-eabi/9.1.0/../../../../arm-none-eabi/lib/armv6k/fpu\libg.a(lib_a-jp2uc.o)
 .rodata.str1.4
                0x0000000000121584        0x5 c:/devkitpro/devkitarm/bin/../lib/gcc/arm-none-eabi/9.1.0/../../../../arm-none-eabi/lib/armv6k/fpu\libg.a(lib_a-lnumeric.o)
 .rodata._C_numeric_locale
                0x0000000000121584        0xc c:/devkitpro/devkitarm/bin/../lib/gcc/arm-none-eabi/9.1.0/../../../../arm-none-eabi/lib/armv6k/fpu\libg.a(lib_a-lnumeric.o)
                0x0000000000121584                _C_numeric_locale
 .rodata.categories
                0x0000000000121590     0x309c c:/devkitpro/devkitarm/bin/../lib/gcc/arm-none-eabi/9.1.0/../../../../arm-none-eabi/lib/armv6k/fpu\libg.a(lib_a-categories.o)
 .rodata.AddDevice.str1.4
                0x000000000012462c        0x8 c:/devkitpro/devkitarm/bin/../lib/gcc/arm-none-eabi/9.1.0/../../../../arm-none-eabi/lib/armv6k/fpu\libsysbase.a(iosupport.o)
 .rodata.dotab_stdnull
                0x0000000000124634       0x70 c:/devkitpro/devkitarm/bin/../lib/gcc/arm-none-eabi/9.1.0/../../../../arm-none-eabi/lib/armv6k/fpu\libsysbase.a(iosupport.o)
                0x0000000000124634                dotab_stdnull
 *all.rodata*(*)
 *(.gnu.linkonce.r*)
                0x00000000001246a4                . = ALIGN (0x4)

.eh_frame       0x00000000001246a4        0x0
 .eh_frame      0x00000000001246a4        0x0 c:/devkitpro/devkitarm/bin/../lib/gcc/arm-none-eabi/9.1.0/armv6k/fpu/crtbegin.o

.rel.dyn        0x00000000001246a4        0x0
 .rel.iplt      0x00000000001246a4        0x0 c:/devkitpro/devkitarm/bin/../lib/gcc/arm-none-eabi/9.1.0/../../../../arm-none-eabi/lib/armv6k/fpu/3dsx_crt0.o

.ARM.extab
 *(.ARM.extab* .gnu.linkonce.armextab.*)
                0x00000000001246a4                __exidx_start = .

ARM.exidx
 *(.ARM.exidx* .gnu.linkonce.armexidx.*)
                0x00000000001246a4                __exidx_end = .
                0x0000000000125000                . = ALIGN (0x1000)

.data           0x0000000000125000     0x23b8
 *(.data)
 .data          0x0000000000125000        0x4 C:/devkitPro/libctru/lib\libctru.a(stack_adjust.o)
                0x0000000000125000                __stacksize__
 *(.data.*)
 .data.currentConsole
                0x0000000000125004        0x4 C:/devkitPro/libctru/lib\libctru.a(console.o)
                0x0000000000125004                currentConsole
 .data.defaultConsole
                0x0000000000125008       0x4c C:/devkitPro/libctru/lib\libctru.a(console.o)
                0x0000000000125008                defaultConsole
 .data.firstConsoleInit.8429
                0x0000000000125054        0x1 C:/devkitPro/libctru/lib\libctru.a(console.o)
 .data.botFormat
                0x0000000000125055        0x1 C:/devkitPro/libctru/lib\libctru.a(gfx.o)
 *fill*         0x0000000000125056        0x2 
 .data.doubleBuf
                0x0000000000125058        0x8 C:/devkitPro/libctru/lib\libctru.a(gfx.o)
 .data.topFormat
                0x0000000000125060        0x1 C:/devkitPro/libctru/lib\libctru.a(gfx.o)
 *fill*         0x0000000000125061        0x3 
 .data.gspLastEvent
                0x0000000000125064        0x4 C:/devkitPro/libctru/lib\libctru.a(gspgpu.o)
 .data.aptFlags
                0x0000000000125068        0x4 C:/devkitPro/libctru/lib\libctru.a(apt.o)
 .data.aptHomeAllowed
                0x000000000012506c        0x1 C:/devkitPro/libctru/lib\libctru.a(apt.o)
 *fill*         0x000000000012506d        0x3 
 .data.__ctru_linear_heap_size
                0x0000000000125070        0x4 C:/devkitPro/libctru/lib\libctru.a(allocateHeaps.o)
                0x0000000000125070                __ctru_linear_heap_size
 .data.__cwd    0x0000000000125074      0x401 C:/devkitPro/libctru/lib\libctru.a(sdmc_dev.o)
 *fill*         0x0000000000125475        0x3 
 .data.sdmc_devoptab
                0x0000000000125478       0x70 C:/devkitPro/libctru/lib\libctru.a(sdmc_dev.o)
 .data._impure_ptr
                0x00000000001254e8        0x4 c:/devkitpro/devkitarm/bin/../lib/gcc/arm-none-eabi/9.1.0/../../../../arm-none-eabi/lib/armv6k/fpu\libg.a(lib_a-impure.o)
                0x00000000001254e8                _impure_ptr
 *fill*         0x00000000001254ec        0x4 
 .data.impure_data
                0x00000000001254f0      0x460 c:/devkitpro/devkitarm/bin/../lib/gcc/arm-none-eabi/9.1.0/../../../../arm-none-eabi/lib/armv6k/fpu\libg.a(lib_a-impure.o)
 .data.__malloc_av_
                0x0000000000125950      0x408 c:/devkitpro/devkitarm/bin/../lib/gcc/arm-none-eabi/9.1.0/../../../../arm-none-eabi/lib/armv6k/fpu\libg.a(lib_a-mallocr.o)
                0x0000000000125950                __malloc_av_
 .data.__malloc_sbrk_base
                0x0000000000125d58        0x4 c:/devkitpro/devkitarm/bin/../lib/gcc/arm-none-eabi/9.1.0/../../../../arm-none-eabi/lib/armv6k/fpu\libg.a(lib_a-mallocr.o)
                0x0000000000125d58                __malloc_sbrk_base
 .data.__malloc_trim_threshold
                0x0000000000125d5c        0x4 c:/devkitpro/devkitarm/bin/../lib/gcc/arm-none-eabi/9.1.0/../../../../arm-none-eabi/lib/armv6k/fpu\libg.a(lib_a-mallocr.o)
                0x0000000000125d5c                __malloc_trim_threshold
 .data.__malloc_recursive_mutex
                0x0000000000125d60        0xc c:/devkitpro/devkitarm/bin/../lib/gcc/arm-none-eabi/9.1.0/../../../../arm-none-eabi/lib/armv6k/fpu\libg.a(lib_a-mlock.o)
 .data.__atexit_recursive_mutex
                0x0000000000125d6c        0xc c:/devkitpro/devkitarm/bin/../lib/gcc/arm-none-eabi/9.1.0/../../../../arm-none-eabi/lib/armv6k/fpu\libg.a(lib_a-__call_atexit.o)
                0x0000000000125d6c                __atexit_recursive_mutex
 .data.__sfp_recursive_mutex
                0x0000000000125d78        0xc c:/devkitpro/devkitarm/bin/../lib/gcc/arm-none-eabi/9.1.0/../../../../arm-none-eabi/lib/armv6k/fpu\libg.a(lib_a-findfp.o)
 .data.__sinit_recursive_mutex
                0x0000000000125d84        0xc c:/devkitpro/devkitarm/bin/../lib/gcc/arm-none-eabi/9.1.0/../../../../arm-none-eabi/lib/armv6k/fpu\libg.a(lib_a-findfp.o)
 .data.__global_locale
                0x0000000000125d90      0x16c c:/devkitpro/devkitarm/bin/../lib/gcc/arm-none-eabi/9.1.0/../../../../arm-none-eabi/lib/armv6k/fpu\libg.a(lib_a-locale.o)
                0x0000000000125d90                __global_locale
 .data.numempty
                0x0000000000125efc        0x2 c:/devkitpro/devkitarm/bin/../lib/gcc/arm-none-eabi/9.1.0/../../../../arm-none-eabi/lib/armv6k/fpu\libg.a(lib_a-lnumeric.o)
 *fill*         0x0000000000125efe        0x2 
 .data.defaultDevice